#
# There is insufficient memory for the Java Runtime Environment to continue.
# Native memory allocation (malloc) failed to allocate 1048576 bytes. Error detail: AllocateHeap
# Possible reasons:
#   The system is out of physical RAM or swap space
#   This process is running with CompressedOops enabled, and the Java Heap may be blocking the growth of the native heap
# Possible solutions:
#   Reduce memory load on the system
#   Increase physical memory or swap space
#   Check if swap backing store is full
#   Decrease Java heap size (-Xmx/-Xms)
#   Decrease number of Java threads
#   Decrease Java thread stack sizes (-Xss)
#   Set larger code cache with -XX:ReservedCodeCacheSize=
#   JVM is running with Unscaled Compressed Oops mode in which the Java heap is
#     placed in the first 4GB address space. The Java Heap base address is the
#     maximum limit for the native heap growth. Please use -XX:HeapBaseMinAddress
#     to set the Java Heap base and to place the Java Heap above 4GB virtual address.
# This output file may be truncated or incomplete.
#
#  Out of Memory Error (allocation.cpp:44), pid=4176, tid=12620
#
# JRE version: OpenJDK Runtime Environment Temurin-21.0.11+10 (21.0.11+10) (build 21.0.11+10-LTS)
# Java VM: OpenJDK 64-Bit Server VM Temurin-21.0.11+10 (21.0.11+10-LTS, mixed mode, sharing, tiered, compressed oops, compressed class ptrs, parallel gc, windows-amd64)
# No core dump will be written. Minidumps are not enabled by default on client versions of Windows
#

---------------  S U M M A R Y ------------

Command Line: --add-modules=ALL-SYSTEM --add-opens=java.base/java.util=ALL-UNNAMED --add-opens=java.base/java.lang=ALL-UNNAMED --add-opens=java.base/sun.nio.fs=ALL-UNNAMED -Declipse.application=org.eclipse.jdt.ls.core.id1 -Dosgi.bundles.defaultStartLevel=4 -Declipse.product=org.eclipse.jdt.ls.core.product -Djava.import.generatesMetadataFilesAtProjectRoot=false -DDetectVMInstallationsJob.disabled=true -Dfile.encoding=utf8 -XX:+UseParallelGC -XX:GCTimeRatio=4 -XX:AdaptiveSizePolicyWeight=90 -Dsun.zip.disableMemoryMapping=true -Xmx2G -Xms100m -Xlog:disable -javaagent:c:\Users\hp\.antigravity-ide\extensions\redhat.java-1.55.0-win32-x64\lombok\lombok-1.18.39-4050.jar -XX:+HeapDumpOnOutOfMemoryError -XX:HeapDumpPath=c:\Users\hp\AppData\Roaming\Antigravity IDE\User\workspaceStorage\ad489217714ec6666d52a138a1669afa\redhat.java -Daether.dependencyCollector.impl=bf c:\Users\hp\.antigravity-ide\extensions\redhat.java-1.55.0-win32-x64\server\plugins\org.eclipse.equinox.launcher_1.7.200.v20260619-2039.jar -configuration c:\Users\hp\AppData\Roaming\Antigravity IDE\User\globalStorage\redhat.java\1.55.0\config_win -data c:\Users\hp\AppData\Roaming\Antigravity IDE\User\workspaceStorage\ad489217714ec6666d52a138a1669afa\redhat.java\jdt_ws --pipe=\\.\pipe\lsp-c41dd249124d687b768d475bbd3c7ba8-sock

Host: Intel(R) Core(TM) i5-5300U CPU @ 2.30GHz, 4 cores, 3G,  Windows 11 , 64 bit Build 22000 (10.0.22000.2538)
Time: Thu Aug  6 12:45:26 2026 E. Africa Standard Time elapsed time: 12116.497625 seconds (0d 3h 21m 56s)

---------------  T H R E A D  ---------------

Current thread (0x0000023e9626f960):  JavaThread "Attach Listener" daemon [_thread_in_vm, id=12620, stack(0x0000007cbbd00000,0x0000007cbbe00000) (1024K)]

Stack: [0x0000007cbbd00000,0x0000007cbbe00000]
Native frames: (J=compiled Java code, j=interpreted, Vv=VM code, C=native code)
V  [jvm.dll+0x6d7e19]
V  [jvm.dll+0x8b5096]
V  [jvm.dll+0x8b764e]
V  [jvm.dll+0x8b7d33]
V  [jvm.dll+0x284596]
V  [jvm.dll+0xc13c7]
V  [jvm.dll+0x6d86c9]
V  [jvm.dll+0x133616]
V  [jvm.dll+0x3f868e]
V  [jvm.dll+0x85fb0d]
V  [jvm.dll+0x6d664d]
C  [ucrtbase.dll+0x26c0c]
C  [KERNEL32.DLL+0x153e0]
C  [ntdll.dll+0x485b]


---------------  P R O C E S S  ---------------

Threads class SMR info:
_java_thread_list=0x0000023ede6955a0, length=30, elements={
0x0000023efb843760, 0x0000023e9626a510, 0x0000023e9626bb80, 0x0000023e9626ec40,
0x0000023e9626f960, 0x0000023e96272540, 0x0000023e96272fa0, 0x0000023e96273de0,
0x0000023e962e6550, 0x0000023edc1d79c0, 0x0000023edc25ebf0, 0x0000023edc5ddd20,
0x0000023e9632a880, 0x0000023edc37c240, 0x0000023edc7b9310, 0x0000023edc8bfc50,
0x0000023edc92b880, 0x0000023edd330860, 0x0000023edc484000, 0x0000023edc481f30,
0x0000023edcd874e0, 0x0000023edcd895b0, 0x0000023edcd87b70, 0x0000023edcd84d80,
0x0000023edcd84060, 0x0000023edcd89c40, 0x0000023edcd88200, 0x0000023edcd88890,
0x0000023edc44c200, 0x0000023edf8ef7b0
}

Java Threads: ( => current thread )
  0x0000023efb843760 JavaThread "main"                              [_thread_blocked, id=14512, stack(0x0000007cbb500000,0x0000007cbb600000) (1024K)]
  0x0000023e9626a510 JavaThread "Reference Handler"          daemon [_thread_blocked, id=2072, stack(0x0000007cbba00000,0x0000007cbbb00000) (1024K)]
  0x0000023e9626bb80 JavaThread "Finalizer"                  daemon [_thread_blocked, id=1956, stack(0x0000007cbbb00000,0x0000007cbbc00000) (1024K)]
  0x0000023e9626ec40 JavaThread "Signal Dispatcher"          daemon [_thread_blocked, id=3776, stack(0x0000007cbbc00000,0x0000007cbbd00000) (1024K)]
=>0x0000023e9626f960 JavaThread "Attach Listener"            daemon [_thread_in_vm, id=12620, stack(0x0000007cbbd00000,0x0000007cbbe00000) (1024K)]
  0x0000023e96272540 JavaThread "Service Thread"             daemon [_thread_blocked, id=3784, stack(0x0000007cbbe00000,0x0000007cbbf00000) (1024K)]
  0x0000023e96272fa0 JavaThread "Monitor Deflation Thread"   daemon [_thread_blocked, id=2316, stack(0x0000007cbbf00000,0x0000007cbc000000) (1024K)]
  0x0000023e96273de0 JavaThread "C2 CompilerThread0"         daemon [_thread_blocked, id=10576, stack(0x0000007cbc000000,0x0000007cbc100000) (1024K)]
  0x0000023e962e6550 JavaThread "C1 CompilerThread0"         daemon [_thread_blocked, id=2204, stack(0x0000007cbc200000,0x0000007cbc300000) (1024K)]
  0x0000023edc1d79c0 JavaThread "Common-Cleaner"             daemon [_thread_blocked, id=6540, stack(0x0000007cbc300000,0x0000007cbc400000) (1024K)]
  0x0000023edc25ebf0 JavaThread "Notification Thread"        daemon [_thread_blocked, id=948, stack(0x0000007cbc400000,0x0000007cbc500000) (1024K)]
  0x0000023edc5ddd20 JavaThread "Active Thread: Equinox Container: cff2b5cb-4fa6-4da9-98ff-869dc968aa75"        [_thread_blocked, id=8888, stack(0x0000007cbc800000,0x0000007cbc900000) (1024K)]
  0x0000023e9632a880 JavaThread "Refresh Thread: Equinox Container: cff2b5cb-4fa6-4da9-98ff-869dc968aa75" daemon [_thread_blocked, id=2364, stack(0x0000007cbc900000,0x0000007cbca00000) (1024K)]
  0x0000023edc37c240 JavaThread "Framework Event Dispatcher: Equinox Container: cff2b5cb-4fa6-4da9-98ff-869dc968aa75" daemon [_thread_blocked, id=7008, stack(0x0000007cbca00000,0x0000007cbcb00000) (1024K)]
  0x0000023edc7b9310 JavaThread "Start Level: Equinox Container: cff2b5cb-4fa6-4da9-98ff-869dc968aa75" daemon [_thread_blocked, id=2436, stack(0x0000007cbcb00000,0x0000007cbcc00000) (1024K)]
  0x0000023edc8bfc50 JavaThread "Bundle File Closer"         daemon [_thread_blocked, id=10584, stack(0x0000007cbcc00000,0x0000007cbcd00000) (1024K)]
  0x0000023edc92b880 JavaThread "SCR Component Actor"        daemon [_thread_blocked, id=5868, stack(0x0000007cbb400000,0x0000007cbb500000) (1024K)]
  0x0000023edd330860 JavaThread "Worker-JM"                         [_thread_blocked, id=8576, stack(0x0000007cbb600000,0x0000007cbb700000) (1024K)]
  0x0000023edc484000 JavaThread "JNA Cleaner"                daemon [_thread_blocked, id=12980, stack(0x0000007cbce00000,0x0000007cbcf00000) (1024K)]
  0x0000023edc481f30 JavaThread "Java indexing"              daemon [_thread_blocked, id=12928, stack(0x0000007cbd300000,0x0000007cbd400000) (1024K)]
  0x0000023edcd874e0 JavaThread "Thread-1"                   daemon [_thread_in_native, id=12852, stack(0x0000007cbd800000,0x0000007cbd900000) (1024K)]
  0x0000023edcd895b0 JavaThread "Thread-2"                   daemon [_thread_in_native, id=12804, stack(0x0000007cbd900000,0x0000007cbda00000) (1024K)]
  0x0000023edcd87b70 JavaThread "Thread-3"                   daemon [_thread_in_native, id=1212, stack(0x0000007cbda00000,0x0000007cbdb00000) (1024K)]
  0x0000023edcd84d80 JavaThread "Thread-4"                   daemon [_thread_in_native, id=14800, stack(0x0000007cbdb00000,0x0000007cbdc00000) (1024K)]
  0x0000023edcd84060 JavaThread "Thread-5"                   daemon [_thread_in_native, id=11240, stack(0x0000007cbdc00000,0x0000007cbdd00000) (1024K)]
  0x0000023edcd89c40 JavaThread "pool-2-thread-1"                   [_thread_blocked, id=14680, stack(0x0000007cbdd00000,0x0000007cbde00000) (1024K)]
  0x0000023edcd88200 JavaThread "WorkspaceEventsHandler"            [_thread_blocked, id=5472, stack(0x0000007cbde00000,0x0000007cbdf00000) (1024K)]
  0x0000023edcd88890 JavaThread "pool-1-thread-1"                   [_thread_blocked, id=9492, stack(0x0000007cbdf00000,0x0000007cbe000000) (1024K)]
  0x0000023edc44c200 JavaThread "Worker-20"                         [_thread_blocked, id=9196, stack(0x0000007cbd100000,0x0000007cbd200000) (1024K)]
  0x0000023edf8ef7b0 JavaThread "Worker-26"                         [_thread_blocked, id=17108, stack(0x0000007cbcd00000,0x0000007cbce00000) (1024K)]
Total: 30

Other Threads:
  0x0000023e9624b480 VMThread "VM Thread"                           [id=1476, stack(0x0000007cbb900000,0x0000007cbba00000) (1024K)]
  0x0000023e961c19e0 WatcherThread "VM Periodic Task Thread"        [id=14584, stack(0x0000007cbb800000,0x0000007cbb900000) (1024K)]
  0x0000023efda69830 WorkerThread "GC Thread#0"                     [id=2428, stack(0x0000007cbb700000,0x0000007cbb800000) (1024K)]
  0x0000023edc7a4bc0 WorkerThread "GC Thread#1"                     [id=2156, stack(0x0000007cbc500000,0x0000007cbc600000) (1024K)]
  0x0000023edc3520b0 WorkerThread "GC Thread#2"                     [id=8896, stack(0x0000007cbc600000,0x0000007cbc700000) (1024K)]
  0x0000023edc352460 WorkerThread "GC Thread#3"                     [id=8908, stack(0x0000007cbc700000,0x0000007cbc800000) (1024K)]
Total: 6

Threads with active compile tasks:
Total: 0

VM state: not at safepoint (normal execution)

VM Mutex/Monitor currently owned by a thread: None

Heap address: 0x0000000080000000, size: 2048 MB, Compressed Oops mode: 32-bit

CDS archive(s) mapped at: [0x0000023e97000000-0x0000023e97ba0000-0x0000023e97ba0000), size 12189696, SharedBaseAddress: 0x0000023e97000000, ArchiveRelocationMode: 1.
Compressed class space mapped at: 0x0000023e98000000-0x0000023ed8000000, reserved size: 1073741824
Narrow klass base: 0x0000023e97000000, Narrow klass shift: 0, Narrow klass range: 0x100000000

GC Precious Log:
 CardTable entry size: 512
 CPUs: 4 total, 4 available
 Memory: 3971M
 Large Page Support: Disabled
 NUMA Support: Disabled
 Compressed Oops: Enabled (32-bit)
 Alignments: Space 512K, Generation 512K, Heap 2M
 Heap Min Capacity: 100M
 Heap Initial Capacity: 100M
 Heap Max Capacity: 2G
 Pre-touch: Disabled
 Parallel Workers: 4

Heap:
 PSYoungGen      total 4608K, used 1299K [0x00000000d5580000, 0x00000000d5b00000, 0x0000000100000000)
  eden space 4096K, 29% used [0x00000000d5580000,0x00000000d56ace80,0x00000000d5980000)
  from space 512K, 18% used [0x00000000d5a00000,0x00000000d5a18000,0x00000000d5a80000)
  to   space 512K, 0% used [0x00000000d5a80000,0x00000000d5a80000,0x00000000d5b00000)
 ParOldGen       total 422912K, used 422612K [0x0000000080000000, 0x0000000099d00000, 0x00000000d5580000)
  object space 422912K, 99% used [0x0000000080000000,0x0000000099cb5130,0x0000000099d00000)
 Metaspace       used 85222K, committed 86848K, reserved 1179648K
  class space    used 8275K, committed 9152K, reserved 1048576K

Card table byte_map: [0x0000023efd400000,0x0000023efd810000] _byte_map_base: 0x0000023efd000000

Marking Bits: (ParMarkBitMap*) 0x00007ffaab954460
 Begin Bits: [0x0000023e92140000, 0x0000023e94140000)
 End Bits:   [0x0000023e94140000, 0x0000023e96140000)

Polling page: 0x0000023efb7d0000

Metaspace:

Usage:
  Non-class:     75.14 MB used.
      Class:      8.08 MB used.
       Both:     83.22 MB used.

Virtual space:
  Non-class space:      128.00 MB reserved,      75.88 MB ( 59%) committed,  2 nodes.
      Class space:        1.00 GB reserved,       8.94 MB ( <1%) committed,  1 nodes.
             Both:        1.12 GB reserved,      84.81 MB (  7%) committed. 

Chunk freelists:
   Non-Class:  4.05 MB
       Class:  7.27 MB
        Both:  11.32 MB

MaxMetaspaceSize: unlimited
CompressedClassSpaceSize: 1.00 GB
Initial GC threshold: 21.00 MB
Current GC threshold: 141.06 MB
CDS: on
 - commit_granule_bytes: 65536.
 - commit_granule_words: 8192.
 - virtual_space_node_default_size: 8388608.
 - enlarge_chunks_in_place: 1.
 - use_allocation_guard: 0.


Internal statistics:

num_allocs_failed_limit: 11.
num_arena_births: 1784.
num_arena_deaths: 552.
num_vsnodes_births: 3.
num_vsnodes_deaths: 0.
num_space_committed: 1358.
num_space_uncommitted: 1.
num_chunks_returned_to_freelist: 692.
num_chunks_taken_from_freelist: 6101.
num_chunk_merges: 193.
num_chunk_splits: 3481.
num_chunks_enlarged: 1895.
num_inconsistent_stats: 0.

CodeHeap 'non-profiled nmethods': size=120000Kb used=23644Kb max_used=23771Kb free=96355Kb
 bounds [0x0000023e8ac10000, 0x0000023e8c350000, 0x0000023e92140000]
CodeHeap 'profiled nmethods': size=120000Kb used=41628Kb max_used=52826Kb free=78371Kb
 bounds [0x0000023e83140000, 0x0000023e86500000, 0x0000023e8a670000]
CodeHeap 'non-nmethods': size=5760Kb used=1498Kb max_used=1608Kb free=4262Kb
 bounds [0x0000023e8a670000, 0x0000023e8a8e0000, 0x0000023e8ac10000]
CodeCache: size=245760Kb, used=66770Kb, max_used=78205Kb, free=178988Kb
 total_blobs=19235, nmethods=18419, adapters=719, full_count=0
Compilation: enabled, stopped_count=0, restarted_count=0

Compilation events (20 events):
Event: 10031.325 Thread 0x0000023e962e6550 27938   !   3       java.util.concurrent.LinkedBlockingQueue::signalNotEmpty (33 bytes)
Event: 10031.415 Thread 0x0000023e962e6550 nmethod 27938 0x0000023e834dda10 code [0x0000023e834ddca0, 0x0000023e834de880]
Event: 10085.128 Thread 0x0000023e962e6550 27939       3       java.lang.ClassLoader::getPlatformClassLoader (21 bytes)
Event: 10085.137 Thread 0x0000023e962e6550 nmethod 27939 0x0000023e85e3da10 code [0x0000023e85e3dbe0, 0x0000023e85e3de70]
Event: 10865.410 Thread 0x0000023e962e6550 27940       3       java.util.logging.LogManager::demandLogger (53 bytes)
Event: 10865.639 Thread 0x0000023e962e6550 nmethod 27940 0x0000023e84a03890 code [0x0000023e84a03ac0, 0x0000023e84a040f8]
Event: 10872.361 Thread 0x0000023e96273de0 27942   !   4       java.util.concurrent.locks.AbstractQueuedSynchronizer::tryInitializeHead (66 bytes)
Event: 10872.508 Thread 0x0000023e96273de0 nmethod 27942 0x0000023e8c043410 code [0x0000023e8c0435a0, 0x0000023e8c043790]
Event: 11016.049 Thread 0x0000023e962e6550 27943   !   3       org.eclipse.jdt.ls.core.internal.JDTUtils::getFakeCompilationUnit (325 bytes)
Event: 11016.560 Thread 0x0000023e962e6550 nmethod 27943 0x0000023e8325ea90 code [0x0000023e8325f260, 0x0000023e832630c8]
Event: 11045.472 Thread 0x0000023e962e6550 27944       3       java.util.logging.Logger::demandLogger (36 bytes)
Event: 11045.584 Thread 0x0000023e962e6550 nmethod 27944 0x0000023e85c46090 code [0x0000023e85c46320, 0x0000023e85c46dd0]
Event: 11205.361 Thread 0x0000023e962e6550 27945       3       org.eclipse.lsp4j.jsonrpc.json.adapters.CollectionTypeAdapter::read (6 bytes)
Event: 11205.437 Thread 0x0000023e962e6550 nmethod 27945 0x0000023e8537c110 code [0x0000023e8537c2c0, 0x0000023e8537c418]
Event: 11205.437 Thread 0x0000023e962e6550 27946       3       org.eclipse.lsp4j.jsonrpc.json.adapters.CollectionTypeAdapter::read (111 bytes)
Event: 11205.456 Thread 0x0000023e962e6550 nmethod 27946 0x0000023e85144a90 code [0x0000023e85144d40, 0x0000023e85145ac8]
Event: 11539.203 Thread 0x0000023e962e6550 27949   !   3       org.eclipse.osgi.storage.Storage::save0 (246 bytes)
Event: 11539.993 Thread 0x0000023e962e6550 nmethod 27949 0x0000023e85c27910 code [0x0000023e85c27e20, 0x0000023e85c2aa08]
Event: 11762.082 Thread 0x0000023e96273de0 27950       4       java.util.concurrent.TimeUnit::convert (73 bytes)
Event: 11762.267 Thread 0x0000023e96273de0 nmethod 27950 0x0000023e8c042f90 code [0x0000023e8c043140, 0x0000023e8c0432d0]

GC Heap History (20 events):
Event: 9411.869 GC heap before
{Heap before GC invocations=5084 (full 8):
 PSYoungGen      total 5120K, used 4480K [0x00000000d5580000, 0x00000000d5b00000, 0x0000000100000000)
  eden space 4096K, 100% used [0x00000000d5580000,0x00000000d5980000,0x00000000d5980000)
  from space 1024K, 37% used [0x00000000d5980000,0x00000000d59e0020,0x00000000d5a80000)
  to   space 512K, 0% used [0x00000000d5a80000,0x00000000d5a80000,0x00000000d5b00000)
 ParOldGen       total 420864K, used 420604K [0x0000000080000000, 0x0000000099b00000, 0x00000000d5580000)
  object space 420864K, 99% used [0x0000000080000000,0x0000000099abf150,0x0000000099b00000)
 Metaspace       used 85182K, committed 86784K, reserved 1179648K
  class space    used 8275K, committed 9152K, reserved 1048576K
}
Event: 9411.872 GC heap after
{Heap after GC invocations=5084 (full 8):
 PSYoungGen      total 4608K, used 384K [0x00000000d5580000, 0x00000000d5b00000, 0x0000000100000000)
  eden space 4096K, 0% used [0x00000000d5580000,0x00000000d5580000,0x00000000d5980000)
  from space 512K, 75% used [0x00000000d5a80000,0x00000000d5ae0000,0x00000000d5b00000)
  to   space 512K, 0% used [0x00000000d5a00000,0x00000000d5a00000,0x00000000d5a80000)
 ParOldGen       total 421376K, used 420892K [0x0000000080000000, 0x0000000099b80000, 0x00000000d5580000)
  object space 421376K, 99% used [0x0000000080000000,0x0000000099b07190,0x0000000099b80000)
 Metaspace       used 85182K, committed 86784K, reserved 1179648K
  class space    used 8275K, committed 9152K, reserved 1048576K
}
Event: 9411.929 GC heap before
{Heap before GC invocations=5085 (full 8):
 PSYoungGen      total 4608K, used 4480K [0x00000000d5580000, 0x00000000d5b00000, 0x0000000100000000)
  eden space 4096K, 100% used [0x00000000d5580000,0x00000000d5980000,0x00000000d5980000)
  from space 512K, 75% used [0x00000000d5a80000,0x00000000d5ae0000,0x00000000d5b00000)
  to   space 512K, 0% used [0x00000000d5a00000,0x00000000d5a00000,0x00000000d5a80000)
 ParOldGen       total 421376K, used 420892K [0x0000000080000000, 0x0000000099b80000, 0x00000000d5580000)
  object space 421376K, 99% used [0x0000000080000000,0x0000000099b07190,0x0000000099b80000)
 Metaspace       used 85182K, committed 86784K, reserved 1179648K
  class space    used 8275K, committed 9152K, reserved 1048576K
}
Event: 9411.932 GC heap after
{Heap after GC invocations=5085 (full 8):
 PSYoungGen      total 4608K, used 320K [0x00000000d5580000, 0x00000000d5b00000, 0x0000000100000000)
  eden space 4096K, 0% used [0x00000000d5580000,0x00000000d5580000,0x00000000d5980000)
  from space 512K, 62% used [0x00000000d5a00000,0x00000000d5a50000,0x00000000d5a80000)
  to   space 512K, 0% used [0x00000000d5a80000,0x00000000d5a80000,0x00000000d5b00000)
 ParOldGen       total 421376K, used 421204K [0x0000000080000000, 0x0000000099b80000, 0x00000000d5580000)
  object space 421376K, 99% used [0x0000000080000000,0x0000000099b551b0,0x0000000099b80000)
 Metaspace       used 85182K, committed 86784K, reserved 1179648K
  class space    used 8275K, committed 9152K, reserved 1048576K
}
Event: 9411.976 GC heap before
{Heap before GC invocations=5086 (full 8):
 PSYoungGen      total 4608K, used 4416K [0x00000000d5580000, 0x00000000d5b00000, 0x0000000100000000)
  eden space 4096K, 100% used [0x00000000d5580000,0x00000000d5980000,0x00000000d5980000)
  from space 512K, 62% used [0x00000000d5a00000,0x00000000d5a50000,0x00000000d5a80000)
  to   space 512K, 0% used [0x00000000d5a80000,0x00000000d5a80000,0x00000000d5b00000)
 ParOldGen       total 421376K, used 421204K [0x0000000080000000, 0x0000000099b80000, 0x00000000d5580000)
  object space 421376K, 99% used [0x0000000080000000,0x0000000099b551b0,0x0000000099b80000)
 Metaspace       used 85182K, committed 86784K, reserved 1179648K
  class space    used 8275K, committed 9152K, reserved 1048576K
}
Event: 9411.978 GC heap after
{Heap after GC invocations=5086 (full 8):
 PSYoungGen      total 4608K, used 320K [0x00000000d5580000, 0x00000000d5b00000, 0x0000000100000000)
  eden space 4096K, 0% used [0x00000000d5580000,0x00000000d5580000,0x00000000d5980000)
  from space 512K, 62% used [0x00000000d5a80000,0x00000000d5ad0000,0x00000000d5b00000)
  to   space 512K, 0% used [0x00000000d5a00000,0x00000000d5a00000,0x00000000d5a80000)
 ParOldGen       total 421888K, used 421468K [0x0000000080000000, 0x0000000099c00000, 0x00000000d5580000)
  object space 421888K, 99% used [0x0000000080000000,0x0000000099b971d0,0x0000000099c00000)
 Metaspace       used 85182K, committed 86784K, reserved 1179648K
  class space    used 8275K, committed 9152K, reserved 1048576K
}
Event: 9412.011 GC heap before
{Heap before GC invocations=5087 (full 8):
 PSYoungGen      total 4608K, used 4416K [0x00000000d5580000, 0x00000000d5b00000, 0x0000000100000000)
  eden space 4096K, 100% used [0x00000000d5580000,0x00000000d5980000,0x00000000d5980000)
  from space 512K, 62% used [0x00000000d5a80000,0x00000000d5ad0000,0x00000000d5b00000)
  to   space 512K, 0% used [0x00000000d5a00000,0x00000000d5a00000,0x00000000d5a80000)
 ParOldGen       total 421888K, used 421468K [0x0000000080000000, 0x0000000099c00000, 0x00000000d5580000)
  object space 421888K, 99% used [0x0000000080000000,0x0000000099b971d0,0x0000000099c00000)
 Metaspace       used 85182K, committed 86784K, reserved 1179648K
  class space    used 8275K, committed 9152K, reserved 1048576K
}
Event: 9412.016 GC heap after
{Heap after GC invocations=5087 (full 8):
 PSYoungGen      total 4608K, used 512K [0x00000000d5580000, 0x00000000d5b80000, 0x0000000100000000)
  eden space 4096K, 0% used [0x00000000d5580000,0x00000000d5580000,0x00000000d5980000)
  from space 512K, 100% used [0x00000000d5a00000,0x00000000d5a80000,0x00000000d5a80000)
  to   space 1024K, 0% used [0x00000000d5a80000,0x00000000d5a80000,0x00000000d5b80000)
 ParOldGen       total 421888K, used 421756K [0x0000000080000000, 0x0000000099c00000, 0x00000000d5580000)
  object space 421888K, 99% used [0x0000000080000000,0x0000000099bdf200,0x0000000099c00000)
 Metaspace       used 85182K, committed 86784K, reserved 1179648K
  class space    used 8275K, committed 9152K, reserved 1048576K
}
Event: 9432.124 GC heap before
{Heap before GC invocations=5088 (full 8):
 PSYoungGen      total 4608K, used 4608K [0x00000000d5580000, 0x00000000d5b80000, 0x0000000100000000)
  eden space 4096K, 100% used [0x00000000d5580000,0x00000000d5980000,0x00000000d5980000)
  from space 512K, 100% used [0x00000000d5a00000,0x00000000d5a80000,0x00000000d5a80000)
  to   space 1024K, 0% used [0x00000000d5a80000,0x00000000d5a80000,0x00000000d5b80000)
 ParOldGen       total 421888K, used 421756K [0x0000000080000000, 0x0000000099c00000, 0x00000000d5580000)
  object space 421888K, 99% used [0x0000000080000000,0x0000000099bdf200,0x0000000099c00000)
 Metaspace       used 85182K, committed 86784K, reserved 1179648K
  class space    used 8275K, committed 9152K, reserved 1048576K
}
Event: 9432.131 GC heap after
{Heap after GC invocations=5088 (full 8):
 PSYoungGen      total 5120K, used 416K [0x00000000d5580000, 0x00000000d5b80000, 0x0000000100000000)
  eden space 4096K, 0% used [0x00000000d5580000,0x00000000d5580000,0x00000000d5980000)
  from space 1024K, 40% used [0x00000000d5a80000,0x00000000d5ae8000,0x00000000d5b80000)
  to   space 1024K, 0% used [0x00000000d5980000,0x00000000d5980000,0x00000000d5a80000)
 ParOldGen       total 422400K, used 422220K [0x0000000080000000, 0x0000000099c80000, 0x00000000d5580000)
  object space 422400K, 99% used [0x0000000080000000,0x0000000099c53210,0x0000000099c80000)
 Metaspace       used 85182K, committed 86784K, reserved 1179648K
  class space    used 8275K, committed 9152K, reserved 1048576K
}
Event: 9566.555 GC heap before
{Heap before GC invocations=5089 (full 8):
 PSYoungGen      total 5120K, used 4512K [0x00000000d5580000, 0x00000000d5b80000, 0x0000000100000000)
  eden space 4096K, 100% used [0x00000000d5580000,0x00000000d5980000,0x00000000d5980000)
  from space 1024K, 40% used [0x00000000d5a80000,0x00000000d5ae8000,0x00000000d5b80000)
  to   space 1024K, 0% used [0x00000000d5980000,0x00000000d5980000,0x00000000d5a80000)
 ParOldGen       total 422400K, used 422220K [0x0000000080000000, 0x0000000099c80000, 0x00000000d5580000)
  object space 422400K, 99% used [0x0000000080000000,0x0000000099c53210,0x0000000099c80000)
 Metaspace       used 85183K, committed 86784K, reserved 1179648K
  class space    used 8275K, committed 9152K, reserved 1048576K
}
Event: 9566.821 GC heap after
{Heap after GC invocations=5089 (full 8):
 PSYoungGen      total 5120K, used 96K [0x00000000d5580000, 0x00000000d5b00000, 0x0000000100000000)
  eden space 4096K, 0% used [0x00000000d5580000,0x00000000d5580000,0x00000000d5980000)
  from space 1024K, 9% used [0x00000000d5980000,0x00000000d5998000,0x00000000d5a80000)
  to   space 512K, 0% used [0x00000000d5a80000,0x00000000d5a80000,0x00000000d5b00000)
 ParOldGen       total 422912K, used 422596K [0x0000000080000000, 0x0000000099d00000, 0x00000000d5580000)
  object space 422912K, 99% used [0x0000000080000000,0x0000000099cb1130,0x0000000099d00000)
 Metaspace       used 85183K, committed 86784K, reserved 1179648K
  class space    used 8275K, committed 9152K, reserved 1048576K
}
Event: 9850.689 GC heap before
{Heap before GC invocations=5090 (full 8):
 PSYoungGen      total 5120K, used 4192K [0x00000000d5580000, 0x00000000d5b00000, 0x0000000100000000)
  eden space 4096K, 100% used [0x00000000d5580000,0x00000000d5980000,0x00000000d5980000)
  from space 1024K, 9% used [0x00000000d5980000,0x00000000d5998000,0x00000000d5a80000)
  to   space 512K, 0% used [0x00000000d5a80000,0x00000000d5a80000,0x00000000d5b00000)
 ParOldGen       total 422912K, used 422596K [0x0000000080000000, 0x0000000099d00000, 0x00000000d5580000)
  object space 422912K, 99% used [0x0000000080000000,0x0000000099cb1130,0x0000000099d00000)
 Metaspace       used 85186K, committed 86784K, reserved 1179648K
  class space    used 8275K, committed 9152K, reserved 1048576K
}
Event: 9850.961 GC heap after
{Heap after GC invocations=5090 (full 8):
 PSYoungGen      total 4608K, used 96K [0x00000000d5580000, 0x00000000d5b00000, 0x0000000100000000)
  eden space 4096K, 0% used [0x00000000d5580000,0x00000000d5580000,0x00000000d5980000)
  from space 512K, 18% used [0x00000000d5a80000,0x00000000d5a98000,0x00000000d5b00000)
  to   space 512K, 0% used [0x00000000d5a00000,0x00000000d5a00000,0x00000000d5a80000)
 ParOldGen       total 422912K, used 422604K [0x0000000080000000, 0x0000000099d00000, 0x00000000d5580000)
  object space 422912K, 99% used [0x0000000080000000,0x0000000099cb3130,0x0000000099d00000)
 Metaspace       used 85186K, committed 86784K, reserved 1179648K
  class space    used 8275K, committed 9152K, reserved 1048576K
}
Event: 10067.923 GC heap before
{Heap before GC invocations=5091 (full 8):
 PSYoungGen      total 4608K, used 4192K [0x00000000d5580000, 0x00000000d5b00000, 0x0000000100000000)
  eden space 4096K, 100% used [0x00000000d5580000,0x00000000d5980000,0x00000000d5980000)
  from space 512K, 18% used [0x00000000d5a80000,0x00000000d5a98000,0x00000000d5b00000)
  to   space 512K, 0% used [0x00000000d5a00000,0x00000000d5a00000,0x00000000d5a80000)
 ParOldGen       total 422912K, used 422604K [0x0000000080000000, 0x0000000099d00000, 0x00000000d5580000)
  object space 422912K, 99% used [0x0000000080000000,0x0000000099cb3130,0x0000000099d00000)
 Metaspace       used 85187K, committed 86784K, reserved 1179648K
  class space    used 8275K, committed 9152K, reserved 1048576K
}
Event: 10068.347 GC heap after
{Heap after GC invocations=5091 (full 8):
 PSYoungGen      total 4608K, used 96K [0x00000000d5580000, 0x00000000d5b00000, 0x0000000100000000)
  eden space 4096K, 0% used [0x00000000d5580000,0x00000000d5580000,0x00000000d5980000)
  from space 512K, 18% used [0x00000000d5a00000,0x00000000d5a18000,0x00000000d5a80000)
  to   space 512K, 0% used [0x00000000d5a80000,0x00000000d5a80000,0x00000000d5b00000)
 ParOldGen       total 422912K, used 422612K [0x0000000080000000, 0x0000000099d00000, 0x00000000d5580000)
  object space 422912K, 99% used [0x0000000080000000,0x0000000099cb5130,0x0000000099d00000)
 Metaspace       used 85187K, committed 86784K, reserved 1179648K
  class space    used 8275K, committed 9152K, reserved 1048576K
}
Event: 10435.072 GC heap before
{Heap before GC invocations=5092 (full 8):
 PSYoungGen      total 4608K, used 4192K [0x00000000d5580000, 0x00000000d5b00000, 0x0000000100000000)
  eden space 4096K, 100% used [0x00000000d5580000,0x00000000d5980000,0x00000000d5980000)
  from space 512K, 18% used [0x00000000d5a00000,0x00000000d5a18000,0x00000000d5a80000)
  to   space 512K, 0% used [0x00000000d5a80000,0x00000000d5a80000,0x00000000d5b00000)
 ParOldGen       total 422912K, used 422612K [0x0000000080000000, 0x0000000099d00000, 0x00000000d5580000)
  object space 422912K, 99% used [0x0000000080000000,0x0000000099cb5130,0x0000000099d00000)
 Metaspace       used 85187K, committed 86784K, reserved 1179648K
  class space    used 8275K, committed 9152K, reserved 1048576K
}
Event: 10435.425 GC heap after
{Heap after GC invocations=5092 (full 8):
 PSYoungGen      total 4608K, used 128K [0x00000000d5580000, 0x00000000d5b00000, 0x0000000100000000)
  eden space 4096K, 0% used [0x00000000d5580000,0x00000000d5580000,0x00000000d5980000)
  from space 512K, 25% used [0x00000000d5a80000,0x00000000d5aa0000,0x00000000d5b00000)
  to   space 512K, 0% used [0x00000000d5a00000,0x00000000d5a00000,0x00000000d5a80000)
 ParOldGen       total 422912K, used 422612K [0x0000000080000000, 0x0000000099d00000, 0x00000000d5580000)
  object space 422912K, 99% used [0x0000000080000000,0x0000000099cb5130,0x0000000099d00000)
 Metaspace       used 85187K, committed 86784K, reserved 1179648K
  class space    used 8275K, committed 9152K, reserved 1048576K
}
Event: 11189.910 GC heap before
{Heap before GC invocations=5093 (full 8):
 PSYoungGen      total 4608K, used 4224K [0x00000000d5580000, 0x00000000d5b00000, 0x0000000100000000)
  eden space 4096K, 100% used [0x00000000d5580000,0x00000000d5980000,0x00000000d5980000)
  from space 512K, 25% used [0x00000000d5a80000,0x00000000d5aa0000,0x00000000d5b00000)
  to   space 512K, 0% used [0x00000000d5a00000,0x00000000d5a00000,0x00000000d5a80000)
 ParOldGen       total 422912K, used 422612K [0x0000000080000000, 0x0000000099d00000, 0x00000000d5580000)
  object space 422912K, 99% used [0x0000000080000000,0x0000000099cb5130,0x0000000099d00000)
 Metaspace       used 85198K, committed 86784K, reserved 1179648K
  class space    used 8275K, committed 9152K, reserved 1048576K
}
Event: 11190.253 GC heap after
{Heap after GC invocations=5093 (full 8):
 PSYoungGen      total 4608K, used 96K [0x00000000d5580000, 0x00000000d5b00000, 0x0000000100000000)
  eden space 4096K, 0% used [0x00000000d5580000,0x00000000d5580000,0x00000000d5980000)
  from space 512K, 18% used [0x00000000d5a00000,0x00000000d5a18000,0x00000000d5a80000)
  to   space 512K, 0% used [0x00000000d5a80000,0x00000000d5a80000,0x00000000d5b00000)
 ParOldGen       total 422912K, used 422612K [0x0000000080000000, 0x0000000099d00000, 0x00000000d5580000)
  object space 422912K, 99% used [0x0000000080000000,0x0000000099cb5130,0x0000000099d00000)
 Metaspace       used 85198K, committed 86784K, reserved 1179648K
  class space    used 8275K, committed 9152K, reserved 1048576K
}

Dll operation events (12 events):
Event: 0.122 Loaded shared library c:\Users\hp\.antigravity-ide\extensions\redhat.java-1.55.0-win32-x64\jre\21.0.11-win32-x86_64\bin\java.dll
Event: 1.223 Loaded shared library c:\Users\hp\.antigravity-ide\extensions\redhat.java-1.55.0-win32-x64\jre\21.0.11-win32-x86_64\bin\zip.dll
Event: 1.345 Loaded shared library C:\Users\hp\.antigravity-ide\extensions\redhat.java-1.55.0-win32-x64\jre\21.0.11-win32-x86_64\bin\instrument.dll
Event: 1.359 Loaded shared library C:\Users\hp\.antigravity-ide\extensions\redhat.java-1.55.0-win32-x64\jre\21.0.11-win32-x86_64\bin\net.dll
Event: 1.369 Loaded shared library C:\Users\hp\.antigravity-ide\extensions\redhat.java-1.55.0-win32-x64\jre\21.0.11-win32-x86_64\bin\nio.dll
Event: 1.375 Loaded shared library C:\Users\hp\.antigravity-ide\extensions\redhat.java-1.55.0-win32-x64\jre\21.0.11-win32-x86_64\bin\zip.dll
Event: 1.500 Loaded shared library C:\Users\hp\.antigravity-ide\extensions\redhat.java-1.55.0-win32-x64\jre\21.0.11-win32-x86_64\bin\jimage.dll
Event: 2.223 Loaded shared library c:\Users\hp\.antigravity-ide\extensions\redhat.java-1.55.0-win32-x64\jre\21.0.11-win32-x86_64\bin\verify.dll
Event: 29.775 Loaded shared library C:\Users\hp\AppData\Roaming\Antigravity IDE\User\globalStorage\redhat.java\1.55.0\config_win\org.eclipse.equinox.launcher\org.eclipse.equinox.launcher.win32.win32.x86_64_1.3.100.v20260613-0559\eclipse_11924.dll
Event: 67.258 Loaded shared library C:\Users\hp\AppData\Local\Temp\jna-102042227\jna4722771636903666455.dll
Event: 173.230 Loaded shared library C:\Users\hp\.antigravity-ide\extensions\redhat.java-1.55.0-win32-x64\jre\21.0.11-win32-x86_64\bin\extnet.dll
Event: 174.082 Loaded shared library C:\Users\hp\.antigravity-ide\extensions\redhat.java-1.55.0-win32-x64\jre\21.0.11-win32-x86_64\bin\sunmscapi.dll

Deoptimization events (20 events):
Event: 9238.187 Thread 0x0000023edf8f6dd0 DEOPT PACKING pc=0x0000023e8bfc02fc sp=0x0000007cbd5fe110
Event: 9238.187 Thread 0x0000023edf8f6dd0 DEOPT UNPACKING pc=0x0000023e8a6c3aa2 sp=0x0000007cbd5fe0a0 mode 2
Event: 9240.501 Thread 0x0000023edf8ef7b0 DEOPT PACKING pc=0x0000023e85a38065 sp=0x0000007cbcdfeac0
Event: 9240.501 Thread 0x0000023edf8ef7b0 DEOPT UNPACKING pc=0x0000023e8a6c4242 sp=0x0000007cbcdfdf60 mode 0
Event: 9265.426 Thread 0x0000023edc44c200 Uncommon trap: trap_request=0xfffffff4 fr.pc=0x0000023e8c2f66b8 relative=0x0000000000000598
Event: 9265.426 Thread 0x0000023edc44c200 Uncommon trap: reason=null_check action=make_not_entrant pc=0x0000023e8c2f66b8 method=java.lang.Class.reflectionData()Ljava/lang/Class$ReflectionData; @ 18 c2
Event: 9265.426 Thread 0x0000023edc44c200 DEOPT PACKING pc=0x0000023e8c2f66b8 sp=0x0000007cbd1fea50
Event: 9265.426 Thread 0x0000023edc44c200 DEOPT UNPACKING pc=0x0000023e8a6c3aa2 sp=0x0000007cbd1fe8e0 mode 2
Event: 9265.565 Thread 0x0000023edc44c200 Uncommon trap: trap_request=0xfffffff4 fr.pc=0x0000023e8ae1f508 relative=0x00000000000002a8
Event: 9265.565 Thread 0x0000023edc44c200 Uncommon trap: reason=null_check action=make_not_entrant pc=0x0000023e8ae1f508 method=java.lang.Class.reflectionData()Ljava/lang/Class$ReflectionData; @ 18 c2
Event: 9265.565 Thread 0x0000023edc44c200 DEOPT PACKING pc=0x0000023e8ae1f508 sp=0x0000007cbd1fe2b0
Event: 9265.565 Thread 0x0000023edc44c200 DEOPT UNPACKING pc=0x0000023e8a6c3aa2 sp=0x0000007cbd1fe1c0 mode 2
Event: 9265.670 Thread 0x0000023edc44c200 Uncommon trap: trap_request=0xfffffff4 fr.pc=0x0000023e8b495be8 relative=0x0000000000000308
Event: 9265.670 Thread 0x0000023edc44c200 Uncommon trap: reason=null_check action=make_not_entrant pc=0x0000023e8b495be8 method=java.lang.Class.reflectionData()Ljava/lang/Class$ReflectionData; @ 18 c2
Event: 9265.670 Thread 0x0000023edc44c200 DEOPT PACKING pc=0x0000023e8b495be8 sp=0x0000007cbd1fde00
Event: 9265.670 Thread 0x0000023edc44c200 DEOPT UNPACKING pc=0x0000023e8a6c3aa2 sp=0x0000007cbd1fdd18 mode 2
Event: 9265.925 Thread 0x0000023edc44c200 Uncommon trap: trap_request=0xfffffff4 fr.pc=0x0000023e8b929d1c relative=0x000000000000067c
Event: 9265.925 Thread 0x0000023edc44c200 Uncommon trap: reason=null_check action=make_not_entrant pc=0x0000023e8b929d1c method=java.lang.Class.reflectionData()Ljava/lang/Class$ReflectionData; @ 18 c2
Event: 9265.925 Thread 0x0000023edc44c200 DEOPT PACKING pc=0x0000023e8b929d1c sp=0x0000007cbd1fe1b0
Event: 9265.926 Thread 0x0000023edc44c200 DEOPT UNPACKING pc=0x0000023e8a6c3aa2 sp=0x0000007cbd1fe088 mode 2

Classes loaded (20 events):
Event: 9035.578 Loading class jdk/internal/module/IllegalAccessLogger
Event: 9035.578 Loading class jdk/internal/module/IllegalAccessLogger done
Event: 9036.924 Loading class jdk/internal/module/IllegalAccessLogger
Event: 9036.924 Loading class jdk/internal/module/IllegalAccessLogger done
Event: 9046.994 Loading class jdk/internal/module/IllegalAccessLogger
Event: 9046.994 Loading class jdk/internal/module/IllegalAccessLogger done
Event: 9058.069 Loading class jdk/internal/module/IllegalAccessLogger
Event: 9058.069 Loading class jdk/internal/module/IllegalAccessLogger done
Event: 9060.256 Loading class jdk/internal/module/IllegalAccessLogger
Event: 9060.256 Loading class jdk/internal/module/IllegalAccessLogger done
Event: 9062.208 Loading class jdk/internal/module/IllegalAccessLogger
Event: 9062.208 Loading class jdk/internal/module/IllegalAccessLogger done
Event: 9071.884 Loading class jdk/internal/module/IllegalAccessLogger
Event: 9071.885 Loading class jdk/internal/module/IllegalAccessLogger done
Event: 9099.537 Loading class jdk/internal/module/IllegalAccessLogger
Event: 9099.537 Loading class jdk/internal/module/IllegalAccessLogger done
Event: 9235.204 Loading class jdk/internal/module/IllegalAccessLogger
Event: 9235.205 Loading class jdk/internal/module/IllegalAccessLogger done
Event: 9237.870 Loading class java/nio/channels/CompletionHandler
Event: 9237.902 Loading class java/nio/channels/CompletionHandler done

Classes unloaded (20 events):
Event: 9048.959 Thread 0x0000023e9624b480 Unloading class 0x0000023e9829dc00 'java/lang/invoke/LambdaForm$MH+0x0000023e9829dc00'
Event: 9048.960 Thread 0x0000023e9624b480 Unloading class 0x0000023e9829cc00 'jdk/internal/reflect/GeneratedSerializationConstructorAccessor13'
Event: 9048.960 Thread 0x0000023e9624b480 Unloading class 0x0000023e9829c800 'jdk/internal/reflect/GeneratedSerializationConstructorAccessor12'
Event: 9048.963 Thread 0x0000023e9624b480 Unloading class 0x0000023e9829ac00 'java/lang/invoke/LambdaForm$MH+0x0000023e9829ac00'
Event: 9048.964 Thread 0x0000023e9624b480 Unloading class 0x0000023e98299400 'java/lang/invoke/LambdaForm$MH+0x0000023e98299400'
Event: 9048.965 Thread 0x0000023e9624b480 Unloading class 0x0000023e98299000 'java/lang/invoke/LambdaForm$MH+0x0000023e98299000'
Event: 9048.965 Thread 0x0000023e9624b480 Unloading class 0x0000023e98298c00 'jdk/internal/reflect/GeneratedSerializationConstructorAccessor11'
Event: 9048.965 Thread 0x0000023e9624b480 Unloading class 0x0000023e98298800 'java/lang/invoke/LambdaForm$MH+0x0000023e98298800'
Event: 9048.965 Thread 0x0000023e9624b480 Unloading class 0x0000023e98298400 'jdk/internal/reflect/GeneratedSerializationConstructorAccessor10'
Event: 9048.965 Thread 0x0000023e9624b480 Unloading class 0x0000023e98298000 'jdk/internal/reflect/GeneratedSerializationConstructorAccessor9'
Event: 9048.965 Thread 0x0000023e9624b480 Unloading class 0x0000023e98290800 'java/lang/invoke/LambdaForm$MH+0x0000023e98290800'
Event: 9048.965 Thread 0x0000023e9624b480 Unloading class 0x0000023e98290000 'java/lang/invoke/LambdaForm$MH+0x0000023e98290000'
Event: 9048.966 Thread 0x0000023e9624b480 Unloading class 0x0000023e9828c400 'jdk/internal/reflect/GeneratedSerializationConstructorAccessor8'
Event: 9048.967 Thread 0x0000023e9624b480 Unloading class 0x0000023e9828c000 'jdk/internal/reflect/GeneratedSerializationConstructorAccessor7'
Event: 9048.967 Thread 0x0000023e9624b480 Unloading class 0x0000023e981acc00 'jdk/internal/reflect/GeneratedSerializationConstructorAccessor6'
Event: 9048.967 Thread 0x0000023e9624b480 Unloading class 0x0000023e981ac800 'jdk/internal/reflect/GeneratedSerializationConstructorAccessor5'
Event: 9048.967 Thread 0x0000023e9624b480 Unloading class 0x0000023e981ac400 'jdk/internal/reflect/GeneratedSerializationConstructorAccessor4'
Event: 9048.967 Thread 0x0000023e9624b480 Unloading class 0x0000023e981ac000 'jdk/internal/reflect/GeneratedSerializationConstructorAccessor3'
Event: 9048.967 Thread 0x0000023e9624b480 Unloading class 0x0000023e981aa800 'jdk/internal/reflect/GeneratedSerializationConstructorAccessor2'
Event: 9048.967 Thread 0x0000023e9624b480 Unloading class 0x0000023e981abc00 'jdk/internal/reflect/GeneratedSerializationConstructorAccessor1'

Classes redefined (0 events):
No events

Internal exceptions (20 events):
Event: 9098.637 Thread 0x0000023edc481f30 Exception <a 'sun/nio/fs/WindowsException'{0x00000000d55adf88}> (0x00000000d55adf88) 
thrown [s\src\hotspot\share\prims\jni.cpp, line 520]
Event: 9099.544 Thread 0x0000023edc481f30 Exception <a 'sun/nio/fs/WindowsException'{0x00000000d56b6bf0}> (0x00000000d56b6bf0) 
thrown [s\src\hotspot\share\prims\jni.cpp, line 520]
Event: 9102.358 Thread 0x0000023edf8ef7b0 Exception <a 'java/lang/NullPointerException'{0x00000000d55d33c8}> (0x00000000d55d33c8) 
thrown [s\src\hotspot\share\interpreter\linkResolver.cpp, line 1372]
Event: 9102.481 Thread 0x0000023edf8ef7b0 Implicit null exception at 0x0000023e8bbc64bc to 0x0000023e8bbc8318
Event: 9231.689 Thread 0x0000023edc481f30 Exception <a 'sun/nio/fs/WindowsException'{0x00000000d56420d0}> (0x00000000d56420d0) 
thrown [s\src\hotspot\share\prims\jni.cpp, line 520]
Event: 9233.919 Thread 0x0000023edc481f30 Exception <a 'sun/nio/fs/WindowsException'{0x00000000d55807b0}> (0x00000000d55807b0) 
thrown [s\src\hotspot\share\prims\jni.cpp, line 520]
Event: 9238.447 Thread 0x0000023edc481f30 Exception <a 'sun/nio/fs/WindowsException'{0x00000000d57693f0}> (0x00000000d57693f0) 
thrown [s\src\hotspot\share\prims\jni.cpp, line 520]
Event: 9239.404 Thread 0x0000023edc481f30 Exception <a 'sun/nio/fs/WindowsException'{0x00000000d5861300}> (0x00000000d5861300) 
thrown [s\src\hotspot\share\prims\jni.cpp, line 520]
Event: 9265.426 Thread 0x0000023edc44c200 Implicit null exception at 0x0000023e8c2f619a to 0x0000023e8c2f668c
Event: 9265.512 Thread 0x0000023edc44c200 Exception <a 'sun/nio/fs/WindowsException'{0x00000000d576bfb8}> (0x00000000d576bfb8) 
thrown [s\src\hotspot\share\prims\jni.cpp, line 520]
Event: 9265.519 Thread 0x0000023edc44c200 Exception <a 'sun/nio/fs/WindowsException'{0x00000000d576caf0}> (0x00000000d576caf0) 
thrown [s\src\hotspot\share\prims\jni.cpp, line 520]
Event: 9265.529 Thread 0x0000023edc44c200 Exception <a 'sun/nio/fs/WindowsException'{0x00000000d5779e48}> (0x00000000d5779e48) 
thrown [s\src\hotspot\share\prims\jni.cpp, line 520]
Event: 9265.529 Thread 0x0000023edc44c200 Exception <a 'sun/nio/fs/WindowsException'{0x00000000d577a960}> (0x00000000d577a960) 
thrown [s\src\hotspot\share\prims\jni.cpp, line 520]
Event: 9265.565 Thread 0x0000023edc44c200 Implicit null exception at 0x0000023e8ae1f2b9 to 0x0000023e8ae1f4e8
Event: 9265.670 Thread 0x0000023edc44c200 Implicit null exception at 0x0000023e8b495935 to 0x0000023e8b495bc9
Event: 9265.852 Thread 0x0000023edc44c200 Exception <a 'java/lang/NoSuchMethodError'{0x00000000d5960960}: static Lorg/eclipse/m2e/core/internal/lifecyclemapping/model/PluginExecutionMetadata;.<clinit>()V> (0x00000000d5960960) 
thrown [s\src\hotspot\share\prims\jni.cpp, line 1111]
Event: 9265.903 Thread 0x0000023edc44c200 Exception <a 'java/lang/NoSuchMethodError'{0x00000000d5585c30}: static Lorg/eclipse/m2e/core/internal/lifecyclemapping/model/PluginExecutionFilter;.<clinit>()V> (0x00000000d5585c30) 
thrown [s\src\hotspot\share\prims\jni.cpp, line 1111]
Event: 9265.917 Thread 0x0000023edc44c200 Exception <a 'java/lang/NoSuchMethodError'{0x00000000d55a5958}: static Lorg/eclipse/m2e/core/internal/project/registry/MavenProjectFacade$MavenProjectConfiguration;.<clinit>()V> (0x00000000d55a5958) 
thrown [s\src\hotspot\share\prims\jni.cpp, line 1111]
Event: 9265.925 Thread 0x0000023edc44c200 Implicit null exception at 0x0000023e8b9296f3 to 0x0000023e8b929d04
Event: 9265.926 Thread 0x0000023edc44c200 Exception <a 'java/lang/NoSuchMethodError'{0x00000000d55c1840}: static [J.<clinit>()V> (0x00000000d55c1840) 
thrown [s\src\hotspot\share\prims\jni.cpp, line 1111]

ZGC Phase Switch (0 events):
No events

VM Operations (20 events):
Event: 10283.956 Executing non-safepoint VM operation: HandshakeAllThreads (HandshakeForDeflation)
Event: 10283.967 Executing non-safepoint VM operation: HandshakeAllThreads (HandshakeForDeflation) done
Event: 10283.967 Executing non-safepoint VM operation: RendezvousGCThreads
Event: 10283.968 Executing non-safepoint VM operation: RendezvousGCThreads done
Event: 10344.122 Executing non-safepoint VM operation: HandshakeAllThreads (HandshakeForDeflation)
Event: 10344.130 Executing non-safepoint VM operation: HandshakeAllThreads (HandshakeForDeflation) done
Event: 10344.130 Executing non-safepoint VM operation: RendezvousGCThreads
Event: 10344.130 Executing non-safepoint VM operation: RendezvousGCThreads done
Event: 10435.070 Executing safepoint VM operation: ParallelGCFailedAllocation (Allocation Failure)
Event: 10435.425 Executing safepoint VM operation: ParallelGCFailedAllocation (Allocation Failure) done
Event: 11186.215 Executing non-safepoint VM operation: HandshakeAllThreads (HandshakeForDeflation)
Event: 11186.245 Executing non-safepoint VM operation: HandshakeAllThreads (HandshakeForDeflation) done
Event: 11186.246 Executing non-safepoint VM operation: RendezvousGCThreads
Event: 11186.246 Executing non-safepoint VM operation: RendezvousGCThreads done
Event: 11189.909 Executing safepoint VM operation: ParallelGCFailedAllocation (Allocation Failure)
Event: 11190.253 Executing safepoint VM operation: ParallelGCFailedAllocation (Allocation Failure) done
Event: 12087.407 Executing non-safepoint VM operation: HandshakeAllThreads (HandshakeForDeflation)
Event: 12087.424 Executing non-safepoint VM operation: HandshakeAllThreads (HandshakeForDeflation) done
Event: 12087.424 Executing non-safepoint VM operation: RendezvousGCThreads
Event: 12087.425 Executing non-safepoint VM operation: RendezvousGCThreads done

Memory protections (0 events):
No events

Nmethod flushes (20 events):
Event: 9051.214 Thread 0x0000023e9624b480 flushing  nmethod 0x0000023e8615ab10
Event: 9051.214 Thread 0x0000023e9624b480 flushing  nmethod 0x0000023e86166710
Event: 9051.214 Thread 0x0000023e9624b480 flushing  nmethod 0x0000023e861d5110
Event: 9051.214 Thread 0x0000023e9624b480 flushing  nmethod 0x0000023e861d7410
Event: 9051.214 Thread 0x0000023e9624b480 flushing  nmethod 0x0000023e8626c610
Event: 9051.214 Thread 0x0000023e9624b480 flushing  nmethod 0x0000023e862a6010
Event: 9051.214 Thread 0x0000023e9624b480 flushing  nmethod 0x0000023e862a6690
Event: 9051.214 Thread 0x0000023e9624b480 flushing osr nmethod 0x0000023e86304d10
Event: 9051.214 Thread 0x0000023e9624b480 flushing  nmethod 0x0000023e8635a490
Event: 9051.215 Thread 0x0000023e9624b480 flushing  nmethod 0x0000023e8635ce90
Event: 9051.215 Thread 0x0000023e9624b480 flushing  nmethod 0x0000023e86360f10
Event: 9051.215 Thread 0x0000023e9624b480 flushing  nmethod 0x0000023e86367510
Event: 9051.216 Thread 0x0000023e9624b480 flushing  nmethod 0x0000023e863a5a90
Event: 9051.216 Thread 0x0000023e9624b480 flushing  nmethod 0x0000023e863ace90
Event: 9051.216 Thread 0x0000023e9624b480 flushing  nmethod 0x0000023e863bcd10
Event: 9051.216 Thread 0x0000023e9624b480 flushing  nmethod 0x0000023e863e9410
Event: 9051.216 Thread 0x0000023e9624b480 flushing  nmethod 0x0000023e86471e10
Event: 9051.216 Thread 0x0000023e9624b480 flushing  nmethod 0x0000023e8647ca10
Event: 9051.216 Thread 0x0000023e9624b480 flushing  nmethod 0x0000023e86495090
Event: 9051.217 Thread 0x0000023e9624b480 flushing  nmethod 0x0000023e86496d10

Events (20 events):
Event: 9234.612 Thread 0x0000023edf8f4670 Thread exited: 0x0000023edf8f4670
Event: 9235.239 Thread 0x0000023edc44c200 Thread added: 0x0000023edf8f04d0
Event: 9235.794 Thread 0x0000023edcd88890 Thread added: 0x0000023edf8f6dd0
Event: 9265.475 Thread 0x0000023edc44c200 Thread added: 0x0000023edf8f2c30
Event: 9265.478 Thread 0x0000023edf8f2c30 Thread exited: 0x0000023edf8f2c30
Event: 9265.530 Thread 0x0000023edc44c200 Thread added: 0x0000023edf8f32c0
Event: 9265.531 Thread 0x0000023edf8f32c0 Thread added: 0x0000023edf8f2c30
Event: 9265.531 Thread 0x0000023edf8f32c0 Thread added: 0x0000023edf8f4670
Event: 9265.532 Thread 0x0000023edf8f4670 Thread exited: 0x0000023edf8f4670
Event: 9265.532 Thread 0x0000023edf8f2c30 Thread exited: 0x0000023edf8f2c30
Event: 9265.532 Thread 0x0000023edf8f32c0 Thread exited: 0x0000023edf8f32c0
Event: 9294.625 Thread 0x0000023edf8f4d00 Thread exited: 0x0000023edf8f4d00
Event: 9295.795 Thread 0x0000023edf8f04d0 Thread exited: 0x0000023edf8f04d0
Event: 9298.390 Thread 0x0000023edf8f6dd0 Thread exited: 0x0000023edf8f6dd0
Event: 9327.712 Thread 0x0000023edc445f90 Thread exited: 0x0000023edc445f90
Event: 9359.493 Thread 0x0000023edf8f0b60 Thread exited: 0x0000023edf8f0b60
Event: 9359.689 Thread 0x0000023edf8f1f10 Thread exited: 0x0000023edf8f1f10
Event: 9369.737 Thread 0x0000023edf8f5a20 Thread exited: 0x0000023edf8f5a20
Event: 9398.681 Thread 0x0000023edc449aa0 Thread exited: 0x0000023edc449aa0
Event: 9533.273 Thread 0x0000023edc4486f0 Thread exited: 0x0000023edc4486f0


Dynamic libraries:
0x00007ff631d10000 - 0x00007ff631d1e000 	c:\Users\hp\.antigravity-ide\extensions\redhat.java-1.55.0-win32-x64\jre\21.0.11-win32-x86_64\bin\java.exe
0x00007ffb39fa0000 - 0x00007ffb3a1a9000 	C:\Windows\SYSTEM32\ntdll.dll
0x00007ffb37df0000 - 0x00007ffb37ead000 	C:\Windows\System32\KERNEL32.DLL
0x00007ffb375f0000 - 0x00007ffb37974000 	C:\Windows\System32\KERNELBASE.dll
0x00007ffb37430000 - 0x00007ffb37541000 	C:\Windows\System32\ucrtbase.dll
0x00007ffb0a710000 - 0x00007ffb0a728000 	c:\Users\hp\.antigravity-ide\extensions\redhat.java-1.55.0-win32-x64\jre\21.0.11-win32-x86_64\bin\jli.dll
0x00007ffb38c80000 - 0x00007ffb38e2d000 	C:\Windows\System32\USER32.dll
0x00007ffb37550000 - 0x00007ffb37576000 	C:\Windows\System32\win32u.dll
0x00007ffb39600000 - 0x00007ffb3962a000 	C:\Windows\System32\GDI32.dll
0x00007ffb37b60000 - 0x00007ffb37c7e000 	C:\Windows\System32\gdi32full.dll
0x00007ffb37a40000 - 0x00007ffb37add000 	C:\Windows\System32\msvcp_win.dll
0x00007ffafdc40000 - 0x00007ffafdc5e000 	c:\Users\hp\.antigravity-ide\extensions\redhat.java-1.55.0-win32-x64\jre\21.0.11-win32-x86_64\bin\VCRUNTIME140.dll
0x00007ffb279d0000 - 0x00007ffb27c75000 	C:\Windows\WinSxS\amd64_microsoft.windows.common-controls_6595b64144ccf1df_6.0.22000.120_none_9d947278b86cc467\COMCTL32.dll
0x00007ffb39eb0000 - 0x00007ffb39f53000 	C:\Windows\System32\msvcrt.dll
0x00007ffb381a0000 - 0x00007ffb381d1000 	C:\Windows\System32\IMM32.DLL
0x00007ffafdc10000 - 0x00007ffafdc1c000 	c:\Users\hp\.antigravity-ide\extensions\redhat.java-1.55.0-win32-x64\jre\21.0.11-win32-x86_64\bin\vcruntime140_1.dll
0x00007ffaae800000 - 0x00007ffaae88d000 	c:\Users\hp\.antigravity-ide\extensions\redhat.java-1.55.0-win32-x64\jre\21.0.11-win32-x86_64\bin\msvcp140.dll
0x00007ffaaac90000 - 0x00007ffaaba32000 	c:\Users\hp\.antigravity-ide\extensions\redhat.java-1.55.0-win32-x64\jre\21.0.11-win32-x86_64\bin\server\jvm.dll
0x00007ffb39840000 - 0x00007ffb398ee000 	C:\Windows\System32\ADVAPI32.dll
0x00007ffb39630000 - 0x00007ffb396ce000 	C:\Windows\System32\sechost.dll
0x00007ffb37eb0000 - 0x00007ffb37fd1000 	C:\Windows\System32\RPCRT4.dll
0x00007ffb381e0000 - 0x00007ffb3824f000 	C:\Windows\System32\WS2_32.dll
0x00007ffb35d90000 - 0x00007ffb35ddd000 	C:\Windows\SYSTEM32\POWRPROF.dll
0x00007ffb2f8e0000 - 0x00007ffb2f913000 	C:\Windows\SYSTEM32\WINMM.dll
0x00007ffb254f0000 - 0x00007ffb254fa000 	C:\Windows\SYSTEM32\VERSION.dll
0x00007ffb35e80000 - 0x00007ffb35e93000 	C:\Windows\SYSTEM32\UMPDC.dll
0x00007ffb36590000 - 0x00007ffb365a8000 	C:\Windows\SYSTEM32\kernel.appcore.dll
0x00007ffab8c50000 - 0x00007ffab8c5a000 	c:\Users\hp\.antigravity-ide\extensions\redhat.java-1.55.0-win32-x64\jre\21.0.11-win32-x86_64\bin\jimage.dll
0x00007ffb226e0000 - 0x00007ffb22901000 	C:\Windows\SYSTEM32\DBGHELP.DLL
0x00007ffb20ec0000 - 0x00007ffb20ef1000 	C:\Windows\SYSTEM32\dbgcore.DLL
0x00007ffb37ae0000 - 0x00007ffb37b5f000 	C:\Windows\System32\bcryptPrimitives.dll
0x00007ffaaeae0000 - 0x00007ffaaeaef000 	c:\Users\hp\.antigravity-ide\extensions\redhat.java-1.55.0-win32-x64\jre\21.0.11-win32-x86_64\bin\instrument.dll
0x00007ffaac310000 - 0x00007ffaac330000 	c:\Users\hp\.antigravity-ide\extensions\redhat.java-1.55.0-win32-x64\jre\21.0.11-win32-x86_64\bin\java.dll
0x00007ffb38e30000 - 0x00007ffb395f5000 	C:\Windows\System32\SHELL32.dll
0x00007ffb35510000 - 0x00007ffb35d72000 	C:\Windows\SYSTEM32\windows.storage.dll
0x00007ffb38770000 - 0x00007ffb38ae6000 	C:\Windows\System32\combase.dll
0x00007ffb353a0000 - 0x00007ffb35507000 	C:\Windows\SYSTEM32\wintypes.dll
0x00007ffb38b70000 - 0x00007ffb38c5a000 	C:\Windows\System32\SHCORE.dll
0x00007ffb38710000 - 0x00007ffb3876d000 	C:\Windows\System32\shlwapi.dll
0x00007ffb37360000 - 0x00007ffb37385000 	C:\Windows\SYSTEM32\profapi.dll
0x00007ffaae7e0000 - 0x00007ffaae7f8000 	c:\Users\hp\.antigravity-ide\extensions\redhat.java-1.55.0-win32-x64\jre\21.0.11-win32-x86_64\bin\zip.dll
0x00007ffaae7d0000 - 0x00007ffaae7e0000 	C:\Users\hp\.antigravity-ide\extensions\redhat.java-1.55.0-win32-x64\jre\21.0.11-win32-x86_64\bin\net.dll
0x00007ffb2f350000 - 0x00007ffb2f464000 	C:\Windows\SYSTEM32\WINHTTP.dll
0x00007ffb36a40000 - 0x00007ffb36aa7000 	C:\Windows\system32\mswsock.dll
0x00007ffaaceb0000 - 0x00007ffaacec6000 	C:\Users\hp\.antigravity-ide\extensions\redhat.java-1.55.0-win32-x64\jre\21.0.11-win32-x86_64\bin\nio.dll
0x00007ffaae7a0000 - 0x00007ffaae7b0000 	c:\Users\hp\.antigravity-ide\extensions\redhat.java-1.55.0-win32-x64\jre\21.0.11-win32-x86_64\bin\verify.dll
0x00007ffab6c30000 - 0x00007ffab6c75000 	C:\Users\hp\AppData\Roaming\Antigravity IDE\User\globalStorage\redhat.java\1.55.0\config_win\org.eclipse.equinox.launcher\org.eclipse.equinox.launcher.win32.win32.x86_64_1.3.100.v20260613-0559\eclipse_11924.dll
0x00007ffb38320000 - 0x00007ffb384ba000 	C:\Windows\System32\ole32.dll
0x00007ffb36c90000 - 0x00007ffb36ca8000 	C:\Windows\SYSTEM32\CRYPTSP.dll
0x00007ffb364f0000 - 0x00007ffb36525000 	C:\Windows\system32\rsaenh.dll
0x00007ffb36b30000 - 0x00007ffb36b5c000 	C:\Windows\SYSTEM32\USERENV.dll
0x00007ffb36e00000 - 0x00007ffb36e27000 	C:\Windows\SYSTEM32\bcrypt.dll
0x00007ffb36c80000 - 0x00007ffb36c8c000 	C:\Windows\SYSTEM32\CRYPTBASE.dll
0x00007ffb360b0000 - 0x00007ffb360dd000 	C:\Windows\SYSTEM32\IPHLPAPI.DLL
0x00007ffb386f0000 - 0x00007ffb386f9000 	C:\Windows\System32\NSI.dll
0x00007ffb26470000 - 0x00007ffb264b9000 	C:\Users\hp\AppData\Local\Temp\jna-102042227\jna4722771636903666455.dll
0x00007ffb39900000 - 0x00007ffb39908000 	C:\Windows\System32\PSAPI.DLL
0x00007ffb2f330000 - 0x00007ffb2f349000 	C:\Windows\SYSTEM32\dhcpcsvc6.DLL
0x00007ffb2f710000 - 0x00007ffb2f72e000 	C:\Windows\SYSTEM32\dhcpcsvc.DLL
0x00007ffb360e0000 - 0x00007ffb361c7000 	C:\Windows\SYSTEM32\DNSAPI.dll
0x00007ffb2b940000 - 0x00007ffb2b94a000 	C:\Windows\System32\rasadhlp.dll
0x00007ffb2c430000 - 0x00007ffb2c4b1000 	C:\Windows\System32\fwpuclnt.dll
0x00007ffb33ce0000 - 0x00007ffb33ce9000 	C:\Users\hp\.antigravity-ide\extensions\redhat.java-1.55.0-win32-x64\jre\21.0.11-win32-x86_64\bin\extnet.dll
0x00007ffb30080000 - 0x00007ffb3008e000 	C:\Users\hp\.antigravity-ide\extensions\redhat.java-1.55.0-win32-x64\jre\21.0.11-win32-x86_64\bin\sunmscapi.dll
0x00007ffb37c80000 - 0x00007ffb37de2000 	C:\Windows\System32\CRYPT32.dll
0x00007ffb36dd0000 - 0x00007ffb36df8000 	C:\Windows\SYSTEM32\ncrypt.dll
0x00007ffb36d90000 - 0x00007ffb36dc7000 	C:\Windows\SYSTEM32\NTASN1.dll
0x00007ffb365b0000 - 0x00007ffb365e4000 	C:\Windows\SYSTEM32\ntmarta.dll

JVMTI agents:
c:\Users\hp\.antigravity-ide\extensions\redhat.java-1.55.0-win32-x64\lombok\lombok-1.18.39-4050.jar path:c:\Users\hp\.antigravity-ide\extensions\redhat.java-1.55.0-win32-x64\jre\21.0.11-win32-x86_64\bin\instrument.dll, loaded, initialized, instrumentlib options:none

dbghelp: loaded successfully - version: 4.0.5 - missing functions: none
symbol engine: initialized successfully - sym options: 0x614 - pdb path: .;c:\Users\hp\.antigravity-ide\extensions\redhat.java-1.55.0-win32-x64\jre\21.0.11-win32-x86_64\bin;C:\Windows\SYSTEM32;C:\Windows\WinSxS\amd64_microsoft.windows.common-controls_6595b64144ccf1df_6.0.22000.120_none_9d947278b86cc467;c:\Users\hp\.antigravity-ide\extensions\redhat.java-1.55.0-win32-x64\jre\21.0.11-win32-x86_64\bin\server;C:\Users\hp\AppData\Roaming\Antigravity IDE\User\globalStorage\redhat.java\1.55.0\config_win\org.eclipse.equinox.launcher\org.eclipse.equinox.launcher.win32.win32.x86_64_1.3.100.v20260613-0559;C:\Users\hp\AppData\Local\Temp\jna-102042227

VM Arguments:
jvm_args: --add-modules=ALL-SYSTEM --add-opens=java.base/java.util=ALL-UNNAMED --add-opens=java.base/java.lang=ALL-UNNAMED --add-opens=java.base/sun.nio.fs=ALL-UNNAMED -Declipse.application=org.eclipse.jdt.ls.core.id1 -Dosgi.bundles.defaultStartLevel=4 -Declipse.product=org.eclipse.jdt.ls.core.product -Djava.import.generatesMetadataFilesAtProjectRoot=false -DDetectVMInstallationsJob.disabled=true -Dfile.encoding=utf8 -XX:+UseParallelGC -XX:GCTimeRatio=4 -XX:AdaptiveSizePolicyWeight=90 -Dsun.zip.disableMemoryMapping=true -Xmx2G -Xms100m -Xlog:disable -javaagent:c:\Users\hp\.antigravity-ide\extensions\redhat.java-1.55.0-win32-x64\lombok\lombok-1.18.39-4050.jar -XX:+HeapDumpOnOutOfMemoryError -XX:HeapDumpPath=c:\Users\hp\AppData\Roaming\Antigravity IDE\User\workspaceStorage\ad489217714ec6666d52a138a1669afa\redhat.java -Daether.dependencyCollector.impl=bf 
java_command: c:\Users\hp\.antigravity-ide\extensions\redhat.java-1.55.0-win32-x64\server\plugins\org.eclipse.equinox.launcher_1.7.200.v20260619-2039.jar -configuration c:\Users\hp\AppData\Roaming\Antigravity IDE\User\globalStorage\redhat.java\1.55.0\config_win -data c:\Users\hp\AppData\Roaming\Antigravity IDE\User\workspaceStorage\ad489217714ec6666d52a138a1669afa\redhat.java\jdt_ws --pipe=\\.\pipe\lsp-c41dd249124d687b768d475bbd3c7ba8-sock
java_class_path (initial): c:\Users\hp\.antigravity-ide\extensions\redhat.java-1.55.0-win32-x64\server\plugins\org.eclipse.equinox.launcher_1.7.200.v20260619-2039.jar
Launcher Type: SUN_STANDARD

[Global flags]
    uintx AdaptiveSizePolicyWeight                 = 90                                        {product} {command line}
     intx CICompilerCount                          = 3                                         {product} {ergonomic}
    uintx GCTimeRatio                              = 4                                         {product} {command line}
     bool HeapDumpOnOutOfMemoryError               = true                                   {manageable} {command line}
    ccstr HeapDumpPath                             = c:\Users\hp\AppData\Roaming\Antigravity IDE\User\workspaceStorage\ad489217714ec6666d52a138a1669afa\redhat.java         {manageable} {command line}
   size_t InitialHeapSize                          = 104857600                                 {product} {command line}
   size_t MaxHeapSize                              = 2147483648                                {product} {command line}
   size_t MaxNewSize                               = 715653120                                 {product} {ergonomic}
   size_t MinHeapDeltaBytes                        = 524288                                    {product} {ergonomic}
   size_t MinHeapSize                              = 104857600                                 {product} {command line}
   size_t NewSize                                  = 34603008                                  {product} {ergonomic}
    uintx NonNMethodCodeHeapSize                   = 5832780                                {pd product} {ergonomic}
    uintx NonProfiledCodeHeapSize                  = 122912730                              {pd product} {ergonomic}
   size_t OldSize                                  = 70254592                                  {product} {ergonomic}
    uintx ProfiledCodeHeapSize                     = 122912730                              {pd product} {ergonomic}
    uintx ReservedCodeCacheSize                    = 251658240                              {pd product} {ergonomic}
     bool SegmentedCodeCache                       = true                                      {product} {ergonomic}
   size_t SoftMaxHeapSize                          = 2147483648                             {manageable} {ergonomic}
     bool UseCompressedOops                        = true                           {product lp64_product} {ergonomic}
     bool UseLargePagesIndividualAllocation        = false                                  {pd product} {ergonomic}
     bool UseParallelGC                            = true                                      {product} {command line}

Logging:
Log output configuration:
 #0: stdout all=off uptime,level,tags foldmultilines=false
 #1: stderr all=off uptime,level,tags foldmultilines=false

Release file:
JAVA_VERSION="21.0.11" 
MODULES="java.base java.compiler java.datatransfer java.xml java.prefs java.desktop java.instrument java.logging java.management java.security.sasl java.naming java.rmi java.management.rmi java.net.http java.scripting java.security.jgss java.transaction.xa java.sql java.sql.rowset java.xml.crypto java.se java.smartcardio jdk.accessibility jdk.internal.jvmstat jdk.attach jdk.charsets jdk.internal.opt jdk.zipfs jdk.compiler jdk.crypto.ec jdk.crypto.cryptoki jdk.crypto.mscapi jdk.dynalink jdk.internal.ed jdk.editpad jdk.hotspot.agent jdk.httpserver jdk.internal.le jdk.internal.vm.ci jdk.internal.vm.compiler jdk.internal.vm.compiler.management jdk.jartool jdk.javadoc jdk.jcmd jdk.management jdk.management.agent jdk.jconsole jdk.jdeps jdk.jdwp.agent jdk.jdi jdk.jfr jdk.jshell jdk.jsobject jdk.jstatd jdk.localedata jdk.management.jfr jdk.naming.dns jdk.naming.rmi jdk.net jdk.nio.mapmode jdk.random jdk.sctp jdk.security.auth jdk.security.jgss jdk.unsupported jdk.unsupported.desktop jdk.xml.dom" 

Environment Variables:
JAVA_HOME=C:\Program Files\Java\jdk-21
PATH=C:\Python314\Scripts\;C:\Python314\;%JAVA_HOME%\bin;C:\Windows\system32;C:\Windows;C:\Windows\System32\Wbem;C:\Windows\System32\WindowsPowerShell\v1.0\;C:\Windows\System32\OpenSSH\;C:\Program Files\Git\cmd;C:\Program Files\nodejs\;C:\ProgramData\chocolatey\bin;C:\Users\hp\.local\bin;C:\Users\hp\AppData\Local\Microsoft\WindowsApps;C:\Users\hp\AppData\Local\Programs\Microsoft VS Code\bin;C:\Program Files\Java\jdk-21\bin;C:\Users\hp\.m2\wrapper\dists\apache-maven-3.9.9\8e74001100ff70d6af083c5511fcc5ec49282d7017cde82c3698eee8fdf86698\bin;C:\Users\hp\AppData\Local\Programs\Antigravity IDE\bin;C:\Users\hp\AppData\Local\Programs\cursor\resources\app\bin;C:\Users\hp\AppData\Roaming\npm;C:\Users\hp\AppData\Local\Programs\Devin\bin
USERNAME=kibet
OS=Windows_NT
PROCESSOR_IDENTIFIER=Intel64 Family 6 Model 61 Stepping 4, GenuineIntel
TMP=C:\Users\hp\AppData\Local\Temp
TEMP=C:\Users\hp\AppData\Local\Temp




Periodic native trim disabled

---------------  S Y S T E M  ---------------

OS:
 Windows 11 , 64 bit Build 22000 (10.0.22000.2538)
OS uptime: 0 days 3:25 hours

CPU: total 4 (initial active 4) (2 cores per cpu, 2 threads per core) family 6 model 61 stepping 4 microcode 0x2f, cx8, cmov, fxsr, ht, mmx, 3dnowpref, sse, sse2, sse3, ssse3, sse4.1, sse4.2, popcnt, lzcnt, tsc, tscinvbit, avx, avx2, aes, erms, clmul, bmi1, bmi2, rtm, adx, fma, vzeroupper, clflush, rdtscp, f16c
Processor Information for the first 4 processors :
  Max Mhz: 2301, Current Mhz: 2301, Mhz Limit: 2301

Memory: 4k page, system-wide physical 3971M (31M free)
TotalPageFile size 16259M (AvailPageFile size 0M)
current process WorkingSet (physical memory assigned to process): 6M, peak: 640M
current process commit charge ("private bytes"): 782M, peak: 1753M

vm_info: OpenJDK 64-Bit Server VM (21.0.11+10-LTS) for windows-amd64 JRE (21.0.11+10-LTS), built on 2026-04-21T00:00:00Z by "admin" with MS VC++ 17.12 (VS2022)

END.
