#
# There is insufficient memory for the Java Runtime Environment to continue.
# Native memory allocation (malloc) failed to allocate 1046896 bytes. Error detail: Chunk::new
# Possible reasons:
#   The system is out of physical RAM or swap space
#   This process is running with CompressedOops enabled, and the Java Heap may be blocking the growth of the native heap
# Possible solutions:
#   Reduce memory load on the system
#   Increase physical memory or swap space
#   Check if swap backing store is full
#   Decrease Java heap size (-Xmx/-Xms)
#   Decrease number of Java threads
#   Decrease Java thread stack sizes (-Xss)
#   Set larger code cache with -XX:ReservedCodeCacheSize=
#   JVM is running with Unscaled Compressed Oops mode in which the Java heap is
#     placed in the first 4GB address space. The Java Heap base address is the
#     maximum limit for the native heap growth. Please use -XX:HeapBaseMinAddress
#     to set the Java Heap base and to place the Java Heap above 4GB virtual address.
# This output file may be truncated or incomplete.
#
#  Out of Memory Error (arena.cpp:168), pid=6704, tid=3364
#
# JRE version: OpenJDK Runtime Environment Temurin-21.0.11+10 (21.0.11+10) (build 21.0.11+10-LTS)
# Java VM: OpenJDK 64-Bit Server VM Temurin-21.0.11+10 (21.0.11+10-LTS, mixed mode, sharing, tiered, compressed oops, compressed class ptrs, parallel gc, windows-amd64)
# No core dump will be written. Minidumps are not enabled by default on client versions of Windows
#

---------------  S U M M A R Y ------------

Command Line: --add-modules=ALL-SYSTEM --add-opens=java.base/java.util=ALL-UNNAMED --add-opens=java.base/java.lang=ALL-UNNAMED --add-opens=java.base/sun.nio.fs=ALL-UNNAMED -Declipse.application=org.eclipse.jdt.ls.core.id1 -Dosgi.bundles.defaultStartLevel=4 -Declipse.product=org.eclipse.jdt.ls.core.product -Djava.import.generatesMetadataFilesAtProjectRoot=false -DDetectVMInstallationsJob.disabled=true -Dfile.encoding=utf8 -XX:+UseParallelGC -XX:GCTimeRatio=4 -XX:AdaptiveSizePolicyWeight=90 -Dsun.zip.disableMemoryMapping=true -Xmx2G -Xms100m -Xlog:disable -javaagent:c:\Users\hp\.vscode\extensions\redhat.java-1.55.0-win32-x64\lombok\lombok-1.18.39-4050.jar -XX:+HeapDumpOnOutOfMemoryError -XX:HeapDumpPath=c:\Users\hp\AppData\Roaming\Code\User\workspaceStorage\ad489217714ec6666d52a138a1669afa\redhat.java -Daether.dependencyCollector.impl=bf c:\Users\hp\.vscode\extensions\redhat.java-1.55.0-win32-x64\server\plugins\org.eclipse.equinox.launcher_1.7.200.v20260619-2039.jar -configuration c:\Users\hp\AppData\Roaming\Code\User\globalStorage\redhat.java\1.55.0\config_win -data c:\Users\hp\AppData\Roaming\Code\User\workspaceStorage\ad489217714ec6666d52a138a1669afa\redhat.java\jdt_ws --pipe=\\.\pipe\lsp-b26ae98dd27805b68259ab0b295fbd8a-sock

Host: Intel(R) Core(TM) i5-5300U CPU @ 2.30GHz, 4 cores, 3G,  Windows 11 , 64 bit Build 22000 (10.0.22000.2538)
Time: Fri Aug  7 15:28:17 2026 E. Africa Standard Time elapsed time: 1845.130301 seconds (0d 0h 30m 45s)

---------------  T H R E A D  ---------------

Current thread (0x00000253a6a0a6a0):  JavaThread "C2 CompilerThread0" daemon [_thread_in_native, id=3364, stack(0x0000009f02e00000,0x0000009f02f00000) (1024K)]


Current CompileTask:
C2:1845130 22016       4       org.eclipse.jdt.internal.compiler.lookup.MethodVerifier15::checkMethods (1164 bytes)

Stack: [0x0000009f02e00000,0x0000009f02f00000]
Native frames: (J=compiled Java code, j=interpreted, Vv=VM code, C=native code)
V  [jvm.dll+0x6d7e19]
V  [jvm.dll+0x8b5096]
V  [jvm.dll+0x8b764e]
V  [jvm.dll+0x8b7d33]
V  [jvm.dll+0x284596]
V  [jvm.dll+0xc685d]
V  [jvm.dll+0xc6da1]
V  [jvm.dll+0x2fb4ee]
V  [jvm.dll+0x5fe9a4]
V  [jvm.dll+0x255d67]
V  [jvm.dll+0x25612d]
V  [jvm.dll+0x24e6a0]
V  [jvm.dll+0x24bbe6]
V  [jvm.dll+0x1cb4ae]
V  [jvm.dll+0x25baad]
V  [jvm.dll+0x25a03a]
V  [jvm.dll+0x3f868e]
V  [jvm.dll+0x85fb0d]
V  [jvm.dll+0x6d664d]
C  [ucrtbase.dll+0x26c0c]
C  [KERNEL32.DLL+0x153e0]
C  [ntdll.dll+0x485b]


---------------  P R O C E S S  ---------------

Threads class SMR info:
_java_thread_list=0x00000253857697f0, length=42, elements={
0x00000253a6b1b5a0, 0x00000253a69fd900, 0x00000253a6a00880, 0x00000253a6a05a90,
0x00000253a6a067b0, 0x00000253a6a08b20, 0x00000253a6a096b0, 0x00000253a6a0a6a0,
0x00000253a6a79af0, 0x00000253ff235b10, 0x00000253ff3989c0, 0x00000253ff1c7430,
0x00000253ff83c7e0, 0x00000253ffba80b0, 0x000002538426c2f0, 0x0000025384443900,
0x00000253844419d0, 0x00000253ffc08490, 0x00000253ffb5b280, 0x00000253849116e0,
0x00000253849172c0, 0x0000025384912400, 0x00000253849109c0, 0x00000253849137b0,
0x0000025384915f10, 0x0000025384913e40, 0x00000253849144d0, 0x0000025384914b60,
0x0000025384912a90, 0x0000025384913120, 0x000002538652d2d0, 0x000002538652ed10,
0x0000025386528410, 0x000002538652b890, 0x000002538652bf20, 0x000002539224b3d0,
0x000002539224d4a0, 0x000002539224c0f0, 0x0000025384915880, 0x0000025384916c30,
0x0000025384911050, 0x00000253ffb5b910
}

Java Threads: ( => current thread )
  0x00000253a6b1b5a0 JavaThread "main"                              [_thread_blocked, id=10540, stack(0x0000009f02300000,0x0000009f02400000) (1024K)]
  0x00000253a69fd900 JavaThread "Reference Handler"          daemon [_thread_blocked, id=1788, stack(0x0000009f02800000,0x0000009f02900000) (1024K)]
  0x00000253a6a00880 JavaThread "Finalizer"                  daemon [_thread_blocked, id=9848, stack(0x0000009f02900000,0x0000009f02a00000) (1024K)]
  0x00000253a6a05a90 JavaThread "Signal Dispatcher"          daemon [_thread_blocked, id=15808, stack(0x0000009f02a00000,0x0000009f02b00000) (1024K)]
  0x00000253a6a067b0 JavaThread "Attach Listener"            daemon [_thread_blocked, id=9476, stack(0x0000009f02b00000,0x0000009f02c00000) (1024K)]
  0x00000253a6a08b20 JavaThread "Service Thread"             daemon [_thread_blocked, id=3588, stack(0x0000009f02c00000,0x0000009f02d00000) (1024K)]
  0x00000253a6a096b0 JavaThread "Monitor Deflation Thread"   daemon [_thread_blocked, id=992, stack(0x0000009f02d00000,0x0000009f02e00000) (1024K)]
=>0x00000253a6a0a6a0 JavaThread "C2 CompilerThread0"         daemon [_thread_in_native, id=3364, stack(0x0000009f02e00000,0x0000009f02f00000) (1024K)]
  0x00000253a6a79af0 JavaThread "C1 CompilerThread0"         daemon [_thread_blocked, id=11048, stack(0x0000009f02f00000,0x0000009f03000000) (1024K)]
  0x00000253ff235b10 JavaThread "Common-Cleaner"             daemon [_thread_blocked, id=19336, stack(0x0000009f03000000,0x0000009f03100000) (1024K)]
  0x00000253ff3989c0 JavaThread "Notification Thread"        daemon [_thread_blocked, id=15680, stack(0x0000009f03100000,0x0000009f03200000) (1024K)]
  0x00000253ff1c7430 JavaThread "Active Thread: Equinox Container: cd0db386-a6cf-4cc5-a718-3630b01e77f0"        [_thread_blocked, id=17756, stack(0x0000009f03500000,0x0000009f03600000) (1024K)]
  0x00000253ff83c7e0 JavaThread "Refresh Thread: Equinox Container: cd0db386-a6cf-4cc5-a718-3630b01e77f0" daemon [_thread_blocked, id=19196, stack(0x0000009f03700000,0x0000009f03800000) (1024K)]
  0x00000253ffba80b0 JavaThread "Framework Event Dispatcher: Equinox Container: cd0db386-a6cf-4cc5-a718-3630b01e77f0" daemon [_thread_blocked, id=3060, stack(0x0000009f03600000,0x0000009f03700000) (1024K)]
  0x000002538426c2f0 JavaThread "Start Level: Equinox Container: cd0db386-a6cf-4cc5-a718-3630b01e77f0" daemon [_thread_blocked, id=16732, stack(0x0000009f03800000,0x0000009f03900000) (1024K)]
  0x0000025384443900 JavaThread "Bundle File Closer"         daemon [_thread_blocked, id=4788, stack(0x0000009f03900000,0x0000009f03a00000) (1024K)]
  0x00000253844419d0 JavaThread "SCR Component Actor"        daemon [_thread_blocked, id=1324, stack(0x0000009f03a00000,0x0000009f03b00000) (1024K)]
  0x00000253ffc08490 JavaThread "Worker-JM"                         [_thread_blocked, id=19472, stack(0x0000009f03b00000,0x0000009f03c00000) (1024K)]
  0x00000253ffb5b280 JavaThread "JNA Cleaner"                daemon [_thread_blocked, id=13748, stack(0x0000009f03c00000,0x0000009f03d00000) (1024K)]
  0x00000253849116e0 JavaThread "Java indexing"              daemon [_thread_in_native, id=14448, stack(0x0000009f03f00000,0x0000009f04000000) (1024K)]
  0x00000253849172c0 JavaThread "Thread-1"                   daemon [_thread_in_native, id=19616, stack(0x0000009f04500000,0x0000009f04600000) (1024K)]
  0x0000025384912400 JavaThread "Thread-2"                   daemon [_thread_in_native, id=18496, stack(0x0000009f04600000,0x0000009f04700000) (1024K)]
  0x00000253849109c0 JavaThread "Thread-3"                   daemon [_thread_in_native, id=17196, stack(0x0000009f04700000,0x0000009f04800000) (1024K)]
  0x00000253849137b0 JavaThread "Thread-4"                   daemon [_thread_in_native, id=19320, stack(0x0000009f04800000,0x0000009f04900000) (1024K)]
  0x0000025384915f10 JavaThread "Thread-5"                   daemon [_thread_in_native, id=18580, stack(0x0000009f04900000,0x0000009f04a00000) (1024K)]
  0x0000025384913e40 JavaThread "pool-2-thread-1"                   [_thread_blocked, id=16180, stack(0x0000009f04a00000,0x0000009f04b00000) (1024K)]
  0x00000253849144d0 JavaThread "WorkspaceEventsHandler"            [_thread_blocked, id=6956, stack(0x0000009f04b00000,0x0000009f04c00000) (1024K)]
  0x0000025384914b60 JavaThread "pool-1-thread-1"                   [_thread_blocked, id=12732, stack(0x0000009f04c00000,0x0000009f04d00000) (1024K)]
  0x0000025384912a90 JavaThread "Worker-18"                         [_thread_blocked, id=10904, stack(0x0000009f02700000,0x0000009f02800000) (1024K)]
  0x0000025384913120 JavaThread "Worker-19"                         [_thread_blocked, id=13444, stack(0x0000009f02200000,0x0000009f02300000) (1024K)]
  0x000002538652d2d0 JavaThread "Worker-21: Building"               [_thread_in_Java, id=6876, stack(0x0000009f02100000,0x0000009f02200000) (1024K)]
  0x000002538652ed10 JavaThread "ForkJoinPool.commonPool-worker-13" daemon [_thread_blocked, id=19256, stack(0x0000009f03d00000,0x0000009f03e00000) (1024K)]
  0x0000025386528410 JavaThread "Worker-22: Updating workspace"        [_thread_blocked, id=19736, stack(0x0000009f03e00000,0x0000009f03f00000) (1024K)]
  0x000002538652b890 JavaThread "ForkJoinPool.commonPool-worker-14" daemon [_thread_blocked, id=1076, stack(0x0000009f04000000,0x0000009f04100000) (1024K)]
  0x000002538652bf20 JavaThread "Compiler Source File Reader" daemon [_thread_blocked, id=19836, stack(0x0000009f04100000,0x0000009f04200000) (1024K)]
  0x000002539224b3d0 JavaThread "Compiler Source File Reader" daemon [_thread_blocked, id=8912, stack(0x0000009f04200000,0x0000009f04300000) (1024K)]
  0x000002539224d4a0 JavaThread "LocalFile Deleter"          daemon [_thread_blocked, id=12164, stack(0x0000009f04300000,0x0000009f04400000) (1024K)]
  0x000002539224c0f0 JavaThread "LocalFile Deleter"          daemon [_thread_blocked, id=19536, stack(0x0000009f04400000,0x0000009f04500000) (1024K)]
  0x0000025384915880 JavaThread "Worker-23"                         [_thread_blocked, id=10536, stack(0x0000009f04d00000,0x0000009f04e00000) (1024K)]
  0x0000025384916c30 JavaThread "Compiler Processing Task"   daemon [_thread_in_Java, id=12968, stack(0x0000009f04e00000,0x0000009f04f00000) (1024K)]
  0x0000025384911050 JavaThread "Compiler Class File Writer" daemon [_thread_blocked, id=14480, stack(0x0000009f04f00000,0x0000009f05000000) (1024K)]
  0x00000253ffb5b910 JavaThread "Compiler Class File Writer" daemon [_thread_blocked, id=12972, stack(0x0000009f05000000,0x0000009f05100000) (1024K)]
Total: 42

Other Threads:
  0x00000253a6bd0280 VMThread "VM Thread"                           [id=16416, stack(0x0000009f02600000,0x0000009f02700000) (1024K)]
  0x00000253a69aca00 WatcherThread "VM Periodic Task Thread"        [id=14780, stack(0x0000009f02500000,0x0000009f02600000) (1024K)]
  0x00000253a6b31640 WorkerThread "GC Thread#0"                     [id=14864, stack(0x0000009f02400000,0x0000009f02500000) (1024K)]
  0x00000253ff4ab8b0 WorkerThread "GC Thread#1"                     [id=1684, stack(0x0000009f03200000,0x0000009f03300000) (1024K)]
  0x00000253ff4abc60 WorkerThread "GC Thread#2"                     [id=10080, stack(0x0000009f03300000,0x0000009f03400000) (1024K)]
  0x00000253ff4ac010 WorkerThread "GC Thread#3"                     [id=9996, stack(0x0000009f03400000,0x0000009f03500000) (1024K)]
Total: 6

Threads with active compile tasks:
C2 CompilerThread0  1845313 22016       4       org.eclipse.jdt.internal.compiler.lookup.MethodVerifier15::checkMethods (1164 bytes)
Total: 1

VM state: not at safepoint (normal execution)

VM Mutex/Monitor currently owned by a thread: None

Heap address: 0x0000000080000000, size: 2048 MB, Compressed Oops mode: 32-bit

CDS archive(s) mapped at: [0x00000253be000000-0x00000253beba0000-0x00000253beba0000), size 12189696, SharedBaseAddress: 0x00000253be000000, ArchiveRelocationMode: 1.
Compressed class space mapped at: 0x00000253bf000000-0x00000253ff000000, reserved size: 1073741824
Narrow klass base: 0x00000253be000000, Narrow klass shift: 0, Narrow klass range: 0x100000000

GC Precious Log:
 CardTable entry size: 512
 CPUs: 4 total, 4 available
 Memory: 3971M
 Large Page Support: Disabled
 NUMA Support: Disabled
 Compressed Oops: Enabled (32-bit)
 Alignments: Space 512K, Generation 512K, Heap 2M
 Heap Min Capacity: 100M
 Heap Initial Capacity: 100M
 Heap Max Capacity: 2G
 Pre-touch: Disabled
 Parallel Workers: 4

Heap:
 PSYoungGen      total 2048K, used 501K [0x00000000d5580000, 0x00000000d5880000, 0x0000000100000000)
  eden space 1536K, 7% used [0x00000000d5580000,0x00000000d559d768,0x00000000d5700000)
  from space 512K, 75% used [0x00000000d5800000,0x00000000d5860000,0x00000000d5880000)
  to   space 512K, 0% used [0x00000000d5700000,0x00000000d5700000,0x00000000d5780000)
 ParOldGen       total 584192K, used 147943K [0x0000000080000000, 0x00000000a3a80000, 0x00000000d5580000)
  object space 584192K, 25% used [0x0000000080000000,0x0000000089079f40,0x00000000a3a80000)
 Metaspace       used 78879K, committed 80640K, reserved 1179648K
  class space    used 7734K, committed 8512K, reserved 1048576K

Card table byte_map: [0x00000253a64c0000,0x00000253a68d0000] _byte_map_base: 0x00000253a60c0000

Marking Bits: (ParMarkBitMap*) 0x00007ffd54cc4460
 Begin Bits: [0x00000253b8fd0000, 0x00000253bafd0000)
 End Bits:   [0x00000253bafd0000, 0x00000253bcfd0000)

Polling page: 0x00000253a49b0000

Metaspace:

Usage:
  Non-class:     69.48 MB used.
      Class:      7.55 MB used.
       Both:     77.03 MB used.

Virtual space:
  Non-class space:      128.00 MB reserved,      70.44 MB ( 55%) committed,  2 nodes.
      Class space:        1.00 GB reserved,       8.31 MB ( <1%) committed,  1 nodes.
             Both:        1.12 GB reserved,      78.75 MB (  7%) committed. 

Chunk freelists:
   Non-Class:  8.66 MB
       Class:  7.62 MB
        Both:  16.28 MB

MaxMetaspaceSize: unlimited
CompressedClassSpaceSize: 1.00 GB
Initial GC threshold: 21.00 MB
Current GC threshold: 130.94 MB
CDS: on
 - commit_granule_bytes: 65536.
 - commit_granule_words: 8192.
 - virtual_space_node_default_size: 8388608.
 - enlarge_chunks_in_place: 1.
 - use_allocation_guard: 0.


Internal statistics:

num_allocs_failed_limit: 17.
num_arena_births: 1602.
num_arena_deaths: 14.
num_vsnodes_births: 3.
num_vsnodes_deaths: 0.
num_space_committed: 1260.
num_space_uncommitted: 0.
num_chunks_returned_to_freelist: 31.
num_chunks_taken_from_freelist: 5652.
num_chunk_merges: 23.
num_chunk_splits: 3358.
num_chunks_enlarged: 1718.
num_inconsistent_stats: 0.

CodeHeap 'non-profiled nmethods': size=120000Kb used=20578Kb max_used=22682Kb free=99421Kb
 bounds [0x00000253b17f0000, 0x00000253b2e20000, 0x00000253b8d20000]
CodeHeap 'profiled nmethods': size=120000Kb used=44084Kb max_used=52036Kb free=75915Kb
 bounds [0x00000253a9d20000, 0x00000253ad000000, 0x00000253b1250000]
CodeHeap 'non-nmethods': size=5760Kb used=1477Kb max_used=1552Kb free=4283Kb
 bounds [0x00000253b1250000, 0x00000253b14c0000, 0x00000253b17f0000]
CodeCache: size=245760Kb, used=66139Kb, max_used=76270Kb, free=179619Kb
 total_blobs=18075, nmethods=17278, adapters=698, full_count=0
Compilation: enabled, stopped_count=0, restarted_count=0

Compilation events (20 events):
Event: 1844.367 Thread 0x00000253a6a79af0 22012       3       org.eclipse.jdt.internal.compiler.ast.TypeOrLambda::addSyntheticArgumentsBeyondEarlyConstructionContext (121 bytes)
Event: 1844.368 Thread 0x00000253a6a0a6a0 nmethod 22011 0x00000253b1fc7390 code [0x00000253b1fc7520, 0x00000253b1fc7668]
Event: 1844.374 Thread 0x00000253a6a0a6a0 22013       4       org.eclipse.jdt.internal.compiler.codegen.ConstantPool::literalIndexForLdc (698 bytes)
Event: 1844.375 Thread 0x00000253a6a79af0 nmethod 22012 0x00000253aa041490 code [0x00000253aa0416c0, 0x00000253aa042220]
Event: 1844.434 Thread 0x00000253a6a0a6a0 nmethod 22013 0x00000253b226b290 code [0x00000253b226b5c0, 0x00000253b226d280]
Event: 1844.673 Thread 0x00000253a6a0a6a0 22014       4       org.eclipse.core.runtime.SubMonitor::setWorkRemaining (140 bytes)
Event: 1844.688 Thread 0x00000253a6a0a6a0 nmethod 22014 0x00000253b1fa7f90 code [0x00000253b1fa8140, 0x00000253b1fa8288]
Event: 1844.688 Thread 0x00000253a6a0a6a0 22015       4       org.eclipse.core.internal.resources.Container::findMember (43 bytes)
Event: 1844.716 Thread 0x00000253a6a0a6a0 nmethod 22015 0x00000253b196f190 code [0x00000253b196f440, 0x00000253b196fe88]
Event: 1844.734 Thread 0x00000253a6a0a6a0 22016       4       org.eclipse.jdt.internal.compiler.lookup.MethodVerifier15::checkMethods (1164 bytes)
Event: 1844.737 Thread 0x00000253a6a79af0 22017       3       org.eclipse.jdt.internal.compiler.parser.Parser::parseLambdaExpression (22 bytes)
Event: 1844.737 Thread 0x00000253a6a79af0 nmethod 22017 0x00000253a9e77590 code [0x00000253a9e77740, 0x00000253a9e77910]
Event: 1844.737 Thread 0x00000253a6a79af0 22018       3       org.eclipse.jdt.internal.compiler.flow.ExceptionInferenceFlowContext::<init> (14 bytes)
Event: 1844.738 Thread 0x00000253a6a79af0 nmethod 22018 0x00000253a9ecc190 code [0x00000253a9ecc340, 0x00000253a9ecc480]
Event: 1844.738 Thread 0x00000253a6a79af0 22019       3       org.eclipse.jdt.internal.compiler.flow.FieldInitsFakingFlowContext::<init> (14 bytes)
Event: 1844.738 Thread 0x00000253a6a79af0 nmethod 22019 0x00000253a9f0c790 code [0x00000253a9f0c940, 0x00000253a9f0ca80]
Event: 1844.847 Thread 0x00000253a6a79af0 22021       3       org.eclipse.jdt.internal.compiler.lookup.InferenceContext18::<init> (56 bytes)
Event: 1844.848 Thread 0x00000253a6a79af0 nmethod 22021 0x00000253a9f1e190 code [0x00000253a9f1e360, 0x00000253a9f1e6e0]
Event: 1845.105 Thread 0x00000253a6a79af0 22027       3       org.eclipse.jdt.internal.compiler.ast.LambdaExpression::updateLocalTypesInMethod (41 bytes)
Event: 1845.106 Thread 0x00000253a6a79af0 nmethod 22027 0x00000253aa14d410 code [0x00000253aa14d620, 0x00000253aa14dc70]

GC Heap History (20 events):
Event: 1841.237 GC heap before
{Heap before GC invocations=1983 (full 5):
 PSYoungGen      total 2560K, used 2208K [0x00000000d5580000, 0x00000000d5900000, 0x0000000100000000)
  eden space 2048K, 100% used [0x00000000d5580000,0x00000000d5780000,0x00000000d5780000)
  from space 512K, 31% used [0x00000000d5800000,0x00000000d5828000,0x00000000d5880000)
  to   space 512K, 0% used [0x00000000d5880000,0x00000000d5880000,0x00000000d5900000)
 ParOldGen       total 584192K, used 144467K [0x0000000080000000, 0x00000000a3a80000, 0x00000000d5580000)
  object space 584192K, 24% used [0x0000000080000000,0x0000000088d14c88,0x00000000a3a80000)
 Metaspace       used 78862K, committed 80640K, reserved 1179648K
  class space    used 7734K, committed 8512K, reserved 1048576K
}
Event: 1841.239 GC heap after
{Heap after GC invocations=1983 (full 5):
 PSYoungGen      total 2560K, used 512K [0x00000000d5580000, 0x00000000d5980000, 0x0000000100000000)
  eden space 2048K, 0% used [0x00000000d5580000,0x00000000d5580000,0x00000000d5780000)
  from space 512K, 100% used [0x00000000d5880000,0x00000000d5900000,0x00000000d5900000)
  to   space 1024K, 0% used [0x00000000d5780000,0x00000000d5780000,0x00000000d5880000)
 ParOldGen       total 584192K, used 144609K [0x0000000080000000, 0x00000000a3a80000, 0x00000000d5580000)
  object space 584192K, 24% used [0x0000000080000000,0x0000000088d38408,0x00000000a3a80000)
 Metaspace       used 78862K, committed 80640K, reserved 1179648K
  class space    used 7734K, committed 8512K, reserved 1048576K
}
Event: 1841.590 GC heap before
{Heap before GC invocations=1984 (full 5):
 PSYoungGen      total 2560K, used 2560K [0x00000000d5580000, 0x00000000d5980000, 0x0000000100000000)
  eden space 2048K, 100% used [0x00000000d5580000,0x00000000d5780000,0x00000000d5780000)
  from space 512K, 100% used [0x00000000d5880000,0x00000000d5900000,0x00000000d5900000)
  to   space 1024K, 0% used [0x00000000d5780000,0x00000000d5780000,0x00000000d5880000)
 ParOldGen       total 584192K, used 144609K [0x0000000080000000, 0x00000000a3a80000, 0x00000000d5580000)
  object space 584192K, 24% used [0x0000000080000000,0x0000000088d38408,0x00000000a3a80000)
 Metaspace       used 78876K, committed 80640K, reserved 1179648K
  class space    used 7734K, committed 8512K, reserved 1048576K
}
Event: 1841.600 GC heap after
{Heap after GC invocations=1984 (full 5):
 PSYoungGen      total 3072K, used 416K [0x00000000d5580000, 0x00000000d5900000, 0x0000000100000000)
  eden space 2048K, 0% used [0x00000000d5580000,0x00000000d5580000,0x00000000d5780000)
  from space 1024K, 40% used [0x00000000d5780000,0x00000000d57e8000,0x00000000d5880000)
  to   space 512K, 0% used [0x00000000d5880000,0x00000000d5880000,0x00000000d5900000)
 ParOldGen       total 584192K, used 145160K [0x0000000080000000, 0x00000000a3a80000, 0x00000000d5580000)
  object space 584192K, 24% used [0x0000000080000000,0x0000000088dc2350,0x00000000a3a80000)
 Metaspace       used 78876K, committed 80640K, reserved 1179648K
  class space    used 7734K, committed 8512K, reserved 1048576K
}
Event: 1842.048 GC heap before
{Heap before GC invocations=1985 (full 5):
 PSYoungGen      total 3072K, used 2464K [0x00000000d5580000, 0x00000000d5900000, 0x0000000100000000)
  eden space 2048K, 100% used [0x00000000d5580000,0x00000000d5780000,0x00000000d5780000)
  from space 1024K, 40% used [0x00000000d5780000,0x00000000d57e8000,0x00000000d5880000)
  to   space 512K, 0% used [0x00000000d5880000,0x00000000d5880000,0x00000000d5900000)
 ParOldGen       total 584192K, used 145160K [0x0000000080000000, 0x00000000a3a80000, 0x00000000d5580000)
  object space 584192K, 24% used [0x0000000080000000,0x0000000088dc2350,0x00000000a3a80000)
 Metaspace       used 78876K, committed 80640K, reserved 1179648K
  class space    used 7734K, committed 8512K, reserved 1048576K
}
Event: 1842.066 GC heap after
{Heap after GC invocations=1985 (full 5):
 PSYoungGen      total 2048K, used 512K [0x00000000d5580000, 0x00000000d5a80000, 0x0000000100000000)
  eden space 1536K, 0% used [0x00000000d5580000,0x00000000d5580000,0x00000000d5700000)
  from space 512K, 100% used [0x00000000d5880000,0x00000000d5900000,0x00000000d5900000)
  to   space 1536K, 0% used [0x00000000d5700000,0x00000000d5700000,0x00000000d5880000)
 ParOldGen       total 584192K, used 145790K [0x0000000080000000, 0x00000000a3a80000, 0x00000000d5580000)
  object space 584192K, 24% used [0x0000000080000000,0x0000000088e5fae0,0x00000000a3a80000)
 Metaspace       used 78876K, committed 80640K, reserved 1179648K
  class space    used 7734K, committed 8512K, reserved 1048576K
}
Event: 1842.159 GC heap before
{Heap before GC invocations=1986 (full 5):
 PSYoungGen      total 2048K, used 2047K [0x00000000d5580000, 0x00000000d5a80000, 0x0000000100000000)
  eden space 1536K, 99% used [0x00000000d5580000,0x00000000d56ffff0,0x00000000d5700000)
  from space 512K, 100% used [0x00000000d5880000,0x00000000d5900000,0x00000000d5900000)
  to   space 1536K, 0% used [0x00000000d5700000,0x00000000d5700000,0x00000000d5880000)
 ParOldGen       total 584192K, used 145790K [0x0000000080000000, 0x00000000a3a80000, 0x00000000d5580000)
  object space 584192K, 24% used [0x0000000080000000,0x0000000088e5fae0,0x00000000a3a80000)
 Metaspace       used 78876K, committed 80640K, reserved 1179648K
  class space    used 7734K, committed 8512K, reserved 1048576K
}
Event: 1842.173 GC heap after
{Heap after GC invocations=1986 (full 5):
 PSYoungGen      total 2048K, used 288K [0x00000000d5580000, 0x00000000d5900000, 0x0000000100000000)
  eden space 1536K, 0% used [0x00000000d5580000,0x00000000d5580000,0x00000000d5700000)
  from space 512K, 56% used [0x00000000d5700000,0x00000000d5748000,0x00000000d5780000)
  to   space 1024K, 0% used [0x00000000d5800000,0x00000000d5800000,0x00000000d5900000)
 ParOldGen       total 584192K, used 146310K [0x0000000080000000, 0x00000000a3a80000, 0x00000000d5580000)
  object space 584192K, 25% used [0x0000000080000000,0x0000000088ee1ae0,0x00000000a3a80000)
 Metaspace       used 78876K, committed 80640K, reserved 1179648K
  class space    used 7734K, committed 8512K, reserved 1048576K
}
Event: 1842.871 GC heap before
{Heap before GC invocations=1987 (full 5):
 PSYoungGen      total 2048K, used 1824K [0x00000000d5580000, 0x00000000d5900000, 0x0000000100000000)
  eden space 1536K, 100% used [0x00000000d5580000,0x00000000d5700000,0x00000000d5700000)
  from space 512K, 56% used [0x00000000d5700000,0x00000000d5748000,0x00000000d5780000)
  to   space 1024K, 0% used [0x00000000d5800000,0x00000000d5800000,0x00000000d5900000)
 ParOldGen       total 584192K, used 146310K [0x0000000080000000, 0x00000000a3a80000, 0x00000000d5580000)
  object space 584192K, 25% used [0x0000000080000000,0x0000000088ee1ae0,0x00000000a3a80000)
 Metaspace       used 78877K, committed 80640K, reserved 1179648K
  class space    used 7734K, committed 8512K, reserved 1048576K
}
Event: 1842.883 GC heap after
{Heap after GC invocations=1987 (full 5):
 PSYoungGen      total 2048K, used 320K [0x00000000d5580000, 0x00000000d5880000, 0x0000000100000000)
  eden space 1536K, 0% used [0x00000000d5580000,0x00000000d5580000,0x00000000d5700000)
  from space 512K, 62% used [0x00000000d5800000,0x00000000d5850000,0x00000000d5880000)
  to   space 512K, 0% used [0x00000000d5700000,0x00000000d5700000,0x00000000d5780000)
 ParOldGen       total 584192K, used 146534K [0x0000000080000000, 0x00000000a3a80000, 0x00000000d5580000)
  object space 584192K, 25% used [0x0000000080000000,0x0000000088f19ae0,0x00000000a3a80000)
 Metaspace       used 78877K, committed 80640K, reserved 1179648K
  class space    used 7734K, committed 8512K, reserved 1048576K
}
Event: 1844.340 GC heap before
{Heap before GC invocations=1988 (full 5):
 PSYoungGen      total 2048K, used 1856K [0x00000000d5580000, 0x00000000d5880000, 0x0000000100000000)
  eden space 1536K, 100% used [0x00000000d5580000,0x00000000d5700000,0x00000000d5700000)
  from space 512K, 62% used [0x00000000d5800000,0x00000000d5850000,0x00000000d5880000)
  to   space 512K, 0% used [0x00000000d5700000,0x00000000d5700000,0x00000000d5780000)
 ParOldGen       total 584192K, used 146534K [0x0000000080000000, 0x00000000a3a80000, 0x00000000d5580000)
  object space 584192K, 25% used [0x0000000080000000,0x0000000088f19ae0,0x00000000a3a80000)
 Metaspace       used 78877K, committed 80640K, reserved 1179648K
  class space    used 7734K, committed 8512K, reserved 1048576K
}
Event: 1844.352 GC heap after
{Heap after GC invocations=1988 (full 5):
 PSYoungGen      total 2048K, used 288K [0x00000000d5580000, 0x00000000d5880000, 0x0000000100000000)
  eden space 1536K, 0% used [0x00000000d5580000,0x00000000d5580000,0x00000000d5700000)
  from space 512K, 56% used [0x00000000d5700000,0x00000000d5748000,0x00000000d5780000)
  to   space 512K, 0% used [0x00000000d5800000,0x00000000d5800000,0x00000000d5880000)
 ParOldGen       total 584192K, used 146780K [0x0000000080000000, 0x00000000a3a80000, 0x00000000d5580000)
  object space 584192K, 25% used [0x0000000080000000,0x0000000088f57260,0x00000000a3a80000)
 Metaspace       used 78877K, committed 80640K, reserved 1179648K
  class space    used 7734K, committed 8512K, reserved 1048576K
}
Event: 1844.369 GC heap before
{Heap before GC invocations=1989 (full 5):
 PSYoungGen      total 2048K, used 1824K [0x00000000d5580000, 0x00000000d5880000, 0x0000000100000000)
  eden space 1536K, 100% used [0x00000000d5580000,0x00000000d5700000,0x00000000d5700000)
  from space 512K, 56% used [0x00000000d5700000,0x00000000d5748000,0x00000000d5780000)
  to   space 512K, 0% used [0x00000000d5800000,0x00000000d5800000,0x00000000d5880000)
 ParOldGen       total 584192K, used 146780K [0x0000000080000000, 0x00000000a3a80000, 0x00000000d5580000)
  object space 584192K, 25% used [0x0000000080000000,0x0000000088f57260,0x00000000a3a80000)
 Metaspace       used 78878K, committed 80640K, reserved 1179648K
  class space    used 7734K, committed 8512K, reserved 1048576K
}
Event: 1844.374 GC heap after
{Heap after GC invocations=1989 (full 5):
 PSYoungGen      total 2048K, used 288K [0x00000000d5580000, 0x00000000d5880000, 0x0000000100000000)
  eden space 1536K, 0% used [0x00000000d5580000,0x00000000d5580000,0x00000000d5700000)
  from space 512K, 56% used [0x00000000d5800000,0x00000000d5848000,0x00000000d5880000)
  to   space 512K, 0% used [0x00000000d5700000,0x00000000d5700000,0x00000000d5780000)
 ParOldGen       total 584192K, used 147004K [0x0000000080000000, 0x00000000a3a80000, 0x00000000d5580000)
  object space 584192K, 25% used [0x0000000080000000,0x0000000088f8f260,0x00000000a3a80000)
 Metaspace       used 78878K, committed 80640K, reserved 1179648K
  class space    used 7734K, committed 8512K, reserved 1048576K
}
Event: 1844.678 GC heap before
{Heap before GC invocations=1990 (full 5):
 PSYoungGen      total 2048K, used 1824K [0x00000000d5580000, 0x00000000d5880000, 0x0000000100000000)
  eden space 1536K, 100% used [0x00000000d5580000,0x00000000d5700000,0x00000000d5700000)
  from space 512K, 56% used [0x00000000d5800000,0x00000000d5848000,0x00000000d5880000)
  to   space 512K, 0% used [0x00000000d5700000,0x00000000d5700000,0x00000000d5780000)
 ParOldGen       total 584192K, used 147004K [0x0000000080000000, 0x00000000a3a80000, 0x00000000d5580000)
  object space 584192K, 25% used [0x0000000080000000,0x0000000088f8f260,0x00000000a3a80000)
 Metaspace       used 78878K, committed 80640K, reserved 1179648K
  class space    used 7734K, committed 8512K, reserved 1048576K
}
Event: 1844.686 GC heap after
{Heap after GC invocations=1990 (full 5):
 PSYoungGen      total 2048K, used 128K [0x00000000d5580000, 0x00000000d5880000, 0x0000000100000000)
  eden space 1536K, 0% used [0x00000000d5580000,0x00000000d5580000,0x00000000d5700000)
  from space 512K, 25% used [0x00000000d5700000,0x00000000d5720000,0x00000000d5780000)
  to   space 512K, 0% used [0x00000000d5800000,0x00000000d5800000,0x00000000d5880000)
 ParOldGen       total 584192K, used 147244K [0x0000000080000000, 0x00000000a3a80000, 0x00000000d5580000)
  object space 584192K, 25% used [0x0000000080000000,0x0000000088fcb040,0x00000000a3a80000)
 Metaspace       used 78878K, committed 80640K, reserved 1179648K
  class space    used 7734K, committed 8512K, reserved 1048576K
}
Event: 1844.742 GC heap before
{Heap before GC invocations=1991 (full 5):
 PSYoungGen      total 2048K, used 1664K [0x00000000d5580000, 0x00000000d5880000, 0x0000000100000000)
  eden space 1536K, 100% used [0x00000000d5580000,0x00000000d5700000,0x00000000d5700000)
  from space 512K, 25% used [0x00000000d5700000,0x00000000d5720000,0x00000000d5780000)
  to   space 512K, 0% used [0x00000000d5800000,0x00000000d5800000,0x00000000d5880000)
 ParOldGen       total 584192K, used 147244K [0x0000000080000000, 0x00000000a3a80000, 0x00000000d5580000)
  object space 584192K, 25% used [0x0000000080000000,0x0000000088fcb040,0x00000000a3a80000)
 Metaspace       used 78879K, committed 80640K, reserved 1179648K
  class space    used 7734K, committed 8512K, reserved 1048576K
}
Event: 1844.744 GC heap after
{Heap after GC invocations=1991 (full 5):
 PSYoungGen      total 2048K, used 160K [0x00000000d5580000, 0x00000000d5880000, 0x0000000100000000)
  eden space 1536K, 0% used [0x00000000d5580000,0x00000000d5580000,0x00000000d5700000)
  from space 512K, 31% used [0x00000000d5800000,0x00000000d5828000,0x00000000d5880000)
  to   space 512K, 0% used [0x00000000d5700000,0x00000000d5700000,0x00000000d5780000)
 ParOldGen       total 584192K, used 147284K [0x0000000080000000, 0x00000000a3a80000, 0x00000000d5580000)
  object space 584192K, 25% used [0x0000000080000000,0x0000000088fd5040,0x00000000a3a80000)
 Metaspace       used 78879K, committed 80640K, reserved 1179648K
  class space    used 7734K, committed 8512K, reserved 1048576K
}
Event: 1845.057 GC heap before
{Heap before GC invocations=1992 (full 5):
 PSYoungGen      total 2048K, used 1696K [0x00000000d5580000, 0x00000000d5880000, 0x0000000100000000)
  eden space 1536K, 100% used [0x00000000d5580000,0x00000000d5700000,0x00000000d5700000)
  from space 512K, 31% used [0x00000000d5800000,0x00000000d5828000,0x00000000d5880000)
  to   space 512K, 0% used [0x00000000d5700000,0x00000000d5700000,0x00000000d5780000)
 ParOldGen       total 584192K, used 147284K [0x0000000080000000, 0x00000000a3a80000, 0x00000000d5580000)
  object space 584192K, 25% used [0x0000000080000000,0x0000000088fd5040,0x00000000a3a80000)
 Metaspace       used 78879K, committed 80640K, reserved 1179648K
  class space    used 7734K, committed 8512K, reserved 1048576K
}
Event: 1845.065 GC heap after
{Heap after GC invocations=1992 (full 5):
 PSYoungGen      total 2048K, used 512K [0x00000000d5580000, 0x00000000d5900000, 0x0000000100000000)
  eden space 1536K, 0% used [0x00000000d5580000,0x00000000d5580000,0x00000000d5700000)
  from space 512K, 100% used [0x00000000d5700000,0x00000000d5780000,0x00000000d5780000)
  to   space 1024K, 0% used [0x00000000d5800000,0x00000000d5800000,0x00000000d5900000)
 ParOldGen       total 584192K, used 147436K [0x0000000080000000, 0x00000000a3a80000, 0x00000000d5580000)
  object space 584192K, 25% used [0x0000000080000000,0x0000000088ffb040,0x00000000a3a80000)
 Metaspace       used 78879K, committed 80640K, reserved 1179648K
  class space    used 7734K, committed 8512K, reserved 1048576K
}

Dll operation events (10 events):
Event: 0.029 Loaded shared library c:\Users\hp\.vscode\extensions\redhat.java-1.55.0-win32-x64\jre\21.0.11-win32-x86_64\bin\java.dll
Event: 0.506 Loaded shared library c:\Users\hp\.vscode\extensions\redhat.java-1.55.0-win32-x64\jre\21.0.11-win32-x86_64\bin\zip.dll
Event: 0.711 Loaded shared library C:\Users\hp\.vscode\extensions\redhat.java-1.55.0-win32-x64\jre\21.0.11-win32-x86_64\bin\instrument.dll
Event: 0.719 Loaded shared library C:\Users\hp\.vscode\extensions\redhat.java-1.55.0-win32-x64\jre\21.0.11-win32-x86_64\bin\net.dll
Event: 0.723 Loaded shared library C:\Users\hp\.vscode\extensions\redhat.java-1.55.0-win32-x64\jre\21.0.11-win32-x86_64\bin\nio.dll
Event: 0.730 Loaded shared library C:\Users\hp\.vscode\extensions\redhat.java-1.55.0-win32-x64\jre\21.0.11-win32-x86_64\bin\zip.dll
Event: 0.991 Loaded shared library C:\Users\hp\.vscode\extensions\redhat.java-1.55.0-win32-x64\jre\21.0.11-win32-x86_64\bin\jimage.dll
Event: 1.284 Loaded shared library c:\Users\hp\.vscode\extensions\redhat.java-1.55.0-win32-x64\jre\21.0.11-win32-x86_64\bin\verify.dll
Event: 7.503 Loaded shared library C:\Users\hp\AppData\Roaming\Code\User\globalStorage\redhat.java\1.55.0\config_win\org.eclipse.equinox.launcher\org.eclipse.equinox.launcher.win32.win32.x86_64_1.3.100.v20260613-0559\eclipse_11924.dll
Event: 18.960 Loaded shared library C:\Users\hp\AppData\Local\Temp\jna-102042227\jna7281589401481642749.dll

Deoptimization events (20 events):
Event: 1841.622 Thread 0x0000025384916c30 Uncommon trap: trap_request=0xffffffbe fr.pc=0x00000253b183984c relative=0x000000000000066c
Event: 1841.622 Thread 0x0000025384916c30 Uncommon trap: reason=profile_predicate action=maybe_recompile pc=0x00000253b183984c method=org.eclipse.jdt.internal.compiler.lookup.SourceTypeBinding.methods()[Lorg/eclipse/jdt/internal/compiler/lookup/MethodBinding; @ 833 c2
Event: 1841.622 Thread 0x0000025384916c30 DEOPT PACKING pc=0x00000253b183984c sp=0x0000009f04efea60
Event: 1841.622 Thread 0x0000025384916c30 DEOPT UNPACKING pc=0x00000253b12a3aa2 sp=0x0000009f04efe990 mode 2
Event: 1844.676 Thread 0x0000025384916c30 Uncommon trap: trap_request=0xffffffde fr.pc=0x00000253b22cf678 relative=0x0000000000001538
Event: 1844.676 Thread 0x0000025384916c30 Uncommon trap: reason=class_check action=maybe_recompile pc=0x00000253b22cf678 method=org.eclipse.jdt.internal.compiler.parser.Parser.consumeRule(I)V @ 7414 c2
Event: 1844.676 Thread 0x0000025384916c30 DEOPT PACKING pc=0x00000253b22cf678 sp=0x0000009f04efe8b0
Event: 1844.676 Thread 0x0000025384916c30 DEOPT UNPACKING pc=0x00000253b12a3aa2 sp=0x0000009f04efe840 mode 2
Event: 1844.690 Thread 0x0000025384916c30 Uncommon trap: trap_request=0xffffff45 fr.pc=0x00000253b2bcbd80 relative=0x0000000000002be0
Event: 1844.690 Thread 0x0000025384916c30 Uncommon trap: reason=unstable_if action=reinterpret pc=0x00000253b2bcbd80 method=org.eclipse.jdt.internal.compiler.ClassFile.generateStackMapTableAttribute(Lorg/eclipse/jdt/internal/compiler/lookup/MethodBinding;IIIZLorg/eclipse/jdt/internal/compiler/loo
Event: 1844.696 Thread 0x0000025384916c30 DEOPT PACKING pc=0x00000253b2bcbd80 sp=0x0000009f04efe6e0
Event: 1844.696 Thread 0x0000025384916c30 DEOPT UNPACKING pc=0x00000253b12a3aa2 sp=0x0000009f04efe5f0 mode 2
Event: 1844.733 Thread 0x0000025384916c30 Uncommon trap: trap_request=0xffffff6e fr.pc=0x00000253b21fc694 relative=0x0000000000006b14
Event: 1844.733 Thread 0x0000025384916c30 Uncommon trap: reason=loop_limit_check action=maybe_recompile pc=0x00000253b21fc694 method=org.eclipse.jdt.internal.compiler.lookup.MethodVerifier15.checkMethods()V @ 516 c2
Event: 1844.733 Thread 0x0000025384916c30 DEOPT PACKING pc=0x00000253b21fc694 sp=0x0000009f04efe840
Event: 1844.733 Thread 0x0000025384916c30 DEOPT UNPACKING pc=0x00000253b12a3aa2 sp=0x0000009f04efe868 mode 2
Event: 1844.736 Thread 0x0000025384916c30 Uncommon trap: trap_request=0xffffff6e fr.pc=0x00000253b2111cac relative=0x00000000000065cc
Event: 1844.736 Thread 0x0000025384916c30 Uncommon trap: reason=loop_limit_check action=maybe_recompile pc=0x00000253b2111cac method=org.eclipse.jdt.internal.compiler.lookup.MethodVerifier15.checkMethods()V @ 516 c2
Event: 1844.736 Thread 0x0000025384916c30 DEOPT PACKING pc=0x00000253b2111cac sp=0x0000009f04efe850
Event: 1844.736 Thread 0x0000025384916c30 DEOPT UNPACKING pc=0x00000253b12a3aa2 sp=0x0000009f04efe868 mode 2

Classes loaded (20 events):
Event: 990.812 Loading class jdk/internal/module/IllegalAccessLogger done
Event: 990.834 Loading class java/util/stream/ReduceOps$5 done
Event: 990.838 Loading class java/util/stream/ReduceOps$CountingSink$OfRef
Event: 990.949 Loading class java/util/stream/ReduceOps$CountingSink
Event: 991.070 Loading class java/util/stream/ReduceOps$CountingSink done
Event: 991.071 Loading class java/util/stream/ReduceOps$CountingSink$OfRef done
Event: 1000.772 Loading class java/nio/file/attribute/PosixFileAttributeView
Event: 1000.786 Loading class java/nio/file/attribute/PosixFileAttributeView done
Event: 1000.788 Loading class java/nio/file/attribute/DosFileAttributeView
Event: 1000.801 Loading class java/nio/file/attribute/DosFileAttributeView done
Event: 1000.802 Loading class java/nio/file/attribute/UserDefinedFileAttributeView
Event: 1000.815 Loading class java/nio/file/attribute/UserDefinedFileAttributeView done
Event: 1000.868 Loading class java/nio/BufferMismatch
Event: 1000.881 Loading class java/nio/BufferMismatch done
Event: 1295.485 Loading class jdk/internal/module/IllegalAccessLogger
Event: 1295.536 Loading class jdk/internal/module/IllegalAccessLogger done
Event: 1811.863 Loading class java/nio/file/Path$1
Event: 1811.939 Loading class java/nio/file/Path$1 done
Event: 1834.544 Loading class jdk/internal/module/IllegalAccessLogger
Event: 1834.548 Loading class jdk/internal/module/IllegalAccessLogger done

Classes unloaded (7 events):
Event: 21.368 Thread 0x00000253a6bd0280 Unloading class 0x00000253bf1acc00 'java/lang/invoke/LambdaForm$MH+0x00000253bf1acc00'
Event: 21.368 Thread 0x00000253a6bd0280 Unloading class 0x00000253bf1ac800 'java/lang/invoke/LambdaForm$MH+0x00000253bf1ac800'
Event: 21.368 Thread 0x00000253a6bd0280 Unloading class 0x00000253bf1ac400 'java/lang/invoke/LambdaForm$MH+0x00000253bf1ac400'
Event: 21.368 Thread 0x00000253a6bd0280 Unloading class 0x00000253bf1ac000 'java/lang/invoke/LambdaForm$MH+0x00000253bf1ac000'
Event: 21.368 Thread 0x00000253a6bd0280 Unloading class 0x00000253bf1abc00 'java/lang/invoke/LambdaForm$BMH+0x00000253bf1abc00'
Event: 21.368 Thread 0x00000253a6bd0280 Unloading class 0x00000253bf1ab800 'java/lang/invoke/LambdaForm$DMH+0x00000253bf1ab800'
Event: 21.368 Thread 0x00000253a6bd0280 Unloading class 0x00000253bf1aa400 'java/lang/invoke/LambdaForm$DMH+0x00000253bf1aa400'

Classes redefined (0 events):
No events

Internal exceptions (20 events):
Event: 1845.065 Thread 0x0000025384916c30 Implicit null exception at 0x00000253ac30561b to 0x00000253ac305bd5
Event: 1845.065 Thread 0x0000025384916c30 Exception <a 'java/lang/NullPointerException'{0x00000000d5581ba8}> (0x00000000d5581ba8) 
thrown [s\src\hotspot\share\runtime\sharedRuntime.cpp, line 625]
Event: 1845.066 Thread 0x0000025384916c30 Implicit null exception at 0x00000253ac30561b to 0x00000253ac305bd5
Event: 1845.066 Thread 0x0000025384916c30 Exception <a 'java/lang/NullPointerException'{0x00000000d5582800}> (0x00000000d5582800) 
thrown [s\src\hotspot\share\runtime\sharedRuntime.cpp, line 625]
Event: 1845.068 Thread 0x0000025384916c30 Implicit null exception at 0x00000253ac30561b to 0x00000253ac305bd5
Event: 1845.068 Thread 0x0000025384916c30 Exception <a 'java/lang/NullPointerException'{0x00000000d558a3b8}> (0x00000000d558a3b8) 
thrown [s\src\hotspot\share\runtime\sharedRuntime.cpp, line 625]
Event: 1845.068 Thread 0x0000025384916c30 Implicit null exception at 0x00000253ac30561b to 0x00000253ac305bd5
Event: 1845.068 Thread 0x0000025384916c30 Exception <a 'java/lang/NullPointerException'{0x00000000d558a990}> (0x00000000d558a990) 
thrown [s\src\hotspot\share\runtime\sharedRuntime.cpp, line 625]
Event: 1845.069 Thread 0x0000025384916c30 Implicit null exception at 0x00000253ac30561b to 0x00000253ac305bd5
Event: 1845.069 Thread 0x0000025384916c30 Exception <a 'java/lang/NullPointerException'{0x00000000d558b158}> (0x00000000d558b158) 
thrown [s\src\hotspot\share\runtime\sharedRuntime.cpp, line 625]
Event: 1845.069 Thread 0x0000025384916c30 Implicit null exception at 0x00000253ac30561b to 0x00000253ac305bd5
Event: 1845.070 Thread 0x0000025384916c30 Exception <a 'java/lang/NullPointerException'{0x00000000d558b9a8}> (0x00000000d558b9a8) 
thrown [s\src\hotspot\share\runtime\sharedRuntime.cpp, line 625]
Event: 1845.070 Thread 0x0000025384916c30 Implicit null exception at 0x00000253ac30561b to 0x00000253ac305bd5
Event: 1845.070 Thread 0x0000025384916c30 Exception <a 'java/lang/NullPointerException'{0x00000000d558c140}> (0x00000000d558c140) 
thrown [s\src\hotspot\share\runtime\sharedRuntime.cpp, line 625]
Event: 1845.070 Thread 0x0000025384916c30 Implicit null exception at 0x00000253ac30561b to 0x00000253ac305bd5
Event: 1845.070 Thread 0x0000025384916c30 Exception <a 'java/lang/NullPointerException'{0x00000000d558c980}> (0x00000000d558c980) 
thrown [s\src\hotspot\share\runtime\sharedRuntime.cpp, line 625]
Event: 1845.071 Thread 0x0000025384916c30 Implicit null exception at 0x00000253ac30561b to 0x00000253ac305bd5
Event: 1845.071 Thread 0x0000025384916c30 Exception <a 'java/lang/NullPointerException'{0x00000000d558d200}> (0x00000000d558d200) 
thrown [s\src\hotspot\share\runtime\sharedRuntime.cpp, line 625]
Event: 1845.071 Thread 0x0000025384916c30 Implicit null exception at 0x00000253ac30561b to 0x00000253ac305bd5
Event: 1845.071 Thread 0x0000025384916c30 Exception <a 'java/lang/NullPointerException'{0x00000000d558da50}> (0x00000000d558da50) 
thrown [s\src\hotspot\share\runtime\sharedRuntime.cpp, line 625]

ZGC Phase Switch (0 events):
No events

VM Operations (20 events):
Event: 1841.590 Executing safepoint VM operation: ParallelGCFailedAllocation (Allocation Failure)
Event: 1841.600 Executing safepoint VM operation: ParallelGCFailedAllocation (Allocation Failure) done
Event: 1842.048 Executing safepoint VM operation: ParallelGCFailedAllocation (Allocation Failure)
Event: 1842.067 Executing safepoint VM operation: ParallelGCFailedAllocation (Allocation Failure) done
Event: 1842.159 Executing safepoint VM operation: ParallelGCFailedAllocation (Allocation Failure)
Event: 1842.173 Executing safepoint VM operation: ParallelGCFailedAllocation (Allocation Failure) done
Event: 1842.804 Executing safepoint VM operation: ParallelGCFailedAllocation (Allocation Failure)
Event: 1842.883 Executing safepoint VM operation: ParallelGCFailedAllocation (Allocation Failure) done
Event: 1843.884 Executing safepoint VM operation: Cleanup
Event: 1844.335 Executing safepoint VM operation: Cleanup done
Event: 1844.340 Executing safepoint VM operation: ParallelGCFailedAllocation (Allocation Failure)
Event: 1844.352 Executing safepoint VM operation: ParallelGCFailedAllocation (Allocation Failure) done
Event: 1844.368 Executing safepoint VM operation: ParallelGCFailedAllocation (Allocation Failure)
Event: 1844.374 Executing safepoint VM operation: ParallelGCFailedAllocation (Allocation Failure) done
Event: 1844.678 Executing safepoint VM operation: ParallelGCFailedAllocation (Allocation Failure)
Event: 1844.686 Executing safepoint VM operation: ParallelGCFailedAllocation (Allocation Failure) done
Event: 1844.742 Executing safepoint VM operation: ParallelGCFailedAllocation (Allocation Failure)
Event: 1844.744 Executing safepoint VM operation: ParallelGCFailedAllocation (Allocation Failure) done
Event: 1844.927 Executing safepoint VM operation: ParallelGCFailedAllocation (Allocation Failure)
Event: 1845.065 Executing safepoint VM operation: ParallelGCFailedAllocation (Allocation Failure) done

Memory protections (0 events):
No events

Nmethod flushes (20 events):
Event: 1830.910 Thread 0x00000253a6bd0280 flushing  nmethod 0x00000253ac249e90
Event: 1830.911 Thread 0x00000253a6bd0280 flushing  nmethod 0x00000253ac25c110
Event: 1830.911 Thread 0x00000253a6bd0280 flushing  nmethod 0x00000253ac262e10
Event: 1830.911 Thread 0x00000253a6bd0280 flushing  nmethod 0x00000253ac26b190
Event: 1830.911 Thread 0x00000253a6bd0280 flushing  nmethod 0x00000253ac26be10
Event: 1830.911 Thread 0x00000253a6bd0280 flushing  nmethod 0x00000253ac277810
Event: 1830.911 Thread 0x00000253a6bd0280 flushing  nmethod 0x00000253ac2a5590
Event: 1830.911 Thread 0x00000253a6bd0280 flushing  nmethod 0x00000253ac2d2890
Event: 1830.911 Thread 0x00000253a6bd0280 flushing  nmethod 0x00000253ac2e6910
Event: 1830.911 Thread 0x00000253a6bd0280 flushing  nmethod 0x00000253ac2f0590
Event: 1830.911 Thread 0x00000253a6bd0280 flushing  nmethod 0x00000253ac2ffc10
Event: 1830.911 Thread 0x00000253a6bd0280 flushing  nmethod 0x00000253ac306190
Event: 1830.911 Thread 0x00000253a6bd0280 flushing  nmethod 0x00000253ac354b10
Event: 1830.911 Thread 0x00000253a6bd0280 flushing  nmethod 0x00000253ac365790
Event: 1830.912 Thread 0x00000253a6bd0280 flushing  nmethod 0x00000253ac3d3390
Event: 1830.912 Thread 0x00000253a6bd0280 flushing  nmethod 0x00000253ac3fde90
Event: 1830.912 Thread 0x00000253a6bd0280 flushing  nmethod 0x00000253ac422690
Event: 1830.912 Thread 0x00000253a6bd0280 flushing  nmethod 0x00000253ac443110
Event: 1830.912 Thread 0x00000253a6bd0280 flushing  nmethod 0x00000253ac44fd10
Event: 1830.912 Thread 0x00000253a6bd0280 flushing  nmethod 0x00000253ac489290

Events (20 events):
Event: 1420.047 Thread 0x0000025384911050 Thread exited: 0x0000025384911050
Event: 1463.690 Thread 0x00000253ffb5bfa0 Thread exited: 0x00000253ffb5bfa0
Event: 1591.003 Thread 0x0000025384913120 Thread added: 0x000002538652b890
Event: 1591.035 Thread 0x000002538652b890 Thread exited: 0x000002538652b890
Event: 1591.101 Thread 0x0000025384913120 Thread added: 0x000002538652b890
Event: 1591.104 Thread 0x000002538652b890 Thread exited: 0x000002538652b890
Event: 1592.428 Thread 0x000002538652d2d0 Thread exited: 0x000002538652d2d0
Event: 1592.581 Thread 0x0000025384916c30 Thread exited: 0x0000025384916c30
Event: 1809.752 Thread 0x0000025384912a90 Thread added: 0x000002538652d2d0
Event: 1811.989 Thread 0x0000025384914b60 Thread added: 0x000002538652ed10
Event: 1812.518 Thread 0x0000025384913120 Thread added: 0x0000025386528410
Event: 1813.335 Thread 0x0000025384914b60 Thread added: 0x000002538652b890
Event: 1814.675 Thread 0x000002538652d2d0 Thread added: 0x000002538652bf20
Event: 1814.676 Thread 0x000002538652d2d0 Thread added: 0x000002539224b3d0
Event: 1816.750 Thread 0x000002538652d2d0 Thread added: 0x000002539224d4a0
Event: 1816.772 Thread 0x000002539224d4a0 Thread added: 0x000002539224c0f0
Event: 1832.296 Thread 0x0000025386528410 Thread added: 0x0000025384915880
Event: 1834.557 Thread 0x000002538652d2d0 Thread added: 0x0000025384916c30
Event: 1834.604 Thread 0x000002538652d2d0 Thread added: 0x0000025384911050
Event: 1834.829 Thread 0x000002538652d2d0 Thread added: 0x00000253ffb5b910


Dynamic libraries:
0x00007ff626510000 - 0x00007ff62651e000 	c:\Users\hp\.vscode\extensions\redhat.java-1.55.0-win32-x64\jre\21.0.11-win32-x86_64\bin\java.exe
0x00007ffdfe4c0000 - 0x00007ffdfe6c9000 	C:\Windows\SYSTEM32\ntdll.dll
0x00007ffdfd730000 - 0x00007ffdfd7ed000 	C:\Windows\System32\KERNEL32.DLL
0x00007ffdfbb10000 - 0x00007ffdfbe94000 	C:\Windows\System32\KERNELBASE.dll
0x00007ffdf8830000 - 0x00007ffdf88c2000 	C:\Windows\SYSTEM32\apphelp.dll
0x00007ffdfb950000 - 0x00007ffdfba61000 	C:\Windows\System32\ucrtbase.dll
0x00007ffdf7c30000 - 0x00007ffdf7c48000 	c:\Users\hp\.vscode\extensions\redhat.java-1.55.0-win32-x64\jre\21.0.11-win32-x86_64\bin\jli.dll
0x00007ffdfc880000 - 0x00007ffdfca2d000 	C:\Windows\System32\USER32.dll
0x00007ffdfc100000 - 0x00007ffdfc126000 	C:\Windows\System32\win32u.dll
0x00007ffdfce60000 - 0x00007ffdfce8a000 	C:\Windows\System32\GDI32.dll
0x00007ffdfc130000 - 0x00007ffdfc24e000 	C:\Windows\System32\gdi32full.dll
0x00007ffdfba70000 - 0x00007ffdfbb0d000 	C:\Windows\System32\msvcp_win.dll
0x00007ffdf5d90000 - 0x00007ffdf5dae000 	c:\Users\hp\.vscode\extensions\redhat.java-1.55.0-win32-x64\jre\21.0.11-win32-x86_64\bin\VCRUNTIME140.dll
0x00007ffdebef0000 - 0x00007ffdec195000 	C:\Windows\WinSxS\amd64_microsoft.windows.common-controls_6595b64144ccf1df_6.0.22000.120_none_9d947278b86cc467\COMCTL32.dll
0x00007ffdfd4e0000 - 0x00007ffdfd583000 	C:\Windows\System32\msvcrt.dll
0x00007ffdfc310000 - 0x00007ffdfc341000 	C:\Windows\System32\IMM32.DLL
0x00007ffdf7c80000 - 0x00007ffdf7c8c000 	c:\Users\hp\.vscode\extensions\redhat.java-1.55.0-win32-x64\jre\21.0.11-win32-x86_64\bin\vcruntime140_1.dll
0x00007ffde0ee0000 - 0x00007ffde0f6d000 	c:\Users\hp\.vscode\extensions\redhat.java-1.55.0-win32-x64\jre\21.0.11-win32-x86_64\bin\msvcp140.dll
0x00007ffd54000000 - 0x00007ffd54da2000 	c:\Users\hp\.vscode\extensions\redhat.java-1.55.0-win32-x64\jre\21.0.11-win32-x86_64\bin\server\jvm.dll
0x00007ffdfcc00000 - 0x00007ffdfccae000 	C:\Windows\System32\ADVAPI32.dll
0x00007ffdfd970000 - 0x00007ffdfda0e000 	C:\Windows\System32\sechost.dll
0x00007ffdfca30000 - 0x00007ffdfcb51000 	C:\Windows\System32\RPCRT4.dll
0x00007ffdfccb0000 - 0x00007ffdfcd1f000 	C:\Windows\System32\WS2_32.dll
0x00007ffdfa2b0000 - 0x00007ffdfa2fd000 	C:\Windows\SYSTEM32\POWRPROF.dll
0x00007ffdf54b0000 - 0x00007ffdf54e3000 	C:\Windows\SYSTEM32\WINMM.dll
0x00007ffdea190000 - 0x00007ffdea19a000 	C:\Windows\SYSTEM32\VERSION.dll
0x00007ffdfa3a0000 - 0x00007ffdfa3b3000 	C:\Windows\SYSTEM32\UMPDC.dll
0x00007ffdfaab0000 - 0x00007ffdfaac8000 	C:\Windows\SYSTEM32\kernel.appcore.dll
0x00007ffdf7b80000 - 0x00007ffdf7b8a000 	c:\Users\hp\.vscode\extensions\redhat.java-1.55.0-win32-x64\jre\21.0.11-win32-x86_64\bin\jimage.dll
0x00007ffde6a90000 - 0x00007ffde6cb1000 	C:\Windows\SYSTEM32\DBGHELP.DLL
0x00007ffde5700000 - 0x00007ffde5731000 	C:\Windows\SYSTEM32\dbgcore.DLL
0x00007ffdfbf10000 - 0x00007ffdfbf8f000 	C:\Windows\System32\bcryptPrimitives.dll
0x00007ffdf6dd0000 - 0x00007ffdf6ddf000 	c:\Users\hp\.vscode\extensions\redhat.java-1.55.0-win32-x64\jre\21.0.11-win32-x86_64\bin\instrument.dll
0x00007ffdf5740000 - 0x00007ffdf5760000 	c:\Users\hp\.vscode\extensions\redhat.java-1.55.0-win32-x64\jre\21.0.11-win32-x86_64\bin\java.dll
0x00007ffdfdcb0000 - 0x00007ffdfe475000 	C:\Windows\System32\SHELL32.dll
0x00007ffdf9a30000 - 0x00007ffdfa292000 	C:\Windows\SYSTEM32\windows.storage.dll
0x00007ffdfd160000 - 0x00007ffdfd4d6000 	C:\Windows\System32\combase.dll
0x00007ffdf98c0000 - 0x00007ffdf9a27000 	C:\Windows\SYSTEM32\wintypes.dll
0x00007ffdfda10000 - 0x00007ffdfdafa000 	C:\Windows\System32\SHCORE.dll
0x00007ffdfdbe0000 - 0x00007ffdfdc3d000 	C:\Windows\System32\shlwapi.dll
0x00007ffdfb880000 - 0x00007ffdfb8a5000 	C:\Windows\SYSTEM32\profapi.dll
0x00007ffdf55b0000 - 0x00007ffdf55c8000 	c:\Users\hp\.vscode\extensions\redhat.java-1.55.0-win32-x64\jre\21.0.11-win32-x86_64\bin\zip.dll
0x00007ffdf5dc0000 - 0x00007ffdf5dd0000 	C:\Users\hp\.vscode\extensions\redhat.java-1.55.0-win32-x64\jre\21.0.11-win32-x86_64\bin\net.dll
0x00007ffdf5e70000 - 0x00007ffdf5f84000 	C:\Windows\SYSTEM32\WINHTTP.dll
0x00007ffdfaf60000 - 0x00007ffdfafc7000 	C:\Windows\system32\mswsock.dll
0x00007ffdf2620000 - 0x00007ffdf2636000 	C:\Users\hp\.vscode\extensions\redhat.java-1.55.0-win32-x64\jre\21.0.11-win32-x86_64\bin\nio.dll
0x00007ffdf5700000 - 0x00007ffdf5710000 	c:\Users\hp\.vscode\extensions\redhat.java-1.55.0-win32-x64\jre\21.0.11-win32-x86_64\bin\verify.dll
0x00007ffde15c0000 - 0x00007ffde1605000 	C:\Users\hp\AppData\Roaming\Code\User\globalStorage\redhat.java\1.55.0\config_win\org.eclipse.equinox.launcher\org.eclipse.equinox.launcher.win32.win32.x86_64_1.3.100.v20260613-0559\eclipse_11924.dll
0x00007ffdfd590000 - 0x00007ffdfd72a000 	C:\Windows\System32\ole32.dll
0x00007ffdfb1b0000 - 0x00007ffdfb1c8000 	C:\Windows\SYSTEM32\CRYPTSP.dll
0x00007ffdfaa10000 - 0x00007ffdfaa45000 	C:\Windows\system32\rsaenh.dll
0x00007ffdfb050000 - 0x00007ffdfb07c000 	C:\Windows\SYSTEM32\USERENV.dll
0x00007ffdfb320000 - 0x00007ffdfb347000 	C:\Windows\SYSTEM32\bcrypt.dll
0x00007ffdfb1a0000 - 0x00007ffdfb1ac000 	C:\Windows\SYSTEM32\CRYPTBASE.dll
0x00007ffdfa5d0000 - 0x00007ffdfa5fd000 	C:\Windows\SYSTEM32\IPHLPAPI.DLL
0x00007ffdfcd30000 - 0x00007ffdfcd39000 	C:\Windows\System32\NSI.dll
0x00007ffde1180000 - 0x00007ffde11c9000 	C:\Users\hp\AppData\Local\Temp\jna-102042227\jna7281589401481642749.dll
0x00007ffdfc7d0000 - 0x00007ffdfc7d8000 	C:\Windows\System32\PSAPI.DLL
0x00007ffdf5e20000 - 0x00007ffdf5e39000 	C:\Windows\SYSTEM32\dhcpcsvc6.DLL
0x00007ffdf6110000 - 0x00007ffdf612e000 	C:\Windows\SYSTEM32\dhcpcsvc.DLL

JVMTI agents:
c:\Users\hp\.vscode\extensions\redhat.java-1.55.0-win32-x64\lombok\lombok-1.18.39-4050.jar path:c:\Users\hp\.vscode\extensions\redhat.java-1.55.0-win32-x64\jre\21.0.11-win32-x86_64\bin\instrument.dll, loaded, initialized, instrumentlib options:none

dbghelp: loaded successfully - version: 4.0.5 - missing functions: none
symbol engine: initialized successfully - sym options: 0x614 - pdb path: .;c:\Users\hp\.vscode\extensions\redhat.java-1.55.0-win32-x64\jre\21.0.11-win32-x86_64\bin;C:\Windows\SYSTEM32;C:\Windows\WinSxS\amd64_microsoft.windows.common-controls_6595b64144ccf1df_6.0.22000.120_none_9d947278b86cc467;c:\Users\hp\.vscode\extensions\redhat.java-1.55.0-win32-x64\jre\21.0.11-win32-x86_64\bin\server;C:\Users\hp\AppData\Roaming\Code\User\globalStorage\redhat.java\1.55.0\config_win\org.eclipse.equinox.launcher\org.eclipse.equinox.launcher.win32.win32.x86_64_1.3.100.v20260613-0559;C:\Users\hp\AppData\Local\Temp\jna-102042227

VM Arguments:
jvm_args: --add-modules=ALL-SYSTEM --add-opens=java.base/java.util=ALL-UNNAMED --add-opens=java.base/java.lang=ALL-UNNAMED --add-opens=java.base/sun.nio.fs=ALL-UNNAMED -Declipse.application=org.eclipse.jdt.ls.core.id1 -Dosgi.bundles.defaultStartLevel=4 -Declipse.product=org.eclipse.jdt.ls.core.product -Djava.import.generatesMetadataFilesAtProjectRoot=false -DDetectVMInstallationsJob.disabled=true -Dfile.encoding=utf8 -XX:+UseParallelGC -XX:GCTimeRatio=4 -XX:AdaptiveSizePolicyWeight=90 -Dsun.zip.disableMemoryMapping=true -Xmx2G -Xms100m -Xlog:disable -javaagent:c:\Users\hp\.vscode\extensions\redhat.java-1.55.0-win32-x64\lombok\lombok-1.18.39-4050.jar -XX:+HeapDumpOnOutOfMemoryError -XX:HeapDumpPath=c:\Users\hp\AppData\Roaming\Code\User\workspaceStorage\ad489217714ec6666d52a138a1669afa\redhat.java -Daether.dependencyCollector.impl=bf 
java_command: c:\Users\hp\.vscode\extensions\redhat.java-1.55.0-win32-x64\server\plugins\org.eclipse.equinox.launcher_1.7.200.v20260619-2039.jar -configuration c:\Users\hp\AppData\Roaming\Code\User\globalStorage\redhat.java\1.55.0\config_win -data c:\Users\hp\AppData\Roaming\Code\User\workspaceStorage\ad489217714ec6666d52a138a1669afa\redhat.java\jdt_ws --pipe=\\.\pipe\lsp-b26ae98dd27805b68259ab0b295fbd8a-sock
java_class_path (initial): c:\Users\hp\.vscode\extensions\redhat.java-1.55.0-win32-x64\server\plugins\org.eclipse.equinox.launcher_1.7.200.v20260619-2039.jar
Launcher Type: SUN_STANDARD

[Global flags]
    uintx AdaptiveSizePolicyWeight                 = 90                                        {product} {command line}
     intx CICompilerCount                          = 3                                         {product} {ergonomic}
    uintx GCTimeRatio                              = 4                                         {product} {command line}
     bool HeapDumpOnOutOfMemoryError               = true                                   {manageable} {command line}
    ccstr HeapDumpPath                             = c:\Users\hp\AppData\Roaming\Code\User\workspaceStorage\ad489217714ec6666d52a138a1669afa\redhat.java         {manageable} {command line}
   size_t InitialHeapSize                          = 104857600                                 {product} {command line}
   size_t MaxHeapSize                              = 2147483648                                {product} {command line}
   size_t MaxNewSize                               = 715653120                                 {product} {ergonomic}
   size_t MinHeapDeltaBytes                        = 524288                                    {product} {ergonomic}
   size_t MinHeapSize                              = 104857600                                 {product} {command line}
   size_t NewSize                                  = 34603008                                  {product} {ergonomic}
    uintx NonNMethodCodeHeapSize                   = 5832780                                {pd product} {ergonomic}
    uintx NonProfiledCodeHeapSize                  = 122912730                              {pd product} {ergonomic}
   size_t OldSize                                  = 70254592                                  {product} {ergonomic}
    uintx ProfiledCodeHeapSize                     = 122912730                              {pd product} {ergonomic}
    uintx ReservedCodeCacheSize                    = 251658240                              {pd product} {ergonomic}
     bool SegmentedCodeCache                       = true                                      {product} {ergonomic}
   size_t SoftMaxHeapSize                          = 2147483648                             {manageable} {ergonomic}
     bool UseCompressedOops                        = true                           {product lp64_product} {ergonomic}
     bool UseLargePagesIndividualAllocation        = false                                  {pd product} {ergonomic}
     bool UseParallelGC                            = true                                      {product} {command line}

Logging:
Log output configuration:
 #0: stdout all=off uptime,level,tags foldmultilines=false
 #1: stderr all=off uptime,level,tags foldmultilines=false

Release file:
JAVA_VERSION="21.0.11" 
MODULES="java.base java.compiler java.datatransfer java.xml java.prefs java.desktop java.instrument java.logging java.management java.security.sasl java.naming java.rmi java.management.rmi java.net.http java.scripting java.security.jgss java.transaction.xa java.sql java.sql.rowset java.xml.crypto java.se java.smartcardio jdk.accessibility jdk.internal.jvmstat jdk.attach jdk.charsets jdk.internal.opt jdk.zipfs jdk.compiler jdk.crypto.ec jdk.crypto.cryptoki jdk.crypto.mscapi jdk.dynalink jdk.internal.ed jdk.editpad jdk.hotspot.agent jdk.httpserver jdk.internal.le jdk.internal.vm.ci jdk.internal.vm.compiler jdk.internal.vm.compiler.management jdk.jartool jdk.javadoc jdk.jcmd jdk.management jdk.management.agent jdk.jconsole jdk.jdeps jdk.jdwp.agent jdk.jdi jdk.jfr jdk.jshell jdk.jsobject jdk.jstatd jdk.localedata jdk.management.jfr jdk.naming.dns jdk.naming.rmi jdk.net jdk.nio.mapmode jdk.random jdk.sctp jdk.security.auth jdk.security.jgss jdk.unsupported jdk.unsupported.desktop jdk.xml.dom" 

Environment Variables:
JAVA_HOME=C:\Program Files\Java\jdk-21
PATH=C:\Python314\Scripts\;C:\Python314\;%JAVA_HOME%\bin;C:\Windows\system32;C:\Windows;C:\Windows\System32\Wbem;C:\Windows\System32\WindowsPowerShell\v1.0\;C:\Windows\System32\OpenSSH\;C:\Program Files\Git\cmd;C:\Program Files\nodejs\;C:\ProgramData\chocolatey\bin;C:\Users\hp\.local\bin;C:\Users\hp\AppData\Local\Microsoft\WindowsApps;C:\Users\hp\AppData\Local\Programs\Microsoft VS Code\bin;C:\Program Files\Java\jdk-21\bin;C:\Users\hp\.m2\wrapper\dists\apache-maven-3.9.9\8e74001100ff70d6af083c5511fcc5ec49282d7017cde82c3698eee8fdf86698\bin;C:\Users\hp\AppData\Local\Programs\Antigravity IDE\bin;C:\Users\hp\AppData\Local\Programs\cursor\resources\app\bin;C:\Users\hp\AppData\Roaming\npm;C:\Users\hp\AppData\Local\Programs\Devin\bin
USERNAME=kibet
OS=Windows_NT
PROCESSOR_IDENTIFIER=Intel64 Family 6 Model 61 Stepping 4, GenuineIntel
TMP=C:\Users\hp\AppData\Local\Temp
TEMP=C:\Users\hp\AppData\Local\Temp




Periodic native trim disabled

---------------  S Y S T E M  ---------------

OS:
 Windows 11 , 64 bit Build 22000 (10.0.22000.2538)
OS uptime: 0 days 6:26 hours

CPU: total 4 (initial active 4) (2 cores per cpu, 2 threads per core) family 6 model 61 stepping 4 microcode 0x2f, cx8, cmov, fxsr, ht, mmx, 3dnowpref, sse, sse2, sse3, ssse3, sse4.1, sse4.2, popcnt, lzcnt, tsc, tscinvbit, avx, avx2, aes, erms, clmul, bmi1, bmi2, rtm, adx, fma, vzeroupper, clflush, rdtscp, f16c
Processor Information for the first 4 processors :
  Max Mhz: 2301, Current Mhz: 2301, Mhz Limit: 2301

Memory: 4k page, system-wide physical 3971M (61M free)
TotalPageFile size 16259M (AvailPageFile size 11M)
current process WorkingSet (physical memory assigned to process): 197M, peak: 421M
current process commit charge ("private bytes"): 917M, peak: 928M

vm_info: OpenJDK 64-Bit Server VM (21.0.11+10-LTS) for windows-amd64 JRE (21.0.11+10-LTS), built on 2026-04-21T00:00:00Z by "admin" with MS VC++ 17.12 (VS2022)

END.
