#
# There is insufficient memory for the Java Runtime Environment to continue.
# Native memory allocation (malloc) failed to allocate 1048576 bytes. Error detail: AllocateHeap
# Possible reasons:
#   The system is out of physical RAM or swap space
#   This process is running with CompressedOops enabled, and the Java Heap may be blocking the growth of the native heap
# Possible solutions:
#   Reduce memory load on the system
#   Increase physical memory or swap space
#   Check if swap backing store is full
#   Decrease Java heap size (-Xmx/-Xms)
#   Decrease number of Java threads
#   Decrease Java thread stack sizes (-Xss)
#   Set larger code cache with -XX:ReservedCodeCacheSize=
#   JVM is running with Unscaled Compressed Oops mode in which the Java heap is
#     placed in the first 4GB address space. The Java Heap base address is the
#     maximum limit for the native heap growth. Please use -XX:HeapBaseMinAddress
#     to set the Java Heap base and to place the Java Heap above 4GB virtual address.
# This output file may be truncated or incomplete.
#
#  Out of Memory Error (allocation.cpp:44), pid=17052, tid=8184
#
# JRE version: OpenJDK Runtime Environment Temurin-21.0.11+10 (21.0.11+10) (build 21.0.11+10-LTS)
# Java VM: OpenJDK 64-Bit Server VM Temurin-21.0.11+10 (21.0.11+10-LTS, mixed mode, sharing, tiered, compressed oops, compressed class ptrs, parallel gc, windows-amd64)
# No core dump will be written. Minidumps are not enabled by default on client versions of Windows
#

---------------  S U M M A R Y ------------

Command Line: --add-modules=ALL-SYSTEM --add-opens=java.base/java.util=ALL-UNNAMED --add-opens=java.base/java.lang=ALL-UNNAMED --add-opens=java.base/sun.nio.fs=ALL-UNNAMED -Declipse.application=org.eclipse.jdt.ls.core.id1 -Dosgi.bundles.defaultStartLevel=4 -Declipse.product=org.eclipse.jdt.ls.core.product -Djava.import.generatesMetadataFilesAtProjectRoot=false -DDetectVMInstallationsJob.disabled=true -Dfile.encoding=utf8 -XX:+UseParallelGC -XX:GCTimeRatio=4 -XX:AdaptiveSizePolicyWeight=90 -Dsun.zip.disableMemoryMapping=true -Xmx2G -Xms100m -Xlog:disable -javaagent:c:\Users\hp\.vscode\extensions\redhat.java-1.55.0-win32-x64\lombok\lombok-1.18.39-4050.jar -XX:+HeapDumpOnOutOfMemoryError -XX:HeapDumpPath=c:\Users\hp\AppData\Roaming\Code\User\workspaceStorage\ad489217714ec6666d52a138a1669afa\redhat.java -Daether.dependencyCollector.impl=bf c:\Users\hp\.vscode\extensions\redhat.java-1.55.0-win32-x64\server\plugins\org.eclipse.equinox.launcher_1.7.200.v20260619-2039.jar -configuration c:\Users\hp\AppData\Roaming\Code\User\globalStorage\redhat.java\1.55.0\config_win -data c:\Users\hp\AppData\Roaming\Code\User\workspaceStorage\ad489217714ec6666d52a138a1669afa\redhat.java\jdt_ws --pipe=\\.\pipe\lsp-f7123b6b09b723a090ef25c067a74149-sock

Host: Intel(R) Core(TM) i5-5300U CPU @ 2.30GHz, 4 cores, 3G,  Windows 11 , 64 bit Build 22000 (10.0.22000.2538)
Time: Thu Aug  6 12:45:26 2026 E. Africa Standard Time elapsed time: 484.267901 seconds (0d 0h 8m 4s)

---------------  T H R E A D  ---------------

Current thread (0x0000020db1a3dad0):  JavaThread "Attach Listener" daemon [_thread_in_vm, id=8184, stack(0x0000001808600000,0x0000001808700000) (1024K)]

Stack: [0x0000001808600000,0x0000001808700000]
Native frames: (J=compiled Java code, j=interpreted, Vv=VM code, C=native code)
V  [jvm.dll+0x6d7e19]
V  [jvm.dll+0x8b5096]
V  [jvm.dll+0x8b764e]
V  [jvm.dll+0x8b7d33]
V  [jvm.dll+0x284596]
V  [jvm.dll+0xc13c7]
V  [jvm.dll+0x6d86c9]
V  [jvm.dll+0x133616]
V  [jvm.dll+0x3f868e]
V  [jvm.dll+0x85fb0d]
V  [jvm.dll+0x6d664d]
C  [ucrtbase.dll+0x26c0c]
C  [KERNEL32.DLL+0x153e0]
C  [ntdll.dll+0x485b]


---------------  P R O C E S S  ---------------

Threads class SMR info:
_java_thread_list=0x0000020df8e8e4a0, length=38, elements={
0x0000020d9b051780, 0x0000020db1a35410, 0x0000020db1a38a90, 0x0000020db1a3a8f0,
0x0000020db1a3dad0, 0x0000020db1a3e7f0, 0x0000020db1a41270, 0x0000020db1a420b0,
0x0000020db1a75970, 0x0000020df38e2cf0, 0x0000020df39dd380, 0x0000020df83b7660,
0x0000020df8315c30, 0x0000020df8053400, 0x0000020df39c0b50, 0x0000020db1b0a460,
0x0000020df87f9640, 0x0000020df80c8ed0, 0x0000020df8bb1ae0, 0x0000020df8bb2170,
0x0000020df8bb2800, 0x0000020df9f42eb0, 0x0000020df9f45610, 0x0000020df9f44f80,
0x0000020df9f46330, 0x0000020df9f40750, 0x0000020df9f43bd0, 0x0000020df9f40de0,
0x0000020df9f41b00, 0x0000020df9f43540, 0x0000020df9f41470, 0x0000020df9f44260,
0x0000020dfa87e660, 0x0000020dfa87c590, 0x0000020dfa87cc20, 0x0000020dfa87ecf0,
0x0000020dfa882170, 0x0000020dfa8800a0
}

Java Threads: ( => current thread )
  0x0000020d9b051780 JavaThread "main"                              [_thread_blocked, id=17660, stack(0x0000001807f00000,0x0000001808000000) (1024K)]
  0x0000020db1a35410 JavaThread "Reference Handler"          daemon [_thread_blocked, id=8376, stack(0x0000001808300000,0x0000001808400000) (1024K)]
  0x0000020db1a38a90 JavaThread "Finalizer"                  daemon [_thread_blocked, id=11564, stack(0x0000001808400000,0x0000001808500000) (1024K)]
  0x0000020db1a3a8f0 JavaThread "Signal Dispatcher"          daemon [_thread_blocked, id=9340, stack(0x0000001808500000,0x0000001808600000) (1024K)]
=>0x0000020db1a3dad0 JavaThread "Attach Listener"            daemon [_thread_in_vm, id=8184, stack(0x0000001808600000,0x0000001808700000) (1024K)]
  0x0000020db1a3e7f0 JavaThread "Service Thread"             daemon [_thread_blocked, id=16656, stack(0x0000001808700000,0x0000001808800000) (1024K)]
  0x0000020db1a41270 JavaThread "Monitor Deflation Thread"   daemon [_thread_blocked, id=17684, stack(0x0000001808800000,0x0000001808900000) (1024K)]
  0x0000020db1a420b0 JavaThread "C2 CompilerThread0"         daemon [_thread_in_vm, id=11036, stack(0x0000001808900000,0x0000001808a00000) (1024K)]
  0x0000020db1a75970 JavaThread "C1 CompilerThread0"         daemon [_thread_blocked, id=18112, stack(0x0000001808a00000,0x0000001808b00000) (1024K)]
  0x0000020df38e2cf0 JavaThread "Common-Cleaner"             daemon [_thread_blocked, id=18168, stack(0x0000001808b00000,0x0000001808c00000) (1024K)]
  0x0000020df39dd380 JavaThread "Notification Thread"        daemon [_thread_blocked, id=17572, stack(0x0000001808c00000,0x0000001808d00000) (1024K)]
  0x0000020df83b7660 JavaThread "Active Thread: Equinox Container: f532f4ac-7f22-436b-afce-2e6d20395aaa"        [_thread_blocked, id=18016, stack(0x0000001809000000,0x0000001809100000) (1024K)]
  0x0000020df8315c30 JavaThread "Refresh Thread: Equinox Container: f532f4ac-7f22-436b-afce-2e6d20395aaa" daemon [_thread_blocked, id=5248, stack(0x0000001809100000,0x0000001809200000) (1024K)]
  0x0000020df8053400 JavaThread "Framework Event Dispatcher: Equinox Container: f532f4ac-7f22-436b-afce-2e6d20395aaa" daemon [_thread_blocked, id=16188, stack(0x0000001809200000,0x0000001809300000) (1024K)]
  0x0000020df39c0b50 JavaThread "Start Level: Equinox Container: f532f4ac-7f22-436b-afce-2e6d20395aaa" daemon [_thread_blocked, id=17984, stack(0x0000001809300000,0x0000001809400000) (1024K)]
  0x0000020db1b0a460 JavaThread "Bundle File Closer"         daemon [_thread_blocked, id=3096, stack(0x0000001809400000,0x0000001809500000) (1024K)]
  0x0000020df87f9640 JavaThread "SCR Component Actor"        daemon [_thread_blocked, id=17580, stack(0x0000001809500000,0x0000001809600000) (1024K)]
  0x0000020df80c8ed0 JavaThread "Worker-JM"                         [_thread_blocked, id=16032, stack(0x0000001809700000,0x0000001809800000) (1024K)]
  0x0000020df8bb1ae0 JavaThread "Worker-1: Initialize Workspace"        [_thread_blocked, id=14780, stack(0x0000001809800000,0x0000001809900000) (1024K)]
  0x0000020df8bb2170 JavaThread "Worker-2"                          [_thread_blocked, id=17640, stack(0x0000001809900000,0x0000001809a00000) (1024K)]
  0x0000020df8bb2800 JavaThread "Worker-3"                          [_thread_in_Java, id=15392, stack(0x0000001809a00000,0x0000001809b00000) (1024K)]
  0x0000020df9f42eb0 JavaThread "Java indexing"              daemon [_thread_in_Java, id=18264, stack(0x0000001809c00000,0x0000001809d00000) (1024K)]
  0x0000020df9f45610 JavaThread "JNA Cleaner"                daemon [_thread_blocked, id=16764, stack(0x0000001809b00000,0x0000001809c00000) (1024K)]
  0x0000020df9f44f80 JavaThread "Worker-4: Java indexing... "        [_thread_blocked, id=17004, stack(0x0000001809f00000,0x000000180a000000) (1024K)]
  0x0000020df9f46330 JavaThread "Thread-1"                   daemon [_thread_in_native, id=17548, stack(0x000000180a100000,0x000000180a200000) (1024K)]
  0x0000020df9f40750 JavaThread "Thread-2"                   daemon [_thread_in_native, id=9396, stack(0x000000180a200000,0x000000180a300000) (1024K)]
  0x0000020df9f43bd0 JavaThread "Thread-3"                   daemon [_thread_in_native, id=2180, stack(0x000000180a300000,0x000000180a400000) (1024K)]
  0x0000020df9f40de0 JavaThread "Thread-4"                   daemon [_thread_in_native, id=8128, stack(0x000000180a400000,0x000000180a500000) (1024K)]
  0x0000020df9f41b00 JavaThread "Thread-5"                   daemon [_thread_in_native, id=18336, stack(0x000000180a500000,0x000000180a600000) (1024K)]
  0x0000020df9f43540 JavaThread "pool-2-thread-1"                   [_thread_blocked, id=18184, stack(0x000000180a600000,0x000000180a700000) (1024K)]
  0x0000020df9f41470 JavaThread "WorkspaceEventsHandler"            [_thread_blocked, id=1044, stack(0x000000180a700000,0x000000180a800000) (1024K)]
  0x0000020df9f44260 JavaThread "pool-1-thread-1"                   [_thread_blocked, id=11176, stack(0x000000180a800000,0x000000180a900000) (1024K)]
  0x0000020dfa87e660 JavaThread "Worker-6: Check JDK Index"         [_thread_in_Java, id=16432, stack(0x0000001807d00000,0x0000001807e00000) (1024K)]
  0x0000020dfa87c590 JavaThread "Worker-7"                          [_thread_blocked, id=18340, stack(0x0000001809600000,0x0000001809700000) (1024K)]
  0x0000020dfa87cc20 JavaThread "Compiler Source File Reader" daemon [_thread_blocked, id=18272, stack(0x000000180a000000,0x000000180a100000) (1024K)]
  0x0000020dfa87ecf0 JavaThread "Compiler Class File Writer" daemon [_thread_blocked, id=15756, stack(0x000000180ae00000,0x000000180af00000) (1024K)]
  0x0000020dfa882170 JavaThread "Compiler Source File Reader" daemon [_thread_blocked, id=17732, stack(0x000000180af00000,0x000000180b000000) (1024K)]
  0x0000020dfa8800a0 JavaThread "Compiler Class File Writer" daemon [_thread_blocked, id=17332, stack(0x000000180b000000,0x000000180b100000) (1024K)]
Total: 38

Other Threads:
  0x0000020d9b1094f0 VMThread "VM Thread"                           [id=17260, stack(0x0000001808200000,0x0000001808300000) (1024K)]
  0x0000020db19eca00 WatcherThread "VM Periodic Task Thread"        [id=17428, stack(0x0000001808100000,0x0000001808200000) (1024K)]
  0x0000020d9b06f9c0 WorkerThread "GC Thread#0"                     [id=18220, stack(0x0000001808000000,0x0000001808100000) (1024K)]
  0x0000020df82094b0 WorkerThread "GC Thread#1"                     [id=16872, stack(0x0000001808d00000,0x0000001808e00000) (1024K)]
  0x0000020df8436490 WorkerThread "GC Thread#2"                     [id=17960, stack(0x0000001808e00000,0x0000001808f00000) (1024K)]
  0x0000020df8436840 WorkerThread "GC Thread#3"                     [id=17780, stack(0x0000001808f00000,0x0000001809000000) (1024K)]
Total: 6

Threads with active compile tasks:
C2 CompilerThread0  484356 17493       4       java.text.Format::format (24 bytes)
Total: 1

VM state: not at safepoint (normal execution)

VM Mutex/Monitor currently owned by a thread: None

Heap address: 0x0000000080000000, size: 2048 MB, Compressed Oops mode: 32-bit

CDS archive(s) mapped at: [0x0000020db2000000-0x0000020db2ba0000-0x0000020db2ba0000), size 12189696, SharedBaseAddress: 0x0000020db2000000, ArchiveRelocationMode: 1.
Compressed class space mapped at: 0x0000020db3000000-0x0000020df3000000, reserved size: 1073741824
Narrow klass base: 0x0000020db2000000, Narrow klass shift: 0, Narrow klass range: 0x100000000

GC Precious Log:
 CardTable entry size: 512
 CPUs: 4 total, 4 available
 Memory: 3971M
 Large Page Support: Disabled
 NUMA Support: Disabled
 Compressed Oops: Enabled (32-bit)
 Alignments: Space 512K, Generation 512K, Heap 2M
 Heap Min Capacity: 100M
 Heap Initial Capacity: 100M
 Heap Max Capacity: 2G
 Pre-touch: Disabled
 Parallel Workers: 4

Heap:
 PSYoungGen      total 2048K, used 1632K [0x00000000d5580000, 0x00000000d5980000, 0x0000000100000000)
  eden space 1024K, 75% used [0x00000000d5580000,0x00000000d5640010,0x00000000d5680000)
  from space 1024K, 84% used [0x00000000d5880000,0x00000000d5958000,0x00000000d5980000)
  to   space 1024K, 0% used [0x00000000d5780000,0x00000000d5780000,0x00000000d5880000)
 ParOldGen       total 956928K, used 956883K [0x0000000080000000, 0x00000000ba680000, 0x00000000d5580000)
  object space 956928K, 99% used [0x0000000080000000,0x00000000ba674ec0,0x00000000ba680000)
 Metaspace       used 76693K, committed 78336K, reserved 1179648K
  class space    used 7896K, committed 8640K, reserved 1048576K

Card table byte_map: [0x0000020d9aa00000,0x0000020d9ae10000] _byte_map_base: 0x0000020d9a600000

Marking Bits: (ParMarkBitMap*) 0x00007ffad5b24460
 Begin Bits: [0x0000020dad510000, 0x0000020daf510000)
 End Bits:   [0x0000020daf510000, 0x0000020db1510000)

Polling page: 0x0000020d990d0000

Metaspace:

Usage:
  Non-class:     67.19 MB used.
      Class:      7.71 MB used.
       Both:     74.90 MB used.

Virtual space:
  Non-class space:      128.00 MB reserved,      68.06 MB ( 53%) committed,  2 nodes.
      Class space:        1.00 GB reserved,       8.44 MB ( <1%) committed,  1 nodes.
             Both:        1.12 GB reserved,      76.50 MB (  7%) committed. 

Chunk freelists:
   Non-Class:  11.84 MB
       Class:  7.58 MB
        Both:  19.42 MB

MaxMetaspaceSize: unlimited
CompressedClassSpaceSize: 1.00 GB
Initial GC threshold: 21.00 MB
Current GC threshold: 97.31 MB
CDS: on
 - commit_granule_bytes: 65536.
 - commit_granule_words: 8192.
 - virtual_space_node_default_size: 8388608.
 - enlarge_chunks_in_place: 1.
 - use_allocation_guard: 0.


Internal statistics:

num_allocs_failed_limit: 9.
num_arena_births: 1356.
num_arena_deaths: 30.
num_vsnodes_births: 3.
num_vsnodes_deaths: 0.
num_space_committed: 1224.
num_space_uncommitted: 0.
num_chunks_returned_to_freelist: 43.
num_chunks_taken_from_freelist: 4924.
num_chunk_merges: 17.
num_chunk_splits: 2949.
num_chunks_enlarged: 1672.
num_inconsistent_stats: 0.

CodeHeap 'non-profiled nmethods': size=120000Kb used=14424Kb max_used=14424Kb free=105575Kb
 bounds [0x0000020da5d30000, 0x0000020da6b50000, 0x0000020dad260000]
CodeHeap 'profiled nmethods': size=120000Kb used=41167Kb max_used=41167Kb free=78832Kb
 bounds [0x0000020d9e260000, 0x0000020da0aa0000, 0x0000020da5790000]
CodeHeap 'non-nmethods': size=5760Kb used=1482Kb max_used=1557Kb free=4277Kb
 bounds [0x0000020da5790000, 0x0000020da5a00000, 0x0000020da5d30000]
CodeCache: size=245760Kb, used=57073Kb, max_used=57148Kb, free=188684Kb
 total_blobs=17432, nmethods=16636, adapters=701, full_count=0
Compilation: enabled, stopped_count=0, restarted_count=0

Compilation events (20 events):
Event: 438.089 Thread 0x0000020db1a75970 nmethod 17483 0x0000020da0a92e10 code [0x0000020da0a93000, 0x0000020da0a93420]
Event: 438.996 Thread 0x0000020db1a420b0 17484       4       org.eclipse.jdt.internal.compiler.classfmt.MethodInfo::decodeParamAnnotations (125 bytes)
Event: 439.021 Thread 0x0000020db1a420b0 nmethod 17484 0x0000020da6b3c410 code [0x0000020da6b3c5e0, 0x0000020da6b3ccf0]
Event: 441.505 Thread 0x0000020db1a420b0 17485       4       java.util.concurrent.atomic.AtomicLong::compareAndSet (13 bytes)
Event: 441.506 Thread 0x0000020db1a420b0 nmethod 17485 0x0000020da6b3d190 code [0x0000020da6b3d320, 0x0000020da6b3d3c0]
Event: 449.079 Thread 0x0000020db1a420b0 17486  s    4       org.eclipse.jdt.internal.core.search.processing.JobManager::hasPendingJobMatching (86 bytes)
Event: 449.160 Thread 0x0000020db1a75970 17487       3       java.lang.Double::valueOf (9 bytes)
Event: 449.161 Thread 0x0000020db1a75970 nmethod 17487 0x0000020da0a93590 code [0x0000020da0a93740, 0x0000020da0a939a8]
Event: 449.161 Thread 0x0000020db1a75970 17488       3       java.lang.Double::<init> (10 bytes)
Event: 449.161 Thread 0x0000020db1a75970 nmethod 17488 0x0000020da0a93b10 code [0x0000020da0a93cc0, 0x0000020da0a93e88]
Event: 449.166 Thread 0x0000020db1a420b0 nmethod 17486 0x0000020da6b3d490 code [0x0000020da6b3d720, 0x0000020da6b3ea78]
Event: 450.018 Thread 0x0000020db1a420b0 17489       4       org.eclipse.jdt.internal.compiler.classfmt.AnnotationInfo::readTargetValue (322 bytes)
Event: 450.204 Thread 0x0000020db1a420b0 nmethod 17489 0x0000020da6b3f910 code [0x0000020da6b3fc80, 0x0000020da6b43d20]
Event: 450.614 Thread 0x0000020db1a420b0 17490       4       org.eclipse.jdt.internal.compiler.classfmt.FieldInfo::decodeAnnotations (185 bytes)
Event: 450.640 Thread 0x0000020db1a420b0 nmethod 17490 0x0000020da6b44a10 code [0x0000020da6b44bc0, 0x0000020da6b45088]
Event: 459.950 Thread 0x0000020db1a420b0 17491  s    4       org.eclipse.jdt.internal.core.search.processing.JobManager::currentJobForced (28 bytes)
Event: 459.968 Thread 0x0000020db1a420b0 nmethod 17491 0x0000020da6b45310 code [0x0000020da6b454c0, 0x0000020da6b45830]
Event: 484.121 Thread 0x0000020db1a420b0 17492       4       java.text.MessageFormat::<init> (56 bytes)
Event: 484.248 Thread 0x0000020db1a420b0 nmethod 17492 0x0000020da6b45a90 code [0x0000020da6b45c40, 0x0000020da6b45f98]
Event: 484.249 Thread 0x0000020db1a420b0 17493       4       java.text.Format::format (24 bytes)

GC Heap History (20 events):
Event: 471.901 GC heap before
{Heap before GC invocations=2198 (full 3):
 PSYoungGen      total 1536K, used 1014K [0x00000000d5580000, 0x00000000d5880000, 0x0000000100000000)
  eden space 512K, 89% used [0x00000000d5580000,0x00000000d55f2168,0x00000000d5600000)
  from space 1024K, 54% used [0x00000000d5780000,0x00000000d580b800,0x00000000d5880000)
  to   space 1024K, 0% used [0x00000000d5600000,0x00000000d5600000,0x00000000d5700000)
 ParOldGen       total 950784K, used 950369K [0x0000000080000000, 0x00000000ba080000, 0x00000000d5580000)
  object space 950784K, 99% used [0x0000000080000000,0x00000000ba018450,0x00000000ba080000)
 Metaspace       used 76693K, committed 78336K, reserved 1179648K
  class space    used 7896K, committed 8640K, reserved 1048576K
}
Event: 471.913 GC heap after
{Heap after GC invocations=2198 (full 3):
 PSYoungGen      total 1536K, used 467K [0x00000000d5580000, 0x00000000d5800000, 0x0000000100000000)
  eden space 512K, 0% used [0x00000000d5580000,0x00000000d5580000,0x00000000d5600000)
  from space 1024K, 45% used [0x00000000d5600000,0x00000000d5674fd0,0x00000000d5700000)
  to   space 512K, 0% used [0x00000000d5780000,0x00000000d5780000,0x00000000d5800000)
 ParOldGen       total 951296K, used 950879K [0x0000000080000000, 0x00000000ba100000, 0x00000000d5580000)
  object space 951296K, 99% used [0x0000000080000000,0x00000000ba097c50,0x00000000ba100000)
 Metaspace       used 76693K, committed 78336K, reserved 1179648K
  class space    used 7896K, committed 8640K, reserved 1048576K
}
Event: 471.979 GC heap before
{Heap before GC invocations=2199 (full 3):
 PSYoungGen      total 1536K, used 979K [0x00000000d5580000, 0x00000000d5800000, 0x0000000100000000)
  eden space 512K, 99% used [0x00000000d5580000,0x00000000d55fff68,0x00000000d5600000)
  from space 1024K, 45% used [0x00000000d5600000,0x00000000d5674fd0,0x00000000d5700000)
  to   space 512K, 0% used [0x00000000d5780000,0x00000000d5780000,0x00000000d5800000)
 ParOldGen       total 951296K, used 950879K [0x0000000080000000, 0x00000000ba100000, 0x00000000d5580000)
  object space 951296K, 99% used [0x0000000080000000,0x00000000ba097c50,0x00000000ba100000)
 Metaspace       used 76693K, committed 78336K, reserved 1179648K
  class space    used 7896K, committed 8640K, reserved 1048576K
}
Event: 471.989 GC heap after
{Heap after GC invocations=2199 (full 3):
 PSYoungGen      total 1024K, used 491K [0x00000000d5580000, 0x00000000d5900000, 0x0000000100000000)
  eden space 512K, 0% used [0x00000000d5580000,0x00000000d5580000,0x00000000d5600000)
  from space 512K, 96% used [0x00000000d5780000,0x00000000d57fae60,0x00000000d5800000)
  to   space 1536K, 0% used [0x00000000d5600000,0x00000000d5600000,0x00000000d5780000)
 ParOldGen       total 951808K, used 951344K [0x0000000080000000, 0x00000000ba180000, 0x00000000d5580000)
  object space 951808K, 99% used [0x0000000080000000,0x00000000ba10c170,0x00000000ba180000)
 Metaspace       used 76693K, committed 78336K, reserved 1179648K
  class space    used 7896K, committed 8640K, reserved 1048576K
}
Event: 472.310 GC heap before
{Heap before GC invocations=2200 (full 3):
 PSYoungGen      total 1024K, used 928K [0x00000000d5580000, 0x00000000d5900000, 0x0000000100000000)
  eden space 512K, 85% used [0x00000000d5580000,0x00000000d55ed478,0x00000000d5600000)
  from space 512K, 96% used [0x00000000d5780000,0x00000000d57fae60,0x00000000d5800000)
  to   space 1536K, 0% used [0x00000000d5600000,0x00000000d5600000,0x00000000d5780000)
 ParOldGen       total 951808K, used 951344K [0x0000000080000000, 0x00000000ba180000, 0x00000000d5580000)
  object space 951808K, 99% used [0x0000000080000000,0x00000000ba10c170,0x00000000ba180000)
 Metaspace       used 76693K, committed 78336K, reserved 1179648K
  class space    used 7896K, committed 8640K, reserved 1048576K
}
Event: 472.314 GC heap after
{Heap after GC invocations=2200 (full 3):
 PSYoungGen      total 1024K, used 459K [0x00000000d5580000, 0x00000000d5800000, 0x0000000100000000)
  eden space 512K, 0% used [0x00000000d5580000,0x00000000d5580000,0x00000000d5600000)
  from space 512K, 89% used [0x00000000d5600000,0x00000000d5672c00,0x00000000d5680000)
  to   space 1024K, 0% used [0x00000000d5700000,0x00000000d5700000,0x00000000d5800000)
 ParOldGen       total 952320K, used 951838K [0x0000000080000000, 0x00000000ba200000, 0x00000000d5580000)
  object space 952320K, 99% used [0x0000000080000000,0x00000000ba187a48,0x00000000ba200000)
 Metaspace       used 76693K, committed 78336K, reserved 1179648K
  class space    used 7896K, committed 8640K, reserved 1048576K
}
Event: 472.792 GC heap before
{Heap before GC invocations=2201 (full 3):
 PSYoungGen      total 1024K, used 971K [0x00000000d5580000, 0x00000000d5800000, 0x0000000100000000)
  eden space 512K, 100% used [0x00000000d5580000,0x00000000d5600000,0x00000000d5600000)
  from space 512K, 89% used [0x00000000d5600000,0x00000000d5672c00,0x00000000d5680000)
  to   space 1024K, 0% used [0x00000000d5700000,0x00000000d5700000,0x00000000d5800000)
 ParOldGen       total 953344K, used 953294K [0x0000000080000000, 0x00000000ba300000, 0x00000000d5580000)
  object space 953344K, 99% used [0x0000000080000000,0x00000000ba2f3a48,0x00000000ba300000)
 Metaspace       used 76693K, committed 78336K, reserved 1179648K
  class space    used 7896K, committed 8640K, reserved 1048576K
}
Event: 472.799 GC heap after
{Heap after GC invocations=2201 (full 3):
 PSYoungGen      total 1536K, used 523K [0x00000000d5580000, 0x00000000d5800000, 0x0000000100000000)
  eden space 512K, 0% used [0x00000000d5580000,0x00000000d5580000,0x00000000d5600000)
  from space 1024K, 51% used [0x00000000d5700000,0x00000000d5782c00,0x00000000d5800000)
  to   space 1024K, 0% used [0x00000000d5600000,0x00000000d5600000,0x00000000d5700000)
 ParOldGen       total 953856K, used 953721K [0x0000000080000000, 0x00000000ba380000, 0x00000000d5580000)
  object space 953856K, 99% used [0x0000000080000000,0x00000000ba35e648,0x00000000ba380000)
 Metaspace       used 76693K, committed 78336K, reserved 1179648K
  class space    used 7896K, committed 8640K, reserved 1048576K
}
Event: 472.923 GC heap before
{Heap before GC invocations=2202 (full 3):
 PSYoungGen      total 1536K, used 1035K [0x00000000d5580000, 0x00000000d5800000, 0x0000000100000000)
  eden space 512K, 100% used [0x00000000d5580000,0x00000000d5600000,0x00000000d5600000)
  from space 1024K, 51% used [0x00000000d5700000,0x00000000d5782c00,0x00000000d5800000)
  to   space 1024K, 0% used [0x00000000d5600000,0x00000000d5600000,0x00000000d5700000)
 ParOldGen       total 953856K, used 953721K [0x0000000080000000, 0x00000000ba380000, 0x00000000d5580000)
  object space 953856K, 99% used [0x0000000080000000,0x00000000ba35e648,0x00000000ba380000)
 Metaspace       used 76693K, committed 78336K, reserved 1179648K
  class space    used 7896K, committed 8640K, reserved 1048576K
}
Event: 472.929 GC heap after
{Heap after GC invocations=2202 (full 3):
 PSYoungGen      total 1536K, used 555K [0x00000000d5580000, 0x00000000d5800000, 0x0000000100000000)
  eden space 512K, 0% used [0x00000000d5580000,0x00000000d5580000,0x00000000d5600000)
  from space 1024K, 54% used [0x00000000d5600000,0x00000000d568aee8,0x00000000d5700000)
  to   space 1024K, 0% used [0x00000000d5700000,0x00000000d5700000,0x00000000d5800000)
 ParOldGen       total 954368K, used 954229K [0x0000000080000000, 0x00000000ba400000, 0x00000000d5580000)
  object space 954368K, 99% used [0x0000000080000000,0x00000000ba3dd768,0x00000000ba400000)
 Metaspace       used 76693K, committed 78336K, reserved 1179648K
  class space    used 7896K, committed 8640K, reserved 1048576K
}
Event: 473.072 GC heap before
{Heap before GC invocations=2203 (full 3):
 PSYoungGen      total 1536K, used 1067K [0x00000000d5580000, 0x00000000d5800000, 0x0000000100000000)
  eden space 512K, 100% used [0x00000000d5580000,0x00000000d5600000,0x00000000d5600000)
  from space 1024K, 54% used [0x00000000d5600000,0x00000000d568aee8,0x00000000d5700000)
  to   space 1024K, 0% used [0x00000000d5700000,0x00000000d5700000,0x00000000d5800000)
 ParOldGen       total 954368K, used 954229K [0x0000000080000000, 0x00000000ba400000, 0x00000000d5580000)
  object space 954368K, 99% used [0x0000000080000000,0x00000000ba3dd768,0x00000000ba400000)
 Metaspace       used 76693K, committed 78336K, reserved 1179648K
  class space    used 7896K, committed 8640K, reserved 1048576K
}
Event: 473.082 GC heap after
{Heap after GC invocations=2203 (full 3):
 PSYoungGen      total 1536K, used 539K [0x00000000d5580000, 0x00000000d5800000, 0x0000000100000000)
  eden space 512K, 0% used [0x00000000d5580000,0x00000000d5580000,0x00000000d5600000)
  from space 1024K, 52% used [0x00000000d5700000,0x00000000d5786f48,0x00000000d5800000)
  to   space 1024K, 0% used [0x00000000d5600000,0x00000000d5600000,0x00000000d5700000)
 ParOldGen       total 954880K, used 954749K [0x0000000080000000, 0x00000000ba480000, 0x00000000d5580000)
  object space 954880K, 99% used [0x0000000080000000,0x00000000ba45f648,0x00000000ba480000)
 Metaspace       used 76693K, committed 78336K, reserved 1179648K
  class space    used 7896K, committed 8640K, reserved 1048576K
}
Event: 473.095 GC heap before
{Heap before GC invocations=2204 (full 3):
 PSYoungGen      total 1536K, used 1051K [0x00000000d5580000, 0x00000000d5800000, 0x0000000100000000)
  eden space 512K, 100% used [0x00000000d5580000,0x00000000d5600000,0x00000000d5600000)
  from space 1024K, 52% used [0x00000000d5700000,0x00000000d5786f48,0x00000000d5800000)
  to   space 1024K, 0% used [0x00000000d5600000,0x00000000d5600000,0x00000000d5700000)
 ParOldGen       total 954880K, used 954749K [0x0000000080000000, 0x00000000ba480000, 0x00000000d5580000)
  object space 954880K, 99% used [0x0000000080000000,0x00000000ba45f648,0x00000000ba480000)
 Metaspace       used 76693K, committed 78336K, reserved 1179648K
  class space    used 7896K, committed 8640K, reserved 1048576K
}
Event: 473.109 GC heap after
{Heap after GC invocations=2204 (full 3):
 PSYoungGen      total 1536K, used 567K [0x00000000d5580000, 0x00000000d5800000, 0x0000000100000000)
  eden space 512K, 0% used [0x00000000d5580000,0x00000000d5580000,0x00000000d5600000)
  from space 1024K, 55% used [0x00000000d5600000,0x00000000d568de90,0x00000000d5700000)
  to   space 1024K, 0% used [0x00000000d5700000,0x00000000d5700000,0x00000000d5800000)
 ParOldGen       total 955392K, used 955261K [0x0000000080000000, 0x00000000ba500000, 0x00000000d5580000)
  object space 955392K, 99% used [0x0000000080000000,0x00000000ba4df588,0x00000000ba500000)
 Metaspace       used 76693K, committed 78336K, reserved 1179648K
  class space    used 7896K, committed 8640K, reserved 1048576K
}
Event: 473.116 GC heap before
{Heap before GC invocations=2205 (full 3):
 PSYoungGen      total 1536K, used 1001K [0x00000000d5580000, 0x00000000d5800000, 0x0000000100000000)
  eden space 512K, 84% used [0x00000000d5580000,0x00000000d55ec600,0x00000000d5600000)
  from space 1024K, 55% used [0x00000000d5600000,0x00000000d568de90,0x00000000d5700000)
  to   space 1024K, 0% used [0x00000000d5700000,0x00000000d5700000,0x00000000d5800000)
 ParOldGen       total 955392K, used 955261K [0x0000000080000000, 0x00000000ba500000, 0x00000000d5580000)
  object space 955392K, 99% used [0x0000000080000000,0x00000000ba4df588,0x00000000ba500000)
 Metaspace       used 76693K, committed 78336K, reserved 1179648K
  class space    used 7896K, committed 8640K, reserved 1048576K
}
Event: 473.124 GC heap after
{Heap after GC invocations=2205 (full 3):
 PSYoungGen      total 1536K, used 476K [0x00000000d5580000, 0x00000000d5780000, 0x0000000100000000)
  eden space 1024K, 0% used [0x00000000d5580000,0x00000000d5580000,0x00000000d5680000)
  from space 512K, 92% used [0x00000000d5700000,0x00000000d5777000,0x00000000d5780000)
  to   space 512K, 0% used [0x00000000d5680000,0x00000000d5680000,0x00000000d5700000)
 ParOldGen       total 955904K, used 955773K [0x0000000080000000, 0x00000000ba580000, 0x00000000d5580000)
  object space 955904K, 99% used [0x0000000080000000,0x00000000ba55f418,0x00000000ba580000)
 Metaspace       used 76693K, committed 78336K, reserved 1179648K
  class space    used 7896K, committed 8640K, reserved 1048576K
}
Event: 474.650 GC heap before
{Heap before GC invocations=2206 (full 3):
 PSYoungGen      total 1536K, used 1500K [0x00000000d5580000, 0x00000000d5780000, 0x0000000100000000)
  eden space 1024K, 100% used [0x00000000d5580000,0x00000000d5680000,0x00000000d5680000)
  from space 512K, 92% used [0x00000000d5700000,0x00000000d5777000,0x00000000d5780000)
  to   space 512K, 0% used [0x00000000d5680000,0x00000000d5680000,0x00000000d5700000)
 ParOldGen       total 955904K, used 955773K [0x0000000080000000, 0x00000000ba580000, 0x00000000d5580000)
  object space 955904K, 99% used [0x0000000080000000,0x00000000ba55f418,0x00000000ba580000)
 Metaspace       used 76693K, committed 78336K, reserved 1179648K
  class space    used 7896K, committed 8640K, reserved 1048576K
}
Event: 474.664 GC heap after
{Heap after GC invocations=2206 (full 3):
 PSYoungGen      total 1536K, used 500K [0x00000000d5580000, 0x00000000d5a00000, 0x0000000100000000)
  eden space 1024K, 0% used [0x00000000d5580000,0x00000000d5580000,0x00000000d5680000)
  from space 512K, 97% used [0x00000000d5680000,0x00000000d56fd000,0x00000000d5700000)
  to   space 1536K, 0% used [0x00000000d5880000,0x00000000d5880000,0x00000000d5a00000)
 ParOldGen       total 956416K, used 956377K [0x0000000080000000, 0x00000000ba600000, 0x00000000d5580000)
  object space 956416K, 99% used [0x0000000080000000,0x00000000ba5f6418,0x00000000ba600000)
 Metaspace       used 76693K, committed 78336K, reserved 1179648K
  class space    used 7896K, committed 8640K, reserved 1048576K
}
Event: 477.483 GC heap before
{Heap before GC invocations=2207 (full 3):
 PSYoungGen      total 1536K, used 1523K [0x00000000d5580000, 0x00000000d5a00000, 0x0000000100000000)
  eden space 1024K, 99% used [0x00000000d5580000,0x00000000d567fff0,0x00000000d5680000)
  from space 512K, 97% used [0x00000000d5680000,0x00000000d56fd000,0x00000000d5700000)
  to   space 1536K, 0% used [0x00000000d5880000,0x00000000d5880000,0x00000000d5a00000)
 ParOldGen       total 956416K, used 956377K [0x0000000080000000, 0x00000000ba600000, 0x00000000d5580000)
  object space 956416K, 99% used [0x0000000080000000,0x00000000ba5f6418,0x00000000ba600000)
 Metaspace       used 76693K, committed 78336K, reserved 1179648K
  class space    used 7896K, committed 8640K, reserved 1048576K
}
Event: 477.497 GC heap after
{Heap after GC invocations=2207 (full 3):
 PSYoungGen      total 2048K, used 864K [0x00000000d5580000, 0x00000000d5980000, 0x0000000100000000)
  eden space 1024K, 0% used [0x00000000d5580000,0x00000000d5580000,0x00000000d5680000)
  from space 1024K, 84% used [0x00000000d5880000,0x00000000d5958000,0x00000000d5980000)
  to   space 1024K, 0% used [0x00000000d5780000,0x00000000d5780000,0x00000000d5880000)
 ParOldGen       total 956928K, used 956883K [0x0000000080000000, 0x00000000ba680000, 0x00000000d5580000)
  object space 956928K, 99% used [0x0000000080000000,0x00000000ba674ec0,0x00000000ba680000)
 Metaspace       used 76693K, committed 78336K, reserved 1179648K
  class space    used 7896K, committed 8640K, reserved 1048576K
}

Dll operation events (14 events):
Event: 0.057 Loaded shared library c:\Users\hp\.vscode\extensions\redhat.java-1.55.0-win32-x64\jre\21.0.11-win32-x86_64\bin\java.dll
Event: 0.272 Loaded shared library c:\Users\hp\.vscode\extensions\redhat.java-1.55.0-win32-x64\jre\21.0.11-win32-x86_64\bin\zip.dll
Event: 0.319 Loaded shared library C:\Users\hp\.vscode\extensions\redhat.java-1.55.0-win32-x64\jre\21.0.11-win32-x86_64\bin\instrument.dll
Event: 0.332 Loaded shared library C:\Users\hp\.vscode\extensions\redhat.java-1.55.0-win32-x64\jre\21.0.11-win32-x86_64\bin\net.dll
Event: 0.337 Loaded shared library C:\Users\hp\.vscode\extensions\redhat.java-1.55.0-win32-x64\jre\21.0.11-win32-x86_64\bin\nio.dll
Event: 0.341 Loaded shared library C:\Users\hp\.vscode\extensions\redhat.java-1.55.0-win32-x64\jre\21.0.11-win32-x86_64\bin\zip.dll
Event: 0.401 Loaded shared library C:\Users\hp\.vscode\extensions\redhat.java-1.55.0-win32-x64\jre\21.0.11-win32-x86_64\bin\jimage.dll
Event: 0.872 Loaded shared library c:\Users\hp\.vscode\extensions\redhat.java-1.55.0-win32-x64\jre\21.0.11-win32-x86_64\bin\verify.dll
Event: 17.601 Loaded shared library C:\Users\hp\AppData\Roaming\Code\User\globalStorage\redhat.java\1.55.0\config_win\org.eclipse.equinox.launcher\org.eclipse.equinox.launcher.win32.win32.x86_64_1.3.100.v20260613-0559\eclipse_11924.dll
Event: 49.058 Loaded shared library C:\Users\hp\.vscode\extensions\redhat.java-1.55.0-win32-x64\jre\21.0.11-win32-x86_64\bin\management.dll
Event: 49.080 Loaded shared library C:\Users\hp\.vscode\extensions\redhat.java-1.55.0-win32-x64\jre\21.0.11-win32-x86_64\bin\management_ext.dll
Event: 62.018 Loaded shared library C:\Users\hp\AppData\Local\Temp\jna-102042227\jna14104498637169664675.dll
Event: 65.419 Loaded shared library C:\Users\hp\.vscode\extensions\redhat.java-1.55.0-win32-x64\jre\21.0.11-win32-x86_64\bin\sunmscapi.dll
Event: 66.057 Loaded shared library C:\Users\hp\.vscode\extensions\redhat.java-1.55.0-win32-x64\jre\21.0.11-win32-x86_64\bin\extnet.dll

Deoptimization events (20 events):
Event: 390.034 Thread 0x0000020df9f42eb0 DEOPT PACKING pc=0x0000020da09872ed sp=0x0000001809cff2d0
Event: 390.034 Thread 0x0000020df9f42eb0 DEOPT UNPACKING pc=0x0000020da57e4242 sp=0x0000001809cfe7c0 mode 0
Event: 404.626 Thread 0x0000020df9f42eb0 Uncommon trap: trap_request=0xffffff45 fr.pc=0x0000020da65eddf0 relative=0x00000000000014f0
Event: 404.627 Thread 0x0000020df9f42eb0 Uncommon trap: reason=unstable_if action=reinterpret pc=0x0000020da65eddf0 method=org.eclipse.jdt.internal.compiler.classfmt.FieldInfo.createField([B[IIJ)Lorg/eclipse/jdt/internal/compiler/classfmt/FieldInfo; @ 259 c2
Event: 404.628 Thread 0x0000020df9f42eb0 DEOPT PACKING pc=0x0000020da65eddf0 sp=0x0000001809cff160
Event: 404.628 Thread 0x0000020df9f42eb0 DEOPT UNPACKING pc=0x0000020da57e3aa2 sp=0x0000001809cff0e8 mode 2
Event: 449.079 Thread 0x0000020df9f42eb0 DEOPT PACKING pc=0x0000020d9e719bfa sp=0x0000001809cff0d0
Event: 449.082 Thread 0x0000020df9f42eb0 DEOPT UNPACKING pc=0x0000020da57e4242 sp=0x0000001809cfe580 mode 0
Event: 449.468 Thread 0x0000020df9f42eb0 Uncommon trap: trap_request=0xffffffbe fr.pc=0x0000020da6b3e554 relative=0x0000000000000e34
Event: 449.468 Thread 0x0000020df9f42eb0 Uncommon trap: reason=profile_predicate action=maybe_recompile pc=0x0000020da6b3e554 method=org.eclipse.jdt.internal.core.search.processing.JobManager.hasPendingJobMatching(Ljava/util/function/Predicate;)Z @ 81 c2
Event: 449.468 Thread 0x0000020df9f42eb0 DEOPT PACKING pc=0x0000020da6b3e554 sp=0x0000001809cff0b0
Event: 449.468 Thread 0x0000020df9f42eb0 DEOPT UNPACKING pc=0x0000020da57e3aa2 sp=0x0000001809cff090 mode 2
Event: 449.815 Thread 0x0000020df9f42eb0 Uncommon trap: trap_request=0xffffffbe fr.pc=0x0000020da6b3e554 relative=0x0000000000000e34
Event: 449.815 Thread 0x0000020df9f42eb0 Uncommon trap: reason=profile_predicate action=maybe_recompile pc=0x0000020da6b3e554 method=org.eclipse.jdt.internal.core.search.processing.JobManager.hasPendingJobMatching(Ljava/util/function/Predicate;)Z @ 81 c2
Event: 449.815 Thread 0x0000020df9f42eb0 DEOPT PACKING pc=0x0000020da6b3e554 sp=0x0000001809cff0b0
Event: 449.816 Thread 0x0000020df9f42eb0 DEOPT UNPACKING pc=0x0000020da57e3aa2 sp=0x0000001809cff090 mode 2
Event: 483.604 Thread 0x0000020df9f42eb0 Uncommon trap: trap_request=0xffffffbe fr.pc=0x0000020da6b3e554 relative=0x0000000000000e34
Event: 483.608 Thread 0x0000020df9f42eb0 Uncommon trap: reason=profile_predicate action=maybe_recompile pc=0x0000020da6b3e554 method=org.eclipse.jdt.internal.core.search.processing.JobManager.hasPendingJobMatching(Ljava/util/function/Predicate;)Z @ 81 c2
Event: 483.615 Thread 0x0000020df9f42eb0 DEOPT PACKING pc=0x0000020da6b3e554 sp=0x0000001809cff0b0
Event: 483.622 Thread 0x0000020df9f42eb0 DEOPT UNPACKING pc=0x0000020da57e3aa2 sp=0x0000001809cff090 mode 2

Classes loaded (20 events):
Event: 196.663 Loading class java/nio/file/attribute/PosixFileAttributes
Event: 196.664 Loading class java/nio/file/attribute/PosixFileAttributes done
Event: 204.994 Loading class java/util/regex/Pattern$End
Event: 204.996 Loading class java/util/regex/Pattern$End done
Event: 214.774 Loading class jdk/internal/module/IllegalAccessLogger
Event: 214.774 Loading class jdk/internal/module/IllegalAccessLogger done
Event: 216.056 Loading class java/util/stream/ReferencePipeline$4
Event: 216.072 Loading class java/util/stream/ReferencePipeline$4 done
Event: 216.079 Loading class java/util/stream/Nodes$IntFixedNodeBuilder
Event: 216.160 Loading class java/util/stream/Node$Builder$OfInt
Event: 216.177 Loading class java/util/stream/Node$Builder$OfInt done
Event: 216.177 Loading class java/util/stream/Nodes$IntArrayNode
Event: 216.179 Loading class java/util/stream/Nodes$IntArrayNode done
Event: 216.179 Loading class java/util/stream/Nodes$IntFixedNodeBuilder done
Event: 216.180 Loading class java/util/stream/ReferencePipeline$4$1
Event: 216.180 Loading class java/util/stream/ReferencePipeline$4$1 done
Event: 228.975 Loading class jdk/internal/module/IllegalAccessLogger
Event: 228.977 Loading class jdk/internal/module/IllegalAccessLogger done
Event: 240.692 Loading class java/io/CharArrayWriter
Event: 240.693 Loading class java/io/CharArrayWriter done

Classes unloaded (15 events):
Event: 51.737 Thread 0x0000020d9b1094f0 Unloading class 0x0000020db31a3000 'java/lang/invoke/LambdaForm$MH+0x0000020db31a3000'
Event: 51.737 Thread 0x0000020d9b1094f0 Unloading class 0x0000020db31a2c00 'java/lang/invoke/LambdaForm$MH+0x0000020db31a2c00'
Event: 51.737 Thread 0x0000020d9b1094f0 Unloading class 0x0000020db31a2800 'java/lang/invoke/LambdaForm$MH+0x0000020db31a2800'
Event: 51.737 Thread 0x0000020d9b1094f0 Unloading class 0x0000020db31a2400 'java/lang/invoke/LambdaForm$MH+0x0000020db31a2400'
Event: 51.737 Thread 0x0000020d9b1094f0 Unloading class 0x0000020db31a2000 'java/lang/invoke/LambdaForm$BMH+0x0000020db31a2000'
Event: 51.737 Thread 0x0000020d9b1094f0 Unloading class 0x0000020db31a1c00 'java/lang/invoke/LambdaForm$DMH+0x0000020db31a1c00'
Event: 51.737 Thread 0x0000020d9b1094f0 Unloading class 0x0000020db31a0800 'java/lang/invoke/LambdaForm$DMH+0x0000020db31a0800'
Event: 61.540 Thread 0x0000020d9b1094f0 Unloading class 0x0000020db32af400 'java/lang/invoke/LambdaForm$MH+0x0000020db32af400'
Event: 61.540 Thread 0x0000020d9b1094f0 Unloading class 0x0000020db32ae800 'java/lang/invoke/LambdaForm$MH+0x0000020db32ae800'
Event: 61.540 Thread 0x0000020d9b1094f0 Unloading class 0x0000020db32adc00 'java/lang/invoke/LambdaForm$MH+0x0000020db32adc00'
Event: 61.540 Thread 0x0000020d9b1094f0 Unloading class 0x0000020db329e400 'java/lang/invoke/LambdaForm$MH+0x0000020db329e400'
Event: 61.540 Thread 0x0000020d9b1094f0 Unloading class 0x0000020db329cc00 'java/lang/invoke/LambdaForm$MH+0x0000020db329cc00'
Event: 163.198 Thread 0x0000020d9b1094f0 Unloading class 0x0000020db3668800 'java/lang/invoke/LambdaForm$DMH+0x0000020db3668800'
Event: 163.198 Thread 0x0000020d9b1094f0 Unloading class 0x0000020db3668400 'java/lang/invoke/LambdaForm$DMH+0x0000020db3668400'
Event: 163.198 Thread 0x0000020d9b1094f0 Unloading class 0x0000020db3668000 'java/lang/invoke/LambdaForm$DMH+0x0000020db3668000'

Classes redefined (0 events):
No events

Internal exceptions (20 events):
Event: 435.352 Thread 0x0000020df9f42eb0 Exception <a 'sun/nio/fs/WindowsException'{0x00000000d57d9570}> (0x00000000d57d9570) 
thrown [s\src\hotspot\share\prims\jni.cpp, line 520]
Event: 435.629 Thread 0x0000020df9f42eb0 Exception <a 'sun/nio/fs/WindowsException'{0x00000000d57966f8}> (0x00000000d57966f8) 
thrown [s\src\hotspot\share\prims\jni.cpp, line 520]
Event: 435.698 Thread 0x0000020df9f42eb0 Exception <a 'sun/nio/fs/WindowsException'{0x00000000d57e5e68}> (0x00000000d57e5e68) 
thrown [s\src\hotspot\share\prims\jni.cpp, line 520]
Event: 435.733 Thread 0x0000020df9f42eb0 Exception <a 'sun/nio/fs/WindowsException'{0x00000000d5588290}> (0x00000000d5588290) 
thrown [s\src\hotspot\share\prims\jni.cpp, line 520]
Event: 438.018 Thread 0x0000020df9f42eb0 Exception <a 'sun/nio/fs/WindowsException'{0x00000000d5642290}> (0x00000000d5642290) 
thrown [s\src\hotspot\share\prims\jni.cpp, line 520]
Event: 438.216 Thread 0x0000020df9f42eb0 Exception <a 'sun/nio/fs/WindowsException'{0x00000000d5738f58}> (0x00000000d5738f58) 
thrown [s\src\hotspot\share\prims\jni.cpp, line 520]
Event: 440.049 Thread 0x0000020df9f42eb0 Exception <a 'sun/nio/fs/WindowsException'{0x00000000d55b1308}> (0x00000000d55b1308) 
thrown [s\src\hotspot\share\prims\jni.cpp, line 520]
Event: 441.315 Thread 0x0000020df9f42eb0 Exception <a 'sun/nio/fs/WindowsException'{0x00000000d55c89d8}> (0x00000000d55c89d8) 
thrown [s\src\hotspot\share\prims\jni.cpp, line 520]
Event: 442.567 Thread 0x0000020df9f42eb0 Exception <a 'sun/nio/fs/WindowsException'{0x00000000d56b6f30}> (0x00000000d56b6f30) 
thrown [s\src\hotspot\share\prims\jni.cpp, line 520]
Event: 442.791 Thread 0x0000020df9f42eb0 Exception <a 'sun/nio/fs/WindowsException'{0x00000000d567ca50}> (0x00000000d567ca50) 
thrown [s\src\hotspot\share\prims\jni.cpp, line 520]
Event: 443.772 Thread 0x0000020df9f42eb0 Exception <a 'sun/nio/fs/WindowsException'{0x00000000d57110c8}> (0x00000000d57110c8) 
thrown [s\src\hotspot\share\prims\jni.cpp, line 520]
Event: 446.558 Thread 0x0000020df9f42eb0 Exception <a 'sun/nio/fs/WindowsException'{0x00000000d58acc78}> (0x00000000d58acc78) 
thrown [s\src\hotspot\share\prims\jni.cpp, line 520]
Event: 446.858 Thread 0x0000020df9f42eb0 Exception <a 'sun/nio/fs/WindowsException'{0x00000000d55eea30}> (0x00000000d55eea30) 
thrown [s\src\hotspot\share\prims\jni.cpp, line 520]
Event: 446.893 Thread 0x0000020df9f42eb0 Exception <a 'sun/nio/fs/WindowsException'{0x00000000d560e2a0}> (0x00000000d560e2a0) 
thrown [s\src\hotspot\share\prims\jni.cpp, line 520]
Event: 447.027 Thread 0x0000020df9f42eb0 Exception <a 'sun/nio/fs/WindowsException'{0x00000000d562f830}> (0x00000000d562f830) 
thrown [s\src\hotspot\share\prims\jni.cpp, line 520]
Event: 449.075 Thread 0x0000020df9f42eb0 Exception <a 'sun/nio/fs/WindowsException'{0x00000000d5808ea0}> (0x00000000d5808ea0) 
thrown [s\src\hotspot\share\prims\jni.cpp, line 520]
Event: 449.111 Thread 0x0000020df9f42eb0 Exception <a 'sun/nio/fs/WindowsException'{0x00000000d58271d8}> (0x00000000d58271d8) 
thrown [s\src\hotspot\share\prims\jni.cpp, line 520]
Event: 449.446 Thread 0x0000020df9f42eb0 Exception <a 'sun/nio/fs/WindowsException'{0x00000000d584c7e0}> (0x00000000d584c7e0) 
thrown [s\src\hotspot\share\prims\jni.cpp, line 520]
Event: 449.810 Thread 0x0000020df9f42eb0 Exception <a 'sun/nio/fs/WindowsException'{0x00000000d56f5338}> (0x00000000d56f5338) 
thrown [s\src\hotspot\share\prims\jni.cpp, line 520]
Event: 483.580 Thread 0x0000020df9f42eb0 Exception <a 'sun/nio/fs/WindowsException'{0x00000000d562aa70}> (0x00000000d562aa70) 
thrown [s\src\hotspot\share\prims\jni.cpp, line 520]

ZGC Phase Switch (0 events):
No events

VM Operations (20 events):
Event: 472.310 Executing safepoint VM operation: ParallelGCFailedAllocation (Allocation Failure)
Event: 472.314 Executing safepoint VM operation: ParallelGCFailedAllocation (Allocation Failure) done
Event: 472.792 Executing safepoint VM operation: ParallelGCFailedAllocation (Allocation Failure)
Event: 472.799 Executing safepoint VM operation: ParallelGCFailedAllocation (Allocation Failure) done
Event: 472.923 Executing safepoint VM operation: ParallelGCFailedAllocation (Allocation Failure)
Event: 472.929 Executing safepoint VM operation: ParallelGCFailedAllocation (Allocation Failure) done
Event: 473.072 Executing safepoint VM operation: ParallelGCFailedAllocation (Allocation Failure)
Event: 473.082 Executing safepoint VM operation: ParallelGCFailedAllocation (Allocation Failure) done
Event: 473.095 Executing safepoint VM operation: ParallelGCFailedAllocation (Allocation Failure)
Event: 473.109 Executing safepoint VM operation: ParallelGCFailedAllocation (Allocation Failure) done
Event: 473.116 Executing safepoint VM operation: ParallelGCFailedAllocation (Allocation Failure)
Event: 473.124 Executing safepoint VM operation: ParallelGCFailedAllocation (Allocation Failure) done
Event: 474.650 Executing safepoint VM operation: ParallelGCFailedAllocation (Allocation Failure)
Event: 474.665 Executing safepoint VM operation: ParallelGCFailedAllocation (Allocation Failure) done
Event: 477.483 Executing safepoint VM operation: ParallelGCFailedAllocation (Allocation Failure)
Event: 477.497 Executing safepoint VM operation: ParallelGCFailedAllocation (Allocation Failure) done
Event: 481.166 Executing non-safepoint VM operation: HandshakeAllThreads (HandshakeForDeflation)
Event: 481.166 Executing non-safepoint VM operation: HandshakeAllThreads (HandshakeForDeflation) done
Event: 481.166 Executing non-safepoint VM operation: RendezvousGCThreads
Event: 481.166 Executing non-safepoint VM operation: RendezvousGCThreads done

Memory protections (0 events):
No events

Nmethod flushes (20 events):
Event: 163.528 Thread 0x0000020d9b1094f0 flushing  nmethod 0x0000020d9eb8db90
Event: 163.528 Thread 0x0000020d9b1094f0 flushing  nmethod 0x0000020d9eb8df90
Event: 163.528 Thread 0x0000020d9b1094f0 flushing  nmethod 0x0000020d9eb90010
Event: 163.528 Thread 0x0000020d9b1094f0 flushing  nmethod 0x0000020d9eb91c90
Event: 163.528 Thread 0x0000020d9b1094f0 flushing  nmethod 0x0000020d9eb96910
Event: 163.528 Thread 0x0000020d9b1094f0 flushing  nmethod 0x0000020d9eb9f410
Event: 163.528 Thread 0x0000020d9b1094f0 flushing  nmethod 0x0000020d9ebab010
Event: 163.528 Thread 0x0000020d9b1094f0 flushing  nmethod 0x0000020d9ebaf010
Event: 163.528 Thread 0x0000020d9b1094f0 flushing  nmethod 0x0000020d9ebb8c10
Event: 163.528 Thread 0x0000020d9b1094f0 flushing  nmethod 0x0000020d9ebe1290
Event: 163.528 Thread 0x0000020d9b1094f0 flushing  nmethod 0x0000020d9ebe4a90
Event: 163.528 Thread 0x0000020d9b1094f0 flushing  nmethod 0x0000020d9ec1d110
Event: 163.528 Thread 0x0000020d9b1094f0 flushing  nmethod 0x0000020d9ec1da90
Event: 163.528 Thread 0x0000020d9b1094f0 flushing  nmethod 0x0000020d9ec4f290
Event: 163.528 Thread 0x0000020d9b1094f0 flushing  nmethod 0x0000020d9ec51290
Event: 163.528 Thread 0x0000020d9b1094f0 flushing  nmethod 0x0000020d9ec51890
Event: 163.528 Thread 0x0000020d9b1094f0 flushing  nmethod 0x0000020d9ec52110
Event: 163.528 Thread 0x0000020d9b1094f0 flushing  nmethod 0x0000020d9ec52490
Event: 163.528 Thread 0x0000020d9b1094f0 flushing  nmethod 0x0000020d9ec56610
Event: 163.528 Thread 0x0000020d9b1094f0 flushing  nmethod 0x0000020d9ec95110

Events (20 events):
Event: 196.162 Thread 0x0000020dfa87c590 Thread added: 0x0000020df9f469c0
Event: 196.162 Thread 0x0000020dfa87c590 Thread added: 0x0000020df9f448f0
Event: 196.209 Thread 0x0000020dfa87c590 Thread added: 0x0000020df9f42820
Event: 196.210 Thread 0x0000020dfa87c590 Thread added: 0x0000020df9f3fa30
Event: 196.210 Thread 0x0000020dfa87c590 Thread added: 0x0000020df9f47050
Event: 196.270 Thread 0x0000020df9f3fa30 Thread exited: 0x0000020df9f3fa30
Event: 196.271 Thread 0x0000020df9f42820 Thread exited: 0x0000020df9f42820
Event: 196.271 Thread 0x0000020df9f47050 Thread exited: 0x0000020df9f47050
Event: 196.271 Thread 0x0000020df9f469c0 Thread exited: 0x0000020df9f469c0
Event: 196.272 Thread 0x0000020df9f448f0 Thread exited: 0x0000020df9f448f0
Event: 197.170 Thread 0x0000020dfa881ae0 Thread added: 0x0000020df9f469c0
Event: 197.173 Thread 0x0000020dfa881ae0 Thread added: 0x0000020df9f448f0
Event: 263.521 Thread 0x0000020dfa87d940 Thread exited: 0x0000020dfa87d940
Event: 284.357 Thread 0x0000020dfa883bb0 Thread exited: 0x0000020dfa883bb0
Event: 297.337 Thread 0x0000020dfa87fa10 Thread exited: 0x0000020dfa87fa10
Event: 324.099 Thread 0x0000020dfa87dfd0 Thread exited: 0x0000020dfa87dfd0
Event: 344.534 Thread 0x0000020dfa881ae0 Thread exited: 0x0000020dfa881ae0
Event: 383.944 Thread 0x0000020dfa87d2b0 Thread exited: 0x0000020dfa87d2b0
Event: 404.629 Thread 0x0000020df9f448f0 Thread exited: 0x0000020df9f448f0
Event: 464.962 Thread 0x0000020df9f469c0 Thread exited: 0x0000020df9f469c0


Dynamic libraries:
0x00007ff7d7370000 - 0x00007ff7d737e000 	c:\Users\hp\.vscode\extensions\redhat.java-1.55.0-win32-x64\jre\21.0.11-win32-x86_64\bin\java.exe
0x00007ffb39fa0000 - 0x00007ffb3a1a9000 	C:\Windows\SYSTEM32\ntdll.dll
0x00007ffb37df0000 - 0x00007ffb37ead000 	C:\Windows\System32\KERNEL32.DLL
0x00007ffb375f0000 - 0x00007ffb37974000 	C:\Windows\System32\KERNELBASE.dll
0x00007ffb37430000 - 0x00007ffb37541000 	C:\Windows\System32\ucrtbase.dll
0x00007ffb1c1b0000 - 0x00007ffb1c1c8000 	c:\Users\hp\.vscode\extensions\redhat.java-1.55.0-win32-x64\jre\21.0.11-win32-x86_64\bin\jli.dll
0x00007ffb38c80000 - 0x00007ffb38e2d000 	C:\Windows\System32\USER32.dll
0x00007ffb37550000 - 0x00007ffb37576000 	C:\Windows\System32\win32u.dll
0x00007ffb39600000 - 0x00007ffb3962a000 	C:\Windows\System32\GDI32.dll
0x00007ffb37b60000 - 0x00007ffb37c7e000 	C:\Windows\System32\gdi32full.dll
0x00007ffb37a40000 - 0x00007ffb37add000 	C:\Windows\System32\msvcp_win.dll
0x00007ffb279d0000 - 0x00007ffb27c75000 	C:\Windows\WinSxS\amd64_microsoft.windows.common-controls_6595b64144ccf1df_6.0.22000.120_none_9d947278b86cc467\COMCTL32.dll
0x00007ffb39eb0000 - 0x00007ffb39f53000 	C:\Windows\System32\msvcrt.dll
0x00007ffb1e240000 - 0x00007ffb1e25e000 	c:\Users\hp\.vscode\extensions\redhat.java-1.55.0-win32-x64\jre\21.0.11-win32-x86_64\bin\VCRUNTIME140.dll
0x00007ffb381a0000 - 0x00007ffb381d1000 	C:\Windows\System32\IMM32.DLL
0x00007ffb2c220000 - 0x00007ffb2c22c000 	c:\Users\hp\.vscode\extensions\redhat.java-1.55.0-win32-x64\jre\21.0.11-win32-x86_64\bin\vcruntime140_1.dll
0x00007ffae4460000 - 0x00007ffae44ed000 	c:\Users\hp\.vscode\extensions\redhat.java-1.55.0-win32-x64\jre\21.0.11-win32-x86_64\bin\msvcp140.dll
0x00007ffad4e60000 - 0x00007ffad5c02000 	c:\Users\hp\.vscode\extensions\redhat.java-1.55.0-win32-x64\jre\21.0.11-win32-x86_64\bin\server\jvm.dll
0x00007ffb39840000 - 0x00007ffb398ee000 	C:\Windows\System32\ADVAPI32.dll
0x00007ffb39630000 - 0x00007ffb396ce000 	C:\Windows\System32\sechost.dll
0x00007ffb37eb0000 - 0x00007ffb37fd1000 	C:\Windows\System32\RPCRT4.dll
0x00007ffb381e0000 - 0x00007ffb3824f000 	C:\Windows\System32\WS2_32.dll
0x00007ffb35d90000 - 0x00007ffb35ddd000 	C:\Windows\SYSTEM32\POWRPROF.dll
0x00007ffb2f8e0000 - 0x00007ffb2f913000 	C:\Windows\SYSTEM32\WINMM.dll
0x00007ffb254f0000 - 0x00007ffb254fa000 	C:\Windows\SYSTEM32\VERSION.dll
0x00007ffb35e80000 - 0x00007ffb35e93000 	C:\Windows\SYSTEM32\UMPDC.dll
0x00007ffb36590000 - 0x00007ffb365a8000 	C:\Windows\SYSTEM32\kernel.appcore.dll
0x00007ffb28000000 - 0x00007ffb2800a000 	c:\Users\hp\.vscode\extensions\redhat.java-1.55.0-win32-x64\jre\21.0.11-win32-x86_64\bin\jimage.dll
0x00007ffb226e0000 - 0x00007ffb22901000 	C:\Windows\SYSTEM32\DBGHELP.DLL
0x00007ffb20ec0000 - 0x00007ffb20ef1000 	C:\Windows\SYSTEM32\dbgcore.DLL
0x00007ffb37ae0000 - 0x00007ffb37b5f000 	C:\Windows\System32\bcryptPrimitives.dll
0x00007ffb274a0000 - 0x00007ffb274af000 	c:\Users\hp\.vscode\extensions\redhat.java-1.55.0-win32-x64\jre\21.0.11-win32-x86_64\bin\instrument.dll
0x00007ffb05a90000 - 0x00007ffb05ab0000 	c:\Users\hp\.vscode\extensions\redhat.java-1.55.0-win32-x64\jre\21.0.11-win32-x86_64\bin\java.dll
0x00007ffb38e30000 - 0x00007ffb395f5000 	C:\Windows\System32\SHELL32.dll
0x00007ffb35510000 - 0x00007ffb35d72000 	C:\Windows\SYSTEM32\windows.storage.dll
0x00007ffb38770000 - 0x00007ffb38ae6000 	C:\Windows\System32\combase.dll
0x00007ffb353a0000 - 0x00007ffb35507000 	C:\Windows\SYSTEM32\wintypes.dll
0x00007ffb38b70000 - 0x00007ffb38c5a000 	C:\Windows\System32\SHCORE.dll
0x00007ffb38710000 - 0x00007ffb3876d000 	C:\Windows\System32\shlwapi.dll
0x00007ffb37360000 - 0x00007ffb37385000 	C:\Windows\SYSTEM32\profapi.dll
0x00007ffb05470000 - 0x00007ffb05488000 	c:\Users\hp\.vscode\extensions\redhat.java-1.55.0-win32-x64\jre\21.0.11-win32-x86_64\bin\zip.dll
0x00007ffb26620000 - 0x00007ffb26630000 	C:\Users\hp\.vscode\extensions\redhat.java-1.55.0-win32-x64\jre\21.0.11-win32-x86_64\bin\net.dll
0x00007ffb2f350000 - 0x00007ffb2f464000 	C:\Windows\SYSTEM32\WINHTTP.dll
0x00007ffb36a40000 - 0x00007ffb36aa7000 	C:\Windows\system32\mswsock.dll
0x00007ffb01a00000 - 0x00007ffb01a16000 	C:\Users\hp\.vscode\extensions\redhat.java-1.55.0-win32-x64\jre\21.0.11-win32-x86_64\bin\nio.dll
0x00007ffb25620000 - 0x00007ffb25630000 	c:\Users\hp\.vscode\extensions\redhat.java-1.55.0-win32-x64\jre\21.0.11-win32-x86_64\bin\verify.dll
0x00007ffae39a0000 - 0x00007ffae39e5000 	C:\Users\hp\AppData\Roaming\Code\User\globalStorage\redhat.java\1.55.0\config_win\org.eclipse.equinox.launcher\org.eclipse.equinox.launcher.win32.win32.x86_64_1.3.100.v20260613-0559\eclipse_11924.dll
0x00007ffb38320000 - 0x00007ffb384ba000 	C:\Windows\System32\ole32.dll
0x00007ffb23cb0000 - 0x00007ffb23cba000 	C:\Users\hp\.vscode\extensions\redhat.java-1.55.0-win32-x64\jre\21.0.11-win32-x86_64\bin\management.dll
0x00007ffb235e0000 - 0x00007ffb235ec000 	C:\Users\hp\.vscode\extensions\redhat.java-1.55.0-win32-x64\jre\21.0.11-win32-x86_64\bin\management_ext.dll
0x00007ffb39900000 - 0x00007ffb39908000 	C:\Windows\System32\PSAPI.DLL
0x00007ffb36c90000 - 0x00007ffb36ca8000 	C:\Windows\SYSTEM32\CRYPTSP.dll
0x00007ffb364f0000 - 0x00007ffb36525000 	C:\Windows\system32\rsaenh.dll
0x00007ffb36b30000 - 0x00007ffb36b5c000 	C:\Windows\SYSTEM32\USERENV.dll
0x00007ffb36e00000 - 0x00007ffb36e27000 	C:\Windows\SYSTEM32\bcrypt.dll
0x00007ffb36c80000 - 0x00007ffb36c8c000 	C:\Windows\SYSTEM32\CRYPTBASE.dll
0x00007ffb360b0000 - 0x00007ffb360dd000 	C:\Windows\SYSTEM32\IPHLPAPI.DLL
0x00007ffb386f0000 - 0x00007ffb386f9000 	C:\Windows\System32\NSI.dll
0x00007ffae3950000 - 0x00007ffae3999000 	C:\Users\hp\AppData\Local\Temp\jna-102042227\jna14104498637169664675.dll
0x00007ffb2f330000 - 0x00007ffb2f349000 	C:\Windows\SYSTEM32\dhcpcsvc6.DLL
0x00007ffb2f710000 - 0x00007ffb2f72e000 	C:\Windows\SYSTEM32\dhcpcsvc.DLL
0x00007ffb21bb0000 - 0x00007ffb21bbe000 	C:\Users\hp\.vscode\extensions\redhat.java-1.55.0-win32-x64\jre\21.0.11-win32-x86_64\bin\sunmscapi.dll
0x00007ffb37c80000 - 0x00007ffb37de2000 	C:\Windows\System32\CRYPT32.dll
0x00007ffb36dd0000 - 0x00007ffb36df8000 	C:\Windows\SYSTEM32\ncrypt.dll
0x00007ffb36d90000 - 0x00007ffb36dc7000 	C:\Windows\SYSTEM32\NTASN1.dll
0x00007ffb360e0000 - 0x00007ffb361c7000 	C:\Windows\SYSTEM32\DNSAPI.dll
0x00007ffb2b940000 - 0x00007ffb2b94a000 	C:\Windows\System32\rasadhlp.dll
0x00007ffb2c430000 - 0x00007ffb2c4b1000 	C:\Windows\System32\fwpuclnt.dll
0x00007ffb21990000 - 0x00007ffb21999000 	C:\Users\hp\.vscode\extensions\redhat.java-1.55.0-win32-x64\jre\21.0.11-win32-x86_64\bin\extnet.dll
0x00007ffb365b0000 - 0x00007ffb365e4000 	C:\Windows\SYSTEM32\ntmarta.dll

JVMTI agents:
c:\Users\hp\.vscode\extensions\redhat.java-1.55.0-win32-x64\lombok\lombok-1.18.39-4050.jar path:c:\Users\hp\.vscode\extensions\redhat.java-1.55.0-win32-x64\jre\21.0.11-win32-x86_64\bin\instrument.dll, loaded, initialized, instrumentlib options:none

dbghelp: loaded successfully - version: 4.0.5 - missing functions: none
symbol engine: initialized successfully - sym options: 0x614 - pdb path: .;c:\Users\hp\.vscode\extensions\redhat.java-1.55.0-win32-x64\jre\21.0.11-win32-x86_64\bin;C:\Windows\SYSTEM32;C:\Windows\WinSxS\amd64_microsoft.windows.common-controls_6595b64144ccf1df_6.0.22000.120_none_9d947278b86cc467;c:\Users\hp\.vscode\extensions\redhat.java-1.55.0-win32-x64\jre\21.0.11-win32-x86_64\bin\server;C:\Users\hp\AppData\Roaming\Code\User\globalStorage\redhat.java\1.55.0\config_win\org.eclipse.equinox.launcher\org.eclipse.equinox.launcher.win32.win32.x86_64_1.3.100.v20260613-0559;C:\Users\hp\AppData\Local\Temp\jna-102042227

VM Arguments:
jvm_args: --add-modules=ALL-SYSTEM --add-opens=java.base/java.util=ALL-UNNAMED --add-opens=java.base/java.lang=ALL-UNNAMED --add-opens=java.base/sun.nio.fs=ALL-UNNAMED -Declipse.application=org.eclipse.jdt.ls.core.id1 -Dosgi.bundles.defaultStartLevel=4 -Declipse.product=org.eclipse.jdt.ls.core.product -Djava.import.generatesMetadataFilesAtProjectRoot=false -DDetectVMInstallationsJob.disabled=true -Dfile.encoding=utf8 -XX:+UseParallelGC -XX:GCTimeRatio=4 -XX:AdaptiveSizePolicyWeight=90 -Dsun.zip.disableMemoryMapping=true -Xmx2G -Xms100m -Xlog:disable -javaagent:c:\Users\hp\.vscode\extensions\redhat.java-1.55.0-win32-x64\lombok\lombok-1.18.39-4050.jar -XX:+HeapDumpOnOutOfMemoryError -XX:HeapDumpPath=c:\Users\hp\AppData\Roaming\Code\User\workspaceStorage\ad489217714ec6666d52a138a1669afa\redhat.java -Daether.dependencyCollector.impl=bf 
java_command: c:\Users\hp\.vscode\extensions\redhat.java-1.55.0-win32-x64\server\plugins\org.eclipse.equinox.launcher_1.7.200.v20260619-2039.jar -configuration c:\Users\hp\AppData\Roaming\Code\User\globalStorage\redhat.java\1.55.0\config_win -data c:\Users\hp\AppData\Roaming\Code\User\workspaceStorage\ad489217714ec6666d52a138a1669afa\redhat.java\jdt_ws --pipe=\\.\pipe\lsp-f7123b6b09b723a090ef25c067a74149-sock
java_class_path (initial): c:\Users\hp\.vscode\extensions\redhat.java-1.55.0-win32-x64\server\plugins\org.eclipse.equinox.launcher_1.7.200.v20260619-2039.jar
Launcher Type: SUN_STANDARD

[Global flags]
    uintx AdaptiveSizePolicyWeight                 = 90                                        {product} {command line}
     intx CICompilerCount                          = 3                                         {product} {ergonomic}
    uintx GCTimeRatio                              = 4                                         {product} {command line}
     bool HeapDumpOnOutOfMemoryError               = true                                   {manageable} {command line}
    ccstr HeapDumpPath                             = c:\Users\hp\AppData\Roaming\Code\User\workspaceStorage\ad489217714ec6666d52a138a1669afa\redhat.java         {manageable} {command line}
   size_t InitialHeapSize                          = 104857600                                 {product} {command line}
   size_t MaxHeapSize                              = 2147483648                                {product} {command line}
   size_t MaxNewSize                               = 715653120                                 {product} {ergonomic}
   size_t MinHeapDeltaBytes                        = 524288                                    {product} {ergonomic}
   size_t MinHeapSize                              = 104857600                                 {product} {command line}
   size_t NewSize                                  = 34603008                                  {product} {ergonomic}
    uintx NonNMethodCodeHeapSize                   = 5832780                                {pd product} {ergonomic}
    uintx NonProfiledCodeHeapSize                  = 122912730                              {pd product} {ergonomic}
   size_t OldSize                                  = 70254592                                  {product} {ergonomic}
    uintx ProfiledCodeHeapSize                     = 122912730                              {pd product} {ergonomic}
    uintx ReservedCodeCacheSize                    = 251658240                              {pd product} {ergonomic}
     bool SegmentedCodeCache                       = true                                      {product} {ergonomic}
   size_t SoftMaxHeapSize                          = 2147483648                             {manageable} {ergonomic}
     bool UseCompressedOops                        = true                           {product lp64_product} {ergonomic}
     bool UseLargePagesIndividualAllocation        = false                                  {pd product} {ergonomic}
     bool UseParallelGC                            = true                                      {product} {command line}

Logging:
Log output configuration:
 #0: stdout all=off uptime,level,tags foldmultilines=false
 #1: stderr all=off uptime,level,tags foldmultilines=false

Release file:
JAVA_VERSION="21.0.11" 
MODULES="java.base java.compiler java.datatransfer java.xml java.prefs java.desktop java.instrument java.logging java.management java.security.sasl java.naming java.rmi java.management.rmi java.net.http java.scripting java.security.jgss java.transaction.xa java.sql java.sql.rowset java.xml.crypto java.se java.smartcardio jdk.accessibility jdk.internal.jvmstat jdk.attach jdk.charsets jdk.internal.opt jdk.zipfs jdk.compiler jdk.crypto.ec jdk.crypto.cryptoki jdk.crypto.mscapi jdk.dynalink jdk.internal.ed jdk.editpad jdk.hotspot.agent jdk.httpserver jdk.internal.le jdk.internal.vm.ci jdk.internal.vm.compiler jdk.internal.vm.compiler.management jdk.jartool jdk.javadoc jdk.jcmd jdk.management jdk.management.agent jdk.jconsole jdk.jdeps jdk.jdwp.agent jdk.jdi jdk.jfr jdk.jshell jdk.jsobject jdk.jstatd jdk.localedata jdk.management.jfr jdk.naming.dns jdk.naming.rmi jdk.net jdk.nio.mapmode jdk.random jdk.sctp jdk.security.auth jdk.security.jgss jdk.unsupported jdk.unsupported.desktop jdk.xml.dom" 

Environment Variables:
JAVA_HOME=C:\Program Files\Java\jdk-21
PATH=C:\Python314\Scripts\;C:\Python314\;%JAVA_HOME%\bin;C:\Windows\system32;C:\Windows;C:\Windows\System32\Wbem;C:\Windows\System32\WindowsPowerShell\v1.0\;C:\Windows\System32\OpenSSH\;C:\Program Files\Git\cmd;C:\Program Files\nodejs\;C:\ProgramData\chocolatey\bin;C:\Users\hp\.local\bin;C:\Users\hp\AppData\Local\Microsoft\WindowsApps;C:\Users\hp\AppData\Local\Programs\Microsoft VS Code\bin;C:\Program Files\Java\jdk-21\bin;C:\Users\hp\.m2\wrapper\dists\apache-maven-3.9.9\8e74001100ff70d6af083c5511fcc5ec49282d7017cde82c3698eee8fdf86698\bin;C:\Users\hp\AppData\Local\Programs\Antigravity IDE\bin;C:\Users\hp\AppData\Local\Programs\cursor\resources\app\bin;C:\Users\hp\AppData\Roaming\npm;C:\Users\hp\AppData\Local\Programs\Devin\bin
USERNAME=kibet
OS=Windows_NT
PROCESSOR_IDENTIFIER=Intel64 Family 6 Model 61 Stepping 4, GenuineIntel
TMP=C:\Users\hp\AppData\Local\Temp
TEMP=C:\Users\hp\AppData\Local\Temp




Periodic native trim disabled

---------------  S Y S T E M  ---------------

OS:
 Windows 11 , 64 bit Build 22000 (10.0.22000.2538)
OS uptime: 0 days 3:25 hours

CPU: total 4 (initial active 4) (2 cores per cpu, 2 threads per core) family 6 model 61 stepping 4 microcode 0x2f, cx8, cmov, fxsr, ht, mmx, 3dnowpref, sse, sse2, sse3, ssse3, sse4.1, sse4.2, popcnt, lzcnt, tsc, tscinvbit, avx, avx2, aes, erms, clmul, bmi1, bmi2, rtm, adx, fma, vzeroupper, clflush, rdtscp, f16c
Processor Information for the first 4 processors :
  Max Mhz: 2301, Current Mhz: 2301, Mhz Limit: 2301

Memory: 4k page, system-wide physical 3971M (57M free)
TotalPageFile size 16259M (AvailPageFile size 1M)
current process WorkingSet (physical memory assigned to process): 140M, peak: 473M
current process commit charge ("private bytes"): 1261M, peak: 1262M

vm_info: OpenJDK 64-Bit Server VM (21.0.11+10-LTS) for windows-amd64 JRE (21.0.11+10-LTS), built on 2026-04-21T00:00:00Z by "admin" with MS VC++ 17.12 (VS2022)

END.
