#
# There is insufficient memory for the Java Runtime Environment to continue.
# Native memory allocation (malloc) failed to allocate 134256 bytes. Error detail: Chunk::new
# Possible reasons:
#   The system is out of physical RAM or swap space
#   This process is running with CompressedOops enabled, and the Java Heap may be blocking the growth of the native heap
# Possible solutions:
#   Reduce memory load on the system
#   Increase physical memory or swap space
#   Check if swap backing store is full
#   Decrease Java heap size (-Xmx/-Xms)
#   Decrease number of Java threads
#   Decrease Java thread stack sizes (-Xss)
#   Set larger code cache with -XX:ReservedCodeCacheSize=
#   JVM is running with Unscaled Compressed Oops mode in which the Java heap is
#     placed in the first 4GB address space. The Java Heap base address is the
#     maximum limit for the native heap growth. Please use -XX:HeapBaseMinAddress
#     to set the Java Heap base and to place the Java Heap above 4GB virtual address.
# This output file may be truncated or incomplete.
#
#  Out of Memory Error (arena.cpp:168), pid=16504, tid=18156
#
# JRE version: OpenJDK Runtime Environment Temurin-21.0.11+10 (21.0.11+10) (build 21.0.11+10-LTS)
# Java VM: OpenJDK 64-Bit Server VM Temurin-21.0.11+10 (21.0.11+10-LTS, mixed mode, sharing, tiered, compressed oops, compressed class ptrs, parallel gc, windows-amd64)
# No core dump will be written. Minidumps are not enabled by default on client versions of Windows
#

---------------  S U M M A R Y ------------

Command Line: --add-modules=ALL-SYSTEM --add-opens=java.base/java.util=ALL-UNNAMED --add-opens=java.base/java.lang=ALL-UNNAMED --add-opens=java.base/sun.nio.fs=ALL-UNNAMED -Declipse.application=org.eclipse.jdt.ls.core.id1 -Dosgi.bundles.defaultStartLevel=4 -Declipse.product=org.eclipse.jdt.ls.core.product -Djava.import.generatesMetadataFilesAtProjectRoot=false -DDetectVMInstallationsJob.disabled=true -Dfile.encoding=utf8 -XX:+UseParallelGC -XX:GCTimeRatio=4 -XX:AdaptiveSizePolicyWeight=90 -Dsun.zip.disableMemoryMapping=true -Xmx2G -Xms100m -Xlog:disable -javaagent:c:\Users\hp\.antigravity-ide\extensions\redhat.java-1.55.0-win32-x64\lombok\lombok-1.18.39-4050.jar -XX:+HeapDumpOnOutOfMemoryError -XX:HeapDumpPath=c:\Users\hp\AppData\Roaming\Antigravity IDE\User\workspaceStorage\ad489217714ec6666d52a138a1669afa\redhat.java -Daether.dependencyCollector.impl=bf c:\Users\hp\.antigravity-ide\extensions\redhat.java-1.55.0-win32-x64\server\plugins\org.eclipse.equinox.launcher_1.7.200.v20260619-2039.jar -configuration c:\Users\hp\AppData\Roaming\Antigravity IDE\User\globalStorage\redhat.java\1.55.0\config_win -data c:\Users\hp\AppData\Roaming\Antigravity IDE\User\workspaceStorage\ad489217714ec6666d52a138a1669afa\redhat.java\jdt_ws --pipe=\\.\pipe\lsp-5fc891833f6c195e204e660b77d77372-sock

Host: Intel(R) Core(TM) i5-5300U CPU @ 2.30GHz, 4 cores, 3G,  Windows 11 , 64 bit Build 22000 (10.0.22000.2538)
Time: Fri Aug  7 13:46:52 2026 E. Africa Standard Time elapsed time: 23.043847 seconds (0d 0h 0m 23s)

---------------  T H R E A D  ---------------

Current thread (0x0000024d96272c60):  JavaThread "C2 CompilerThread0" daemon [_thread_in_native, id=18156, stack(0x0000006cd8900000,0x0000006cd8a00000) (1024K)]


Current CompileTask:
C2:23046 1796       4       java.lang.StringLatin1::toLowerCase (186 bytes)

Stack: [0x0000006cd8900000,0x0000006cd8a00000]
Native frames: (J=compiled Java code, j=interpreted, Vv=VM code, C=native code)
V  [jvm.dll+0x6d7e19]
V  [jvm.dll+0x8b5096]
V  [jvm.dll+0x8b764e]
V  [jvm.dll+0x8b7d33]
V  [jvm.dll+0x284596]
V  [jvm.dll+0xc685d]
V  [jvm.dll+0xc6da1]
V  [jvm.dll+0x2fb4ee]
V  [jvm.dll+0x5fe9a4]
V  [jvm.dll+0x255d67]
V  [jvm.dll+0x25612d]
V  [jvm.dll+0x24e6a0]
V  [jvm.dll+0x24bbe6]
V  [jvm.dll+0x1cb4ae]
V  [jvm.dll+0x25baad]
V  [jvm.dll+0x25a03a]
V  [jvm.dll+0x3f868e]
V  [jvm.dll+0x85fb0d]
V  [jvm.dll+0x6d664d]
C  [ucrtbase.dll+0x26c0c]
C  [KERNEL32.DLL+0x153e0]
C  [ntdll.dll+0x485b]


---------------  P R O C E S S  ---------------

Threads class SMR info:
_java_thread_list=0x0000024dd85e4bc0, length=12, elements={
0x0000024dfe7eb280, 0x0000024d962680f0, 0x0000024d96269860, 0x0000024d9626d4d0,
0x0000024d9626e680, 0x0000024d962703b0, 0x0000024d96271e20, 0x0000024d96272c60,
0x0000024d962e5930, 0x0000024dd8223ca0, 0x0000024dd836f030, 0x0000024dd860da00
}

Java Threads: ( => current thread )
  0x0000024dfe7eb280 JavaThread "main"                              [_thread_in_native, id=13872, stack(0x0000006cd7f00000,0x0000006cd8000000) (1024K)]
  0x0000024d962680f0 JavaThread "Reference Handler"          daemon [_thread_blocked, id=1548, stack(0x0000006cd8300000,0x0000006cd8400000) (1024K)]
  0x0000024d96269860 JavaThread "Finalizer"                  daemon [_thread_blocked, id=9148, stack(0x0000006cd8400000,0x0000006cd8500000) (1024K)]
  0x0000024d9626d4d0 JavaThread "Signal Dispatcher"          daemon [_thread_blocked, id=4236, stack(0x0000006cd8500000,0x0000006cd8600000) (1024K)]
  0x0000024d9626e680 JavaThread "Attach Listener"            daemon [_thread_blocked, id=17216, stack(0x0000006cd8600000,0x0000006cd8700000) (1024K)]
  0x0000024d962703b0 JavaThread "Service Thread"             daemon [_thread_blocked, id=12972, stack(0x0000006cd8700000,0x0000006cd8800000) (1024K)]
  0x0000024d96271e20 JavaThread "Monitor Deflation Thread"   daemon [_thread_blocked, id=15656, stack(0x0000006cd8800000,0x0000006cd8900000) (1024K)]
=>0x0000024d96272c60 JavaThread "C2 CompilerThread0"         daemon [_thread_in_native, id=18156, stack(0x0000006cd8900000,0x0000006cd8a00000) (1024K)]
  0x0000024d962e5930 JavaThread "C1 CompilerThread0"         daemon [_thread_blocked, id=19272, stack(0x0000006cd8a00000,0x0000006cd8b00000) (1024K)]
  0x0000024dd8223ca0 JavaThread "Common-Cleaner"             daemon [_thread_blocked, id=248, stack(0x0000006cd8b00000,0x0000006cd8c00000) (1024K)]
  0x0000024dd836f030 JavaThread "Notification Thread"        daemon [_thread_blocked, id=16156, stack(0x0000006cd8c00000,0x0000006cd8d00000) (1024K)]
  0x0000024dd860da00 JavaThread "Active Thread: Equinox Container: 304899dd-70b7-4385-a46f-6001ef90c119"        [_thread_blocked, id=19380, stack(0x0000006cd9000000,0x0000006cd9100000) (1024K)]
Total: 12

Other Threads:
  0x0000024d9624c030 VMThread "VM Thread"                           [id=13704, stack(0x0000006cd8200000,0x0000006cd8300000) (1024K)]
  0x0000024d961c19e0 WatcherThread "VM Periodic Task Thread"        [id=10100, stack(0x0000006cd8100000,0x0000006cd8200000) (1024K)]
  0x0000024dfe80abd0 WorkerThread "GC Thread#0"                     [id=16928, stack(0x0000006cd8000000,0x0000006cd8100000) (1024K)]
  0x0000024dd89808e0 WorkerThread "GC Thread#1"                     [id=15280, stack(0x0000006cd8d00000,0x0000006cd8e00000) (1024K)]
  0x0000024dd89767c0 WorkerThread "GC Thread#2"                     [id=16552, stack(0x0000006cd8e00000,0x0000006cd8f00000) (1024K)]
  0x0000024dd8976b70 WorkerThread "GC Thread#3"                     [id=18824, stack(0x0000006cd8f00000,0x0000006cd9000000) (1024K)]
Total: 6

Threads with active compile tasks:
C2 CompilerThread0  23115 1796       4       java.lang.StringLatin1::toLowerCase (186 bytes)
Total: 1

VM state: not at safepoint (normal execution)

VM Mutex/Monitor currently owned by a thread: None

Heap address: 0x0000000080000000, size: 2048 MB, Compressed Oops mode: 32-bit

CDS archive(s) mapped at: [0x0000024d97000000-0x0000024d97ba0000-0x0000024d97ba0000), size 12189696, SharedBaseAddress: 0x0000024d97000000, ArchiveRelocationMode: 1.
Compressed class space mapped at: 0x0000024d98000000-0x0000024dd8000000, reserved size: 1073741824
Narrow klass base: 0x0000024d97000000, Narrow klass shift: 0, Narrow klass range: 0x100000000

GC Precious Log:
 CardTable entry size: 512
 CPUs: 4 total, 4 available
 Memory: 3971M
 Large Page Support: Disabled
 NUMA Support: Disabled
 Compressed Oops: Enabled (32-bit)
 Alignments: Space 512K, Generation 512K, Heap 2M
 Heap Min Capacity: 100M
 Heap Initial Capacity: 100M
 Heap Max Capacity: 2G
 Pre-touch: Disabled
 Parallel Workers: 4

Heap:
 PSYoungGen      total 29696K, used 28827K [0x00000000d5580000, 0x00000000d7680000, 0x0000000100000000)
  eden space 25600K, 99% used [0x00000000d5580000,0x00000000d6e72e58,0x00000000d6e80000)
  from space 4096K, 80% used [0x00000000d6e80000,0x00000000d71b4148,0x00000000d7280000)
  to   space 4096K, 0% used [0x00000000d7280000,0x00000000d7280000,0x00000000d7680000)
 ParOldGen       total 68608K, used 0K [0x0000000080000000, 0x0000000084300000, 0x00000000d5580000)
  object space 68608K, 0% used [0x0000000080000000,0x0000000080000000,0x0000000084300000)
 Metaspace       used 8012K, committed 8256K, reserved 1114112K
  class space    used 831K, committed 960K, reserved 1048576K

Card table byte_map: [0x0000024dfe1a0000,0x0000024dfe5b0000] _byte_map_base: 0x0000024dfdda0000

Marking Bits: (ParMarkBitMap*) 0x00007ffd53214460
 Begin Bits: [0x0000024d92140000, 0x0000024d94140000)
 End Bits:   [0x0000024d94140000, 0x0000024d96140000)

Polling page: 0x0000024dfc670000

Metaspace:

Usage:
  Non-class:      7.01 MB used.
      Class:    831.76 KB used.
       Both:      7.82 MB used.

Virtual space:
  Non-class space:       64.00 MB reserved,       7.12 MB ( 11%) committed,  1 nodes.
      Class space:        1.00 GB reserved,     960.00 KB ( <1%) committed,  1 nodes.
             Both:        1.06 GB reserved,       8.06 MB ( <1%) committed. 

Chunk freelists:
   Non-Class:  8.81 MB
       Class:  14.91 MB
        Both:  23.72 MB

MaxMetaspaceSize: unlimited
CompressedClassSpaceSize: 1.00 GB
Initial GC threshold: 21.00 MB
Current GC threshold: 21.00 MB
CDS: on
 - commit_granule_bytes: 65536.
 - commit_granule_words: 8192.
 - virtual_space_node_default_size: 8388608.
 - enlarge_chunks_in_place: 1.
 - use_allocation_guard: 0.


Internal statistics:

num_allocs_failed_limit: 0.
num_arena_births: 228.
num_arena_deaths: 0.
num_vsnodes_births: 2.
num_vsnodes_deaths: 0.
num_space_committed: 129.
num_space_uncommitted: 0.
num_chunks_returned_to_freelist: 0.
num_chunks_taken_from_freelist: 418.
num_chunk_merges: 0.
num_chunk_splits: 272.
num_chunks_enlarged: 179.
num_inconsistent_stats: 0.

CodeHeap 'non-profiled nmethods': size=120000Kb used=746Kb max_used=746Kb free=119254Kb
 bounds [0x0000024d8ac10000, 0x0000024d8ae80000, 0x0000024d92140000]
CodeHeap 'profiled nmethods': size=120000Kb used=3426Kb max_used=3426Kb free=116573Kb
 bounds [0x0000024d83140000, 0x0000024d834a0000, 0x0000024d8a670000]
CodeHeap 'non-nmethods': size=5760Kb used=1214Kb max_used=1234Kb free=4545Kb
 bounds [0x0000024d8a670000, 0x0000024d8a8e0000, 0x0000024d8ac10000]
CodeCache: size=245760Kb, used=5386Kb, max_used=5406Kb, free=240372Kb
 total_blobs=2276, nmethods=1794, adapters=389, full_count=0
Compilation: enabled, stopped_count=0, restarted_count=0

Compilation events (20 events):
Event: 16.885 Thread 0x0000024d962e5930 nmethod 1786 0x0000024d83480290 code [0x0000024d834804a0, 0x0000024d834809e8]
Event: 16.917 Thread 0x0000024d962e5930 1787       3       java.util.Collections::emptySet (4 bytes)
Event: 16.917 Thread 0x0000024d962e5930 nmethod 1787 0x0000024d83480c10 code [0x0000024d83480da0, 0x0000024d83480e98]
Event: 17.321 Thread 0x0000024d96272c60 1788       4       java.lang.CharacterDataLatin1::equalsIgnoreCase (63 bytes)
Event: 17.322 Thread 0x0000024d96272c60 nmethod 1788 0x0000024d8acca210 code [0x0000024d8acca3a0, 0x0000024d8acca448]
Event: 17.475 Thread 0x0000024d962e5930 1789       3       java.net.URL::<init> (11 bytes)
Event: 17.475 Thread 0x0000024d962e5930 nmethod 1789 0x0000024d83480f10 code [0x0000024d834810c0, 0x0000024d83481208]
Event: 17.713 Thread 0x0000024d962e5930 1790       3       sun.net.www.protocol.file.Handler::parseURL (18 bytes)
Event: 17.714 Thread 0x0000024d962e5930 nmethod 1790 0x0000024d83481290 code [0x0000024d83481440, 0x0000024d83481600]
Event: 17.714 Thread 0x0000024d962e5930 1791       3       java.net.URLStreamHandler::parseURL (1124 bytes)
Event: 17.749 Thread 0x0000024d962e5930 nmethod 1791 0x0000024d83481710 code [0x0000024d83482aa0, 0x0000024d8348ecd8]
Event: 17.750 Thread 0x0000024d962e5930 1792       3       jdk.internal.misc.CarrierThreadLocal::get (10 bytes)
Event: 17.750 Thread 0x0000024d962e5930 nmethod 1792 0x0000024d83493a10 code [0x0000024d83493be0, 0x0000024d83493ea0]
Event: 17.753 Thread 0x0000024d962e5930 1793       3       sun.nio.fs.WindowsPathParser::normalize (233 bytes)
Event: 17.757 Thread 0x0000024d962e5930 nmethod 1793 0x0000024d83493f90 code [0x0000024d83494540, 0x0000024d83497070]
Event: 18.403 Thread 0x0000024d962e5930 1794       1       sun.nio.fs.NativeBuffer::size (5 bytes)
Event: 18.403 Thread 0x0000024d962e5930 nmethod 1794 0x0000024d8acca510 code [0x0000024d8acca6a0, 0x0000024d8acca768]
Event: 18.489 Thread 0x0000024d962e5930 1795       3       sun.net.util.IPAddressUtil::checkExternalForm (98 bytes)
Event: 18.489 Thread 0x0000024d962e5930 nmethod 1795 0x0000024d83498290 code [0x0000024d83498480, 0x0000024d834987b8]
Event: 22.973 Thread 0x0000024d96272c60 1796       4       java.lang.StringLatin1::toLowerCase (186 bytes)

GC Heap History (2 events):
Event: 6.143 GC heap before
{Heap before GC invocations=1 (full 0):
 PSYoungGen      total 29696K, used 25600K [0x00000000d5580000, 0x00000000d7680000, 0x0000000100000000)
  eden space 25600K, 100% used [0x00000000d5580000,0x00000000d6e80000,0x00000000d6e80000)
  from space 4096K, 0% used [0x00000000d7280000,0x00000000d7280000,0x00000000d7680000)
  to   space 4096K, 0% used [0x00000000d6e80000,0x00000000d6e80000,0x00000000d7280000)
 ParOldGen       total 68608K, used 0K [0x0000000080000000, 0x0000000084300000, 0x00000000d5580000)
  object space 68608K, 0% used [0x0000000080000000,0x0000000080000000,0x0000000084300000)
 Metaspace       used 4382K, committed 4608K, reserved 1114112K
  class space    used 475K, committed 576K, reserved 1048576K
}
Event: 6.168 GC heap after
{Heap after GC invocations=1 (full 0):
 PSYoungGen      total 29696K, used 3280K [0x00000000d5580000, 0x00000000d7680000, 0x0000000100000000)
  eden space 25600K, 0% used [0x00000000d5580000,0x00000000d5580000,0x00000000d6e80000)
  from space 4096K, 80% used [0x00000000d6e80000,0x00000000d71b4148,0x00000000d7280000)
  to   space 4096K, 0% used [0x00000000d7280000,0x00000000d7280000,0x00000000d7680000)
 ParOldGen       total 68608K, used 0K [0x0000000080000000, 0x0000000084300000, 0x00000000d5580000)
  object space 68608K, 0% used [0x0000000080000000,0x0000000080000000,0x0000000084300000)
 Metaspace       used 4382K, committed 4608K, reserved 1114112K
  class space    used 475K, committed 576K, reserved 1048576K
}

Dll operation events (8 events):
Event: 0.421 Loaded shared library c:\Users\hp\.antigravity-ide\extensions\redhat.java-1.55.0-win32-x64\jre\21.0.11-win32-x86_64\bin\java.dll
Event: 0.839 Loaded shared library c:\Users\hp\.antigravity-ide\extensions\redhat.java-1.55.0-win32-x64\jre\21.0.11-win32-x86_64\bin\zip.dll
Event: 1.019 Loaded shared library C:\Users\hp\.antigravity-ide\extensions\redhat.java-1.55.0-win32-x64\jre\21.0.11-win32-x86_64\bin\instrument.dll
Event: 1.356 Loaded shared library C:\Users\hp\.antigravity-ide\extensions\redhat.java-1.55.0-win32-x64\jre\21.0.11-win32-x86_64\bin\net.dll
Event: 1.900 Loaded shared library C:\Users\hp\.antigravity-ide\extensions\redhat.java-1.55.0-win32-x64\jre\21.0.11-win32-x86_64\bin\nio.dll
Event: 1.914 Loaded shared library C:\Users\hp\.antigravity-ide\extensions\redhat.java-1.55.0-win32-x64\jre\21.0.11-win32-x86_64\bin\zip.dll
Event: 2.002 Loaded shared library C:\Users\hp\.antigravity-ide\extensions\redhat.java-1.55.0-win32-x64\jre\21.0.11-win32-x86_64\bin\jimage.dll
Event: 2.818 Loaded shared library c:\Users\hp\.antigravity-ide\extensions\redhat.java-1.55.0-win32-x64\jre\21.0.11-win32-x86_64\bin\verify.dll

Deoptimization events (20 events):
Event: 7.928 Thread 0x0000024dfe7eb280 DEOPT PACKING pc=0x0000024d8aca76a8 sp=0x0000006cd7ffe1c0
Event: 7.928 Thread 0x0000024dfe7eb280 DEOPT UNPACKING pc=0x0000024d8a6c3aa2 sp=0x0000006cd7ffe0e8 mode 2
Event: 7.930 Thread 0x0000024dfe7eb280 Uncommon trap: trap_request=0xffffffde fr.pc=0x0000024d8ac7e708 relative=0x0000000000000928
Event: 7.930 Thread 0x0000024dfe7eb280 Uncommon trap: reason=class_check action=maybe_recompile pc=0x0000024d8ac7e708 method=java.util.HashMap.putVal(ILjava/lang/Object;Ljava/lang/Object;ZZ)Ljava/lang/Object; @ 253 c2
Event: 7.930 Thread 0x0000024dfe7eb280 DEOPT PACKING pc=0x0000024d8ac7e708 sp=0x0000006cd7ffe020
Event: 7.930 Thread 0x0000024dfe7eb280 DEOPT UNPACKING pc=0x0000024d8a6c3aa2 sp=0x0000006cd7ffdfe0 mode 2
Event: 8.105 Thread 0x0000024dfe7eb280 Uncommon trap: trap_request=0xffffffc6 fr.pc=0x0000024d8acb47a4 relative=0x0000000000000684
Event: 8.105 Thread 0x0000024dfe7eb280 Uncommon trap: reason=bimorphic_or_optimized_type_check action=maybe_recompile pc=0x0000024d8acb47a4 method=java.util.Collections$UnmodifiableCollection$1.<init>(Ljava/util/Collections$UnmodifiableCollection;)V @ 17 c2
Event: 8.105 Thread 0x0000024dfe7eb280 DEOPT PACKING pc=0x0000024d8acb47a4 sp=0x0000006cd7ffe530
Event: 8.106 Thread 0x0000024dfe7eb280 DEOPT UNPACKING pc=0x0000024d8a6c3aa2 sp=0x0000006cd7ffe478 mode 2
Event: 8.117 Thread 0x0000024dfe7eb280 DEOPT PACKING pc=0x0000024d832c1288 sp=0x0000006cd7ffc2e0
Event: 8.117 Thread 0x0000024dfe7eb280 DEOPT UNPACKING pc=0x0000024d8a6c4242 sp=0x0000006cd7ffb760 mode 0
Event: 8.122 Thread 0x0000024dfe7eb280 DEOPT PACKING pc=0x0000024d832c1288 sp=0x0000006cd7ffc5f0
Event: 8.122 Thread 0x0000024dfe7eb280 DEOPT UNPACKING pc=0x0000024d8a6c4242 sp=0x0000006cd7ffba70 mode 0
Event: 8.124 Thread 0x0000024dfe7eb280 DEOPT PACKING pc=0x0000024d832c1288 sp=0x0000006cd7ffc540
Event: 8.124 Thread 0x0000024dfe7eb280 DEOPT UNPACKING pc=0x0000024d8a6c4242 sp=0x0000006cd7ffb9c0 mode 0
Event: 8.126 Thread 0x0000024dfe7eb280 DEOPT PACKING pc=0x0000024d832c1288 sp=0x0000006cd7ffc840
Event: 8.126 Thread 0x0000024dfe7eb280 DEOPT UNPACKING pc=0x0000024d8a6c4242 sp=0x0000006cd7ffbcc0 mode 0
Event: 10.214 Thread 0x0000024dfe7eb280 DEOPT PACKING pc=0x0000024d83293eb9 sp=0x0000006cd7ffe800
Event: 10.216 Thread 0x0000024dfe7eb280 DEOPT UNPACKING pc=0x0000024d8a6c4242 sp=0x0000006cd7ffdd00 mode 0

Classes loaded (20 events):
Event: 8.097 Loading class java/security/KeyStoreException
Event: 8.097 Loading class java/security/KeyStoreException done
Event: 8.164 Loading class java/util/LinkedList$Node
Event: 8.165 Loading class java/util/LinkedList$Node done
Event: 8.165 Loading class java/util/LinkedList$ListItr
Event: 8.165 Loading class java/util/LinkedList$ListItr done
Event: 8.167 Loading class java/lang/Thread$Builder$OfPlatform
Event: 8.167 Loading class java/lang/Thread$Builder
Event: 8.168 Loading class java/lang/Thread$Builder done
Event: 8.168 Loading class java/lang/Thread$Builder$OfPlatform done
Event: 8.168 Loading class java/lang/Thread$Builder$OfVirtual
Event: 8.168 Loading class java/lang/Thread$Builder$OfVirtual done
Event: 8.236 Loading class sun/nio/fs/WindowsChannelFactory
Event: 8.238 Loading class sun/nio/fs/WindowsChannelFactory done
Event: 8.238 Loading class sun/nio/fs/WindowsChannelFactory$1
Event: 8.238 Loading class sun/nio/fs/WindowsChannelFactory$1 done
Event: 8.238 Loading class sun/nio/fs/WindowsChannelFactory$Flags
Event: 8.238 Loading class sun/nio/fs/WindowsChannelFactory$Flags done
Event: 8.239 Loading class sun/nio/ch/FileChannelImpl$Closer
Event: 8.239 Loading class sun/nio/ch/FileChannelImpl$Closer done

Classes unloaded (0 events):
No events

Classes redefined (0 events):
No events

Internal exceptions (20 events):
Event: 5.439 Thread 0x0000024dfe7eb280 Exception <a 'java/lang/NoSuchMethodError'{0x00000000d65fa018}: 'java.lang.Object java.lang.invoke.DirectMethodHandle$Holder.invokeInterface(java.lang.Object, java.lang.Object, int)'> (0x00000000d65fa018) 
thrown [s\src\hotspot\share\interpreter\linkResolver.cpp, line 773]
Event: 5.983 Thread 0x0000024dfe7eb280 Exception <a 'java/lang/NoSuchMethodError'{0x00000000d6a65948}: 'java.lang.ClassLoader java.lang.ClassLoader.getPlatformClassLoader(java.lang.Class)'> (0x00000000d6a65948) 
thrown [s\src\hotspot\share\interpreter\linkResolver.cpp, line 773]
Event: 6.170 Thread 0x0000024dfe7eb280 Exception <a 'java/lang/ClassNotFoundException'{0x00000000d55858f0}: sun/net/www/protocol/c/Handler> (0x00000000d55858f0) 
thrown [s\src\hotspot\share\classfile\systemDictionary.cpp, line 313]
Event: 6.172 Thread 0x0000024dfe7eb280 Exception <a 'java/lang/ClassNotFoundException'{0x00000000d5586c78}: sun/net/www/protocol/c/Handler> (0x00000000d5586c78) 
thrown [s\src\hotspot\share\classfile\systemDictionary.cpp, line 313]
Event: 6.172 Thread 0x0000024dfe7eb280 Exception <a 'java/lang/ClassNotFoundException'{0x00000000d5587e40}: sun/net/www/protocol/c/Handler> (0x00000000d5587e40) 
thrown [s\src\hotspot\share\classfile\systemDictionary.cpp, line 313]
Event: 6.189 Thread 0x0000024dfe7eb280 Exception <a 'java/io/FileNotFoundException'{0x00000000d55b1c28}> (0x00000000d55b1c28) 
thrown [s\src\hotspot\share\prims\jni.cpp, line 520]
Event: 6.290 Thread 0x0000024dfe7eb280 Implicit null exception at 0x0000024d8ac704c9 to 0x0000024d8ac70e3c
Event: 6.291 Thread 0x0000024dfe7eb280 Implicit null exception at 0x0000024d8ac7d69a to 0x0000024d8ac7d8a0
Event: 6.292 Thread 0x0000024dfe7eb280 Exception <a 'java/lang/NoSuchMethodError'{0x00000000d56e4690}: 'void java.lang.invoke.DirectMethodHandle$Holder.invokeStatic(java.lang.Object, java.lang.Object, java.lang.Object, java.lang.Object)'> (0x00000000d56e4690) 
thrown [s\src\hotspot\share\interpreter\linkResolver.cpp, line 773]
Event: 6.294 Thread 0x0000024dfe7eb280 Implicit null exception at 0x0000024d8ac7a29a to 0x0000024d8ac7a4a4
Event: 6.295 Thread 0x0000024dfe7eb280 Implicit null exception at 0x0000024d8ac6fcbd to 0x0000024d8ac6fd41
Event: 6.963 Thread 0x0000024dfe7eb280 Exception <a 'java/lang/NoSuchMethodError'{0x00000000d59cc670}: 'void java.lang.invoke.DirectMethodHandle$Holder.invokeSpecial(java.lang.Object, java.lang.Object, java.lang.Object)'> (0x00000000d59cc670) 
thrown [s\src\hotspot\share\interpreter\linkResolver.cpp, line 773]
Event: 7.577 Thread 0x0000024dfe7eb280 Exception <a 'java/lang/NoSuchMethodError'{0x00000000d6433320}: 'int java.lang.invoke.DirectMethodHandle$Holder.invokeVirtual(java.lang.Object, java.lang.Object)'> (0x00000000d6433320) 
thrown [s\src\hotspot\share\interpreter\linkResolver.cpp, line 773]
Event: 7.789 Thread 0x0000024dfe7eb280 Exception <a 'java/lang/NoSuchMethodError'{0x00000000d65bd8b8}: 'int java.lang.invoke.DirectMethodHandle$Holder.invokeStaticInit(java.lang.Object, java.lang.Object, java.lang.Object, java.lang.Object)'> (0x00000000d65bd8b8) 
thrown [s\src\hotspot\share\interpreter\linkResolver.cpp, line 773]
Event: 7.791 Thread 0x0000024dfe7eb280 Exception <a 'java/lang/IncompatibleClassChangeError'{0x00000000d65c5fa0}: Found class java.lang.Object, but interface was expected> (0x00000000d65c5fa0) 
thrown [s\src\hotspot\share\interpreter\linkResolver.cpp, line 840]
Event: 7.793 Thread 0x0000024dfe7eb280 Exception <a 'java/lang/NoSuchMethodError'{0x00000000d65cce70}: 'void java.lang.invoke.DirectMethodHandle$Holder.invokeStaticInit(java.lang.Object, java.lang.Object)'> (0x00000000d65cce70) 
thrown [s\src\hotspot\share\interpreter\linkResolver.cpp, line 773]
Event: 7.794 Thread 0x0000024dfe7eb280 Exception <a 'java/lang/NoSuchMethodError'{0x00000000d65d6928}: 'int java.lang.invoke.DirectMethodHandle$Holder.invokeStaticInit(java.lang.Object, java.lang.Object)'> (0x00000000d65d6928) 
thrown [s\src\hotspot\share\interpreter\linkResolver.cpp, line 773]
Event: 7.894 Thread 0x0000024dfe7eb280 Exception <a 'java/lang/NoSuchMethodError'{0x00000000d6848dd8}: 'java.lang.Object java.lang.invoke.DirectMethodHandle$Holder.newInvokeSpecial(java.lang.Object, int, java.lang.Object)'> (0x00000000d6848dd8) 
thrown [s\src\hotspot\share\interpreter\linkResolver.cpp, line 773]
Event: 8.006 Thread 0x0000024dfe7eb280 Exception <a 'java/lang/ClassNotFoundException'{0x00000000d6a83488}: sun/net/www/protocol/plurl/Handler> (0x00000000d6a83488) 
thrown [s\src\hotspot\share\classfile\systemDictionary.cpp, line 313]
Event: 8.006 Thread 0x0000024dfe7eb280 Exception <a 'java/lang/ClassNotFoundException'{0x00000000d6a84308}: sun/net/www/protocol/plurl/Handler> (0x00000000d6a84308) 
thrown [s\src\hotspot\share\classfile\systemDictionary.cpp, line 313]

ZGC Phase Switch (0 events):
No events

VM Operations (20 events):
Event: 5.815 Executing safepoint VM operation: Cleanup
Event: 5.830 Executing safepoint VM operation: Cleanup done
Event: 6.106 Executing non-safepoint VM operation: HandshakeAllThreads (Deoptimize)
Event: 6.106 Executing non-safepoint VM operation: HandshakeAllThreads (Deoptimize) done
Event: 6.143 Executing safepoint VM operation: ParallelGCFailedAllocation (Allocation Failure)
Event: 6.168 Executing safepoint VM operation: ParallelGCFailedAllocation (Allocation Failure) done
Event: 7.180 Executing safepoint VM operation: Cleanup
Event: 7.181 Executing safepoint VM operation: Cleanup done
Event: 7.844 Executing non-safepoint VM operation: HandshakeAllThreads (Deoptimize)
Event: 7.844 Executing non-safepoint VM operation: HandshakeAllThreads (Deoptimize) done
Event: 7.862 Executing non-safepoint VM operation: HandshakeAllThreads (Deoptimize)
Event: 7.862 Executing non-safepoint VM operation: HandshakeAllThreads (Deoptimize) done
Event: 7.967 Executing non-safepoint VM operation: HandshakeAllThreads (Deoptimize)
Event: 7.967 Executing non-safepoint VM operation: HandshakeAllThreads (Deoptimize) done
Event: 7.988 Executing non-safepoint VM operation: HandshakeAllThreads (Deoptimize)
Event: 7.989 Executing non-safepoint VM operation: HandshakeAllThreads (Deoptimize) done
Event: 9.003 Executing safepoint VM operation: Cleanup
Event: 9.004 Executing safepoint VM operation: Cleanup done
Event: 11.013 Executing safepoint VM operation: Cleanup
Event: 11.013 Executing safepoint VM operation: Cleanup done

Memory protections (0 events):
No events

Nmethod flushes (0 events):
No events

Events (12 events):
Event: 0.517 Thread 0x0000024dfe7eb280 Thread added: 0x0000024dfe7eb280
Event: 0.596 Thread 0x0000024dfe7eb280 Thread added: 0x0000024d962680f0
Event: 0.596 Thread 0x0000024dfe7eb280 Thread added: 0x0000024d96269860
Event: 0.596 Thread 0x0000024dfe7eb280 Thread added: 0x0000024d9626d4d0
Event: 0.597 Thread 0x0000024dfe7eb280 Thread added: 0x0000024d9626e680
Event: 0.597 Thread 0x0000024dfe7eb280 Thread added: 0x0000024d962703b0
Event: 0.597 Thread 0x0000024dfe7eb280 Thread added: 0x0000024d96271e20
Event: 0.597 Thread 0x0000024dfe7eb280 Thread added: 0x0000024d96272c60
Event: 0.615 Thread 0x0000024dfe7eb280 Thread added: 0x0000024d962e5930
Event: 1.026 Thread 0x0000024dfe7eb280 Thread added: 0x0000024dd8223ca0
Event: 3.419 Thread 0x0000024dfe7eb280 Thread added: 0x0000024dd836f030
Event: 7.814 Thread 0x0000024dfe7eb280 Thread added: 0x0000024dd860da00


Dynamic libraries:
0x00007ff7abdd0000 - 0x00007ff7abdde000 	c:\Users\hp\.antigravity-ide\extensions\redhat.java-1.55.0-win32-x64\jre\21.0.11-win32-x86_64\bin\java.exe
0x00007ffdfe4c0000 - 0x00007ffdfe6c9000 	C:\Windows\SYSTEM32\ntdll.dll
0x00007ffdfd730000 - 0x00007ffdfd7ed000 	C:\Windows\System32\KERNEL32.DLL
0x00007ffdfbb10000 - 0x00007ffdfbe94000 	C:\Windows\System32\KERNELBASE.dll
0x00007ffdfb950000 - 0x00007ffdfba61000 	C:\Windows\System32\ucrtbase.dll
0x00007ffde8cb0000 - 0x00007ffde8cc8000 	c:\Users\hp\.antigravity-ide\extensions\redhat.java-1.55.0-win32-x64\jre\21.0.11-win32-x86_64\bin\jli.dll
0x00007ffdfc880000 - 0x00007ffdfca2d000 	C:\Windows\System32\USER32.dll
0x00007ffdfc100000 - 0x00007ffdfc126000 	C:\Windows\System32\win32u.dll
0x00007ffdfce60000 - 0x00007ffdfce8a000 	C:\Windows\System32\GDI32.dll
0x00007ffdfc130000 - 0x00007ffdfc24e000 	C:\Windows\System32\gdi32full.dll
0x00007ffdfba70000 - 0x00007ffdfbb0d000 	C:\Windows\System32\msvcp_win.dll
0x00007ffde79e0000 - 0x00007ffde79fe000 	c:\Users\hp\.antigravity-ide\extensions\redhat.java-1.55.0-win32-x64\jre\21.0.11-win32-x86_64\bin\VCRUNTIME140.dll
0x00007ffdebef0000 - 0x00007ffdec195000 	C:\Windows\WinSxS\amd64_microsoft.windows.common-controls_6595b64144ccf1df_6.0.22000.120_none_9d947278b86cc467\COMCTL32.dll
0x00007ffdfd4e0000 - 0x00007ffdfd583000 	C:\Windows\System32\msvcrt.dll
0x00007ffdfc310000 - 0x00007ffdfc341000 	C:\Windows\System32\IMM32.DLL
0x00007ffdeac00000 - 0x00007ffdeac0c000 	c:\Users\hp\.antigravity-ide\extensions\redhat.java-1.55.0-win32-x64\jre\21.0.11-win32-x86_64\bin\vcruntime140_1.dll
0x00007ffdaef70000 - 0x00007ffdaeffd000 	c:\Users\hp\.antigravity-ide\extensions\redhat.java-1.55.0-win32-x64\jre\21.0.11-win32-x86_64\bin\msvcp140.dll
0x00007ffd52550000 - 0x00007ffd532f2000 	c:\Users\hp\.antigravity-ide\extensions\redhat.java-1.55.0-win32-x64\jre\21.0.11-win32-x86_64\bin\server\jvm.dll
0x00007ffdfcc00000 - 0x00007ffdfccae000 	C:\Windows\System32\ADVAPI32.dll
0x00007ffdfd970000 - 0x00007ffdfda0e000 	C:\Windows\System32\sechost.dll
0x00007ffdfca30000 - 0x00007ffdfcb51000 	C:\Windows\System32\RPCRT4.dll
0x00007ffdfccb0000 - 0x00007ffdfcd1f000 	C:\Windows\System32\WS2_32.dll
0x00007ffdfa2b0000 - 0x00007ffdfa2fd000 	C:\Windows\SYSTEM32\POWRPROF.dll
0x00007ffdf54b0000 - 0x00007ffdf54e3000 	C:\Windows\SYSTEM32\WINMM.dll
0x00007ffdea190000 - 0x00007ffdea19a000 	C:\Windows\SYSTEM32\VERSION.dll
0x00007ffdfa3a0000 - 0x00007ffdfa3b3000 	C:\Windows\SYSTEM32\UMPDC.dll
0x00007ffdfaab0000 - 0x00007ffdfaac8000 	C:\Windows\SYSTEM32\kernel.appcore.dll
0x00007ffde5100000 - 0x00007ffde510a000 	c:\Users\hp\.antigravity-ide\extensions\redhat.java-1.55.0-win32-x64\jre\21.0.11-win32-x86_64\bin\jimage.dll
0x00007ffde6a90000 - 0x00007ffde6cb1000 	C:\Windows\SYSTEM32\DBGHELP.DLL
0x00007ffde5700000 - 0x00007ffde5731000 	C:\Windows\SYSTEM32\dbgcore.DLL
0x00007ffdfbf10000 - 0x00007ffdfbf8f000 	C:\Windows\System32\bcryptPrimitives.dll
0x00007ffde9890000 - 0x00007ffde989f000 	c:\Users\hp\.antigravity-ide\extensions\redhat.java-1.55.0-win32-x64\jre\21.0.11-win32-x86_64\bin\instrument.dll
0x00007ffde2640000 - 0x00007ffde2660000 	c:\Users\hp\.antigravity-ide\extensions\redhat.java-1.55.0-win32-x64\jre\21.0.11-win32-x86_64\bin\java.dll
0x00007ffdfdcb0000 - 0x00007ffdfe475000 	C:\Windows\System32\SHELL32.dll
0x00007ffdf9a30000 - 0x00007ffdfa292000 	C:\Windows\SYSTEM32\windows.storage.dll
0x00007ffdfd160000 - 0x00007ffdfd4d6000 	C:\Windows\System32\combase.dll
0x00007ffdf98c0000 - 0x00007ffdf9a27000 	C:\Windows\SYSTEM32\wintypes.dll
0x00007ffdfda10000 - 0x00007ffdfdafa000 	C:\Windows\System32\SHCORE.dll
0x00007ffdfdbe0000 - 0x00007ffdfdc3d000 	C:\Windows\System32\shlwapi.dll
0x00007ffdfb880000 - 0x00007ffdfb8a5000 	C:\Windows\SYSTEM32\profapi.dll
0x00007ffdce8d0000 - 0x00007ffdce8e8000 	c:\Users\hp\.antigravity-ide\extensions\redhat.java-1.55.0-win32-x64\jre\21.0.11-win32-x86_64\bin\zip.dll
0x00007ffde2f80000 - 0x00007ffde2f90000 	C:\Users\hp\.antigravity-ide\extensions\redhat.java-1.55.0-win32-x64\jre\21.0.11-win32-x86_64\bin\net.dll
0x00007ffdf5e70000 - 0x00007ffdf5f84000 	C:\Windows\SYSTEM32\WINHTTP.dll
0x00007ffdfaf60000 - 0x00007ffdfafc7000 	C:\Windows\system32\mswsock.dll
0x00007ffdc7b80000 - 0x00007ffdc7b96000 	C:\Users\hp\.antigravity-ide\extensions\redhat.java-1.55.0-win32-x64\jre\21.0.11-win32-x86_64\bin\nio.dll
0x00007ffde2a20000 - 0x00007ffde2a30000 	c:\Users\hp\.antigravity-ide\extensions\redhat.java-1.55.0-win32-x64\jre\21.0.11-win32-x86_64\bin\verify.dll

JVMTI agents:
c:\Users\hp\.antigravity-ide\extensions\redhat.java-1.55.0-win32-x64\lombok\lombok-1.18.39-4050.jar path:c:\Users\hp\.antigravity-ide\extensions\redhat.java-1.55.0-win32-x64\jre\21.0.11-win32-x86_64\bin\instrument.dll, loaded, initialized, instrumentlib options:none

dbghelp: loaded successfully - version: 4.0.5 - missing functions: none
symbol engine: initialized successfully - sym options: 0x614 - pdb path: .;c:\Users\hp\.antigravity-ide\extensions\redhat.java-1.55.0-win32-x64\jre\21.0.11-win32-x86_64\bin;C:\Windows\SYSTEM32;C:\Windows\WinSxS\amd64_microsoft.windows.common-controls_6595b64144ccf1df_6.0.22000.120_none_9d947278b86cc467;c:\Users\hp\.antigravity-ide\extensions\redhat.java-1.55.0-win32-x64\jre\21.0.11-win32-x86_64\bin\server

VM Arguments:
jvm_args: --add-modules=ALL-SYSTEM --add-opens=java.base/java.util=ALL-UNNAMED --add-opens=java.base/java.lang=ALL-UNNAMED --add-opens=java.base/sun.nio.fs=ALL-UNNAMED -Declipse.application=org.eclipse.jdt.ls.core.id1 -Dosgi.bundles.defaultStartLevel=4 -Declipse.product=org.eclipse.jdt.ls.core.product -Djava.import.generatesMetadataFilesAtProjectRoot=false -DDetectVMInstallationsJob.disabled=true -Dfile.encoding=utf8 -XX:+UseParallelGC -XX:GCTimeRatio=4 -XX:AdaptiveSizePolicyWeight=90 -Dsun.zip.disableMemoryMapping=true -Xmx2G -Xms100m -Xlog:disable -javaagent:c:\Users\hp\.antigravity-ide\extensions\redhat.java-1.55.0-win32-x64\lombok\lombok-1.18.39-4050.jar -XX:+HeapDumpOnOutOfMemoryError -XX:HeapDumpPath=c:\Users\hp\AppData\Roaming\Antigravity IDE\User\workspaceStorage\ad489217714ec6666d52a138a1669afa\redhat.java -Daether.dependencyCollector.impl=bf 
java_command: c:\Users\hp\.antigravity-ide\extensions\redhat.java-1.55.0-win32-x64\server\plugins\org.eclipse.equinox.launcher_1.7.200.v20260619-2039.jar -configuration c:\Users\hp\AppData\Roaming\Antigravity IDE\User\globalStorage\redhat.java\1.55.0\config_win -data c:\Users\hp\AppData\Roaming\Antigravity IDE\User\workspaceStorage\ad489217714ec6666d52a138a1669afa\redhat.java\jdt_ws --pipe=\\.\pipe\lsp-5fc891833f6c195e204e660b77d77372-sock
java_class_path (initial): c:\Users\hp\.antigravity-ide\extensions\redhat.java-1.55.0-win32-x64\server\plugins\org.eclipse.equinox.launcher_1.7.200.v20260619-2039.jar
Launcher Type: SUN_STANDARD

[Global flags]
    uintx AdaptiveSizePolicyWeight                 = 90                                        {product} {command line}
     intx CICompilerCount                          = 3                                         {product} {ergonomic}
    uintx GCTimeRatio                              = 4                                         {product} {command line}
     bool HeapDumpOnOutOfMemoryError               = true                                   {manageable} {command line}
    ccstr HeapDumpPath                             = c:\Users\hp\AppData\Roaming\Antigravity IDE\User\workspaceStorage\ad489217714ec6666d52a138a1669afa\redhat.java         {manageable} {command line}
   size_t InitialHeapSize                          = 104857600                                 {product} {command line}
   size_t MaxHeapSize                              = 2147483648                                {product} {command line}
   size_t MaxNewSize                               = 715653120                                 {product} {ergonomic}
   size_t MinHeapDeltaBytes                        = 524288                                    {product} {ergonomic}
   size_t MinHeapSize                              = 104857600                                 {product} {command line}
   size_t NewSize                                  = 34603008                                  {product} {ergonomic}
    uintx NonNMethodCodeHeapSize                   = 5832780                                {pd product} {ergonomic}
    uintx NonProfiledCodeHeapSize                  = 122912730                              {pd product} {ergonomic}
   size_t OldSize                                  = 70254592                                  {product} {ergonomic}
    uintx ProfiledCodeHeapSize                     = 122912730                              {pd product} {ergonomic}
    uintx ReservedCodeCacheSize                    = 251658240                              {pd product} {ergonomic}
     bool SegmentedCodeCache                       = true                                      {product} {ergonomic}
   size_t SoftMaxHeapSize                          = 2147483648                             {manageable} {ergonomic}
     bool UseCompressedOops                        = true                           {product lp64_product} {ergonomic}
     bool UseLargePagesIndividualAllocation        = false                                  {pd product} {ergonomic}
     bool UseParallelGC                            = true                                      {product} {command line}

Logging:
Log output configuration:
 #0: stdout all=off uptime,level,tags foldmultilines=false
 #1: stderr all=off uptime,level,tags foldmultilines=false

Release file:
JAVA_VERSION="21.0.11" 
MODULES="java.base java.compiler java.datatransfer java.xml java.prefs java.desktop java.instrument java.logging java.management java.security.sasl java.naming java.rmi java.management.rmi java.net.http java.scripting java.security.jgss java.transaction.xa java.sql java.sql.rowset java.xml.crypto java.se java.smartcardio jdk.accessibility jdk.internal.jvmstat jdk.attach jdk.charsets jdk.internal.opt jdk.zipfs jdk.compiler jdk.crypto.ec jdk.crypto.cryptoki jdk.crypto.mscapi jdk.dynalink jdk.internal.ed jdk.editpad jdk.hotspot.agent jdk.httpserver jdk.internal.le jdk.internal.vm.ci jdk.internal.vm.compiler jdk.internal.vm.compiler.management jdk.jartool jdk.javadoc jdk.jcmd jdk.management jdk.management.agent jdk.jconsole jdk.jdeps jdk.jdwp.agent jdk.jdi jdk.jfr jdk.jshell jdk.jsobject jdk.jstatd jdk.localedata jdk.management.jfr jdk.naming.dns jdk.naming.rmi jdk.net jdk.nio.mapmode jdk.random jdk.sctp jdk.security.auth jdk.security.jgss jdk.unsupported jdk.unsupported.desktop jdk.xml.dom" 

Environment Variables:
JAVA_HOME=C:\Program Files\Java\jdk-21
PATH=C:\Python314\Scripts\;C:\Python314\;%JAVA_HOME%\bin;C:\Windows\system32;C:\Windows;C:\Windows\System32\Wbem;C:\Windows\System32\WindowsPowerShell\v1.0\;C:\Windows\System32\OpenSSH\;C:\Program Files\Git\cmd;C:\Program Files\nodejs\;C:\ProgramData\chocolatey\bin;C:\Users\hp\.local\bin;C:\Users\hp\AppData\Local\Microsoft\WindowsApps;C:\Users\hp\AppData\Local\Programs\Microsoft VS Code\bin;C:\Program Files\Java\jdk-21\bin;C:\Users\hp\.m2\wrapper\dists\apache-maven-3.9.9\8e74001100ff70d6af083c5511fcc5ec49282d7017cde82c3698eee8fdf86698\bin;C:\Users\hp\AppData\Local\Programs\Antigravity IDE\bin;C:\Users\hp\AppData\Local\Programs\cursor\resources\app\bin;C:\Users\hp\AppData\Roaming\npm;C:\Users\hp\AppData\Local\Programs\Devin\bin
USERNAME=kibet
OS=Windows_NT
PROCESSOR_IDENTIFIER=Intel64 Family 6 Model 61 Stepping 4, GenuineIntel
TMP=C:\Users\hp\AppData\Local\Temp
TEMP=C:\Users\hp\AppData\Local\Temp




Periodic native trim disabled

---------------  S Y S T E M  ---------------

OS:
 Windows 11 , 64 bit Build 22000 (10.0.22000.2538)
OS uptime: 0 days 4:45 hours

CPU: total 4 (initial active 4) (2 cores per cpu, 2 threads per core) family 6 model 61 stepping 4 microcode 0x2f, cx8, cmov, fxsr, ht, mmx, 3dnowpref, sse, sse2, sse3, ssse3, sse4.1, sse4.2, popcnt, lzcnt, tsc, tscinvbit, avx, avx2, aes, erms, clmul, bmi1, bmi2, rtm, adx, fma, vzeroupper, clflush, rdtscp, f16c
Processor Information for the first 4 processors :
  Max Mhz: 2301, Current Mhz: 2301, Mhz Limit: 2301

Memory: 4k page, system-wide physical 3971M (99M free)
TotalPageFile size 16259M (AvailPageFile size 0M)
current process WorkingSet (physical memory assigned to process): 64M, peak: 85M
current process commit charge ("private bytes"): 222M, peak: 226M

vm_info: OpenJDK 64-Bit Server VM (21.0.11+10-LTS) for windows-amd64 JRE (21.0.11+10-LTS), built on 2026-04-21T00:00:00Z by "admin" with MS VC++ 17.12 (VS2022)

END.
